Archive member included to satisfy reference by file (symbol)

/home/pi/ada/STM32/F/F103/try_f103/Ada_Drivers_Library/boards/lib/stm32f103bluepill/ravenscar-ssfp/Debug/libstm32f103bluepill.a(stm32-board.o)
                              try_f103.o (stm32__board__initialize_board)
/home/pi/ada/STM32/F/F103/try_f103/Ada_Drivers_Library/arch/ARM/STM32/lib/stm32f103bluepill/ravenscar-ssfp/Debug/libstm32f103.a(stm32-adc.o)
                              b__try_f103.o (stm32__adc___elabs)
/home/pi/ada/STM32/F/F103/try_f103/Ada_Drivers_Library/arch/ARM/STM32/lib/stm32f103bluepill/ravenscar-ssfp/Debug/libstm32f103.a(stm32-dac.o)
                              b__try_f103.o (stm32__dac_E)
/home/pi/ada/STM32/F/F103/try_f103/Ada_Drivers_Library/arch/ARM/STM32/lib/stm32f103bluepill/ravenscar-ssfp/Debug/libstm32f103.a(stm32-device.o)
                              /home/pi/ada/STM32/F/F103/try_f103/Ada_Drivers_Library/boards/lib/stm32f103bluepill/ravenscar-ssfp/Debug/libstm32f103bluepill.a(stm32-board.o) (stm32__device__enable_clock__2)
/home/pi/ada/STM32/F/F103/try_f103/Ada_Drivers_Library/arch/ARM/STM32/lib/stm32f103bluepill/ravenscar-ssfp/Debug/libstm32f103.a(stm32-exti.o)
                              b__try_f103.o (stm32__exti_E)
/home/pi/ada/STM32/F/F103/try_f103/Ada_Drivers_Library/arch/ARM/STM32/lib/stm32f103bluepill/ravenscar-ssfp/Debug/libstm32f103.a(stm32-gpio.o)
                              /home/pi/ada/STM32/F/F103/try_f103/Ada_Drivers_Library/arch/ARM/STM32/lib/stm32f103bluepill/ravenscar-ssfp/Debug/libstm32f103.a(stm32-device.o) (stm32__gpio__gpio_pointT)
/home/pi/ada/STM32/F/F103/try_f103/Ada_Drivers_Library/arch/ARM/STM32/lib/stm32f103bluepill/ravenscar-ssfp/Debug/libstm32f103.a(stm32-i2c.o)
                              /home/pi/ada/STM32/F/F103/try_f103/Ada_Drivers_Library/arch/ARM/STM32/lib/stm32f103bluepill/ravenscar-ssfp/Debug/libstm32f103.a(stm32-device.o) (stm32__i2c__i2c_portIP)
/home/pi/ada/STM32/F/F103/try_f103/Ada_Drivers_Library/arch/ARM/STM32/lib/stm32f103bluepill/ravenscar-ssfp/Debug/libstm32f103.a(stm32-i2s.o)
                              /home/pi/ada/STM32/F/F103/try_f103/Ada_Drivers_Library/arch/ARM/STM32/lib/stm32f103bluepill/ravenscar-ssfp/Debug/libstm32f103.a(stm32-device.o) (stm32__i2s__i2s_portIP)
/home/pi/ada/STM32/F/F103/try_f103/Ada_Drivers_Library/arch/ARM/STM32/lib/stm32f103bluepill/ravenscar-ssfp/Debug/libstm32f103.a(stm32-spi.o)
                              /home/pi/ada/STM32/F/F103/try_f103/Ada_Drivers_Library/arch/ARM/STM32/lib/stm32f103bluepill/ravenscar-ssfp/Debug/libstm32f103.a(stm32-device.o) (stm32__spi__spi_portIP)
/home/pi/ada/STM32/F/F103/try_f103/Ada_Drivers_Library/arch/ARM/STM32/lib/stm32f103bluepill/ravenscar-ssfp/Debug/libstm32f103.a(stm32-usarts.o)
                              /home/pi/ada/STM32/F/F103/try_f103/Ada_Drivers_Library/arch/ARM/STM32/lib/stm32f103bluepill/ravenscar-ssfp/Debug/libstm32f103.a(stm32-device.o) (stm32__usarts__usartIP)
/home/pi/ada/STM32/F/F103/try_f103/Ada_Drivers_Library/arch/ARM/STM32/lib/stm32f103bluepill/ravenscar-ssfp/Debug/libstm32f103.a(stm32_svd-adc.o)
                              /home/pi/ada/STM32/F/F103/try_f103/Ada_Drivers_Library/arch/ARM/STM32/lib/stm32f103bluepill/ravenscar-ssfp/Debug/libstm32f103.a(stm32-adc.o) (stm32_svd__adc__smpr1_registerEQ)
/home/pi/ada/STM32/F/F103/try_f103/Ada_Drivers_Library/arch/ARM/STM32/lib/stm32f103bluepill/ravenscar-ssfp/Debug/libstm32f103.a(stm32_svd-dac.o)
                              /home/pi/ada/STM32/F/F103/try_f103/Ada_Drivers_Library/arch/ARM/STM32/lib/stm32f103bluepill/ravenscar-ssfp/Debug/libstm32f103.a(stm32-dac.o) (stm32_svd__dac__swtrigr_registerEQ)
/home/pi/ada/STM32/F/F103/try_f103/Ada_Drivers_Library/arch/ARM/STM32/lib/stm32f103bluepill/ravenscar-ssfp/Debug/libstm32f103.a(stm32_svd-i2c.o)
                              /home/pi/ada/STM32/F/F103/try_f103/Ada_Drivers_Library/arch/ARM/STM32/lib/stm32f103bluepill/ravenscar-ssfp/Debug/libstm32f103.a(stm32-i2c.o) (stm32_svd__i2c__cr1_registerIP)
/home/pi/ada/STM32/F/F103/try_f103/Ada_Drivers_Library/arch/ARM/STM32/lib/stm32f103bluepill/ravenscar-ssfp/Debug/libstm32f103.a(stm32_svd-spi.o)
                              /home/pi/ada/STM32/F/F103/try_f103/Ada_Drivers_Library/arch/ARM/STM32/lib/stm32f103bluepill/ravenscar-ssfp/Debug/libstm32f103.a(stm32-spi.o) (stm32_svd__spi__sr_registerIP)
/home/pi/ada/Ada_Drivers_Library/hal/lib/stm32f103bluepill/ravenscar-ssfp/Debug/libHAL.a(hal-audio.o)
                              /home/pi/ada/STM32/F/F103/try_f103/Ada_Drivers_Library/arch/ARM/STM32/lib/stm32f103bluepill/ravenscar-ssfp/Debug/libstm32f103.a(stm32-i2s.o) (hal__audio__audio_streamT)
/home/pi/ada/Ada_Drivers_Library/hal/lib/stm32f103bluepill/ravenscar-ssfp/Debug/libHAL.a(hal-gpio.o)
                              /home/pi/ada/STM32/F/F103/try_f103/Ada_Drivers_Library/arch/ARM/STM32/lib/stm32f103bluepill/ravenscar-ssfp/Debug/libstm32f103.a(stm32-gpio.o) (hal__gpio__gpio_pointT)
[...]
Memory Configuration

Name             Origin             Length             Attributes
flash            0x08000000         0x00020000         xr
sram             0x20000000         0x00005000         xrw
*default*        0x00000000         0xffffffff

Linker script and memory map

LOAD try_f103.o
LOAD b__try_f103.o
LOAD /home/pi/ada/STM32/F/F103/try_f103/Ada_Drivers_Library/boards/lib/stm32f103bluepill/ravenscar-ssfp/Debug/libstm32f103bluepill.a
LOAD /home/pi/ada/STM32/F/F103/try_f103/Ada_Drivers_Library/components/lib/stm32f103bluepill/ravenscar-ssfp/Debug/libcomponents.a
LOAD /home/pi/ada/STM32/F/F103/try_f103/Ada_Drivers_Library/middleware/lib/stm32f103bluepill/ravenscar-ssfp/Debug/libservices.a
LOAD /home/pi/ada/STM32/F/F103/try_f103/Ada_Drivers_Library/arch/ARM/STM32/lib/stm32f103bluepill/ravenscar-ssfp/Debug/libstm32f103.a
LOAD /home/pi/ada/STM32/F/F103/try_f103/Ada_Drivers_Library/arch/ARM/cortex_m/lib/cortex-m3/stm32f103bluepill/ravenscar-ssfp/Debug/libcortex-m3.a
LOAD /home/pi/ada/Ada_Drivers_Library/hal/lib/stm32f103bluepill/ravenscar-ssfp/Debug/libHAL.a
LOAD /home/pi/ada/STM32/F/F103/try_f103/Ada_Drivers_Library/embedded-runtimes/ravenscar-stm32f103bluepill/ssfp/adalib/libgnarl.a
LOAD /home/pi/ada/STM32/F/F103/try_f103/Ada_Drivers_Library/embedded-runtimes/ravenscar-stm32f103bluepill/ssfp/adalib/libgnat.a
                0x00001000                        __stack_size = 0x1000
LOAD /home/pi/ada/Ada_Drivers_Library/embedded-runtimes/ravenscar-stm32f103bluepill/ssfp/adalib/libgnarl.a
LOAD /home/pi/ada/Ada_Drivers_Library/embedded-runtimes/ravenscar-stm32f103bluepill/ssfp/adalib/libgnat.a
START GROUP
LOAD /home/pi/gcc/misc/arm/gcc-14.1.0-aarch64/lib/gcc/arm-eabi/14.1.0/thumb/v7-m/nofp/libgcc.a
END GROUP
                0x00000000                        __DYNAMIC = 0x0
                0x00000800                        _DEFAULT_STACK_SIZE = 0x800

.text           0x08000000     0xedac
 *(.vectors)
 .vectors       0x08000000       0x20 /home/pi/ada/STM32/F/F103/try_f103/Ada_Drivers_Library/embedded-runtimes/ravenscar-stm32f103bluepill/ssfp/adalib/libgnat.a(start-rom.o)
                0x0800001c                local_id
 *(.text .text.* .gnu.linkonce.t*)
 .text.try_f103__my_delay.0
                0x08000020       0x3c try_f103.o
 .text._ada_try_f103
                0x0800005c       0x34 try_f103.o
                0x0800005c                _ada_try_f103
 .text.ada_main__Tsec_default_sized_stacksBIP
                0x08000090       0xac b__try_f103.o
                0x08000090                ada_main__Tsec_default_sized_stacksBIP
 .text.adainit  0x0800013c      0x108 b__try_f103.o
                0x0800013c                adainit
 .text.main     0x08000244       0x20 b__try_f103.o
                0x08000244                main
 .text.ada_main___elabb
                0x08000264       0x1c b__try_f103.o
                0x08000264                ada_main___elabb
 .text.stm32__board__initialize_leds
                0x08000280       0x30 /home/pi/ada/STM32/F/F103/try_f103/Ada_Drivers_Library/boards/lib/stm32f103bluepill/ravenscar-ssfp/Debug/libstm32f103bluepill.a(stm32-board.o)
                0x08000280                stm32__board__initialize_leds
 .text.stm32__board__initialize_board
                0x080002b0       0x10 /home/pi/ada/STM32/F/F103/try_f103/Ada_Drivers_Library/boards/lib/stm32f103bluepill/ravenscar-ssfp/Debug/libstm32f103bluepill.a(stm32-board.o)
                0x080002b0                stm32__board__initialize_board
 .text.stm32__adc___elabs
                0x080002c0       0x30 /home/pi/ada/STM32/F/F103/try_f103/Ada_Drivers_Library/arch/ARM/STM32/lib/stm32f103bluepill/ravenscar-ssfp/Debug/libstm32f103.a(stm32-adc.o)
                0x080002c0                stm32__adc___elabs
 .text.stm32__device__enable_clock
                0x080002f0      0x3c0 /home/pi/ada/STM32/F/F103/try_f103/Ada_Drivers_Library/arch/ARM/STM32/lib/stm32f103bluepill/ravenscar-ssfp/Debug/libstm32f103.a(stm32-device.o)
                0x080002f0                stm32__device__enable_clock
 .text.stm32__device__enable_clock__2
                0x080006b0       0x30 /home/pi/ada/STM32/F/F103/try_f103/Ada_Drivers_Library/arch/ARM/STM32/lib/stm32f103bluepill/ravenscar-ssfp/Debug/libstm32f103.a(stm32-device.o)
                0x080006b0                stm32__device__enable_clock__2
 .text.stm32__device__system_clock_frequencies
                0x080006e0      0x224 /home/pi/ada/STM32/F/F103/try_f103/Ada_Drivers_Library/arch/ARM/STM32/lib/stm32f103bluepill/ravenscar-ssfp/Debug/libstm32f103.a(stm32-device.o)
                0x080006e0                stm32__device__system_clock_frequencies
 .text.stm32__device___elabs
                0x08000904      0xb58 /home/pi/ada/STM32/F/F103/try_f103/Ada_Drivers_Library/arch/ARM/STM32/lib/stm32f103bluepill/ravenscar-ssfp/Debug/libstm32f103.a(stm32-device.o)
                0x08000904                stm32__device___elabs
 .text.stm32__exti__enable_external_interrupt
                0x0800145c      0x140 /home/pi/ada/STM32/F/F103/try_f103/Ada_Drivers_Library/arch/ARM/STM32/lib/stm32f103bluepill/ravenscar-ssfp/Debug/libstm32f103.a(stm32-exti.o)
                0x0800145c                stm32__exti__enable_external_interrupt
 .text.stm32__exti__enable_external_event
                0x0800159c      0x144 /home/pi/ada/STM32/F/F103/try_f103/Ada_Drivers_Library/arch/ARM/STM32/lib/stm32f103bluepill/ravenscar-ssfp/Debug/libstm32f103.a(stm32-exti.o)
                0x0800159c                stm32__exti__enable_external_event
 .text.stm32__gpio__gpio_pinRP
                0x080016e0      0x174 /home/pi/ada/STM32/F/F103/try_f103/Ada_Drivers_Library/arch/ARM/STM32/lib/stm32f103bluepill/ravenscar-ssfp/Debug/libstm32f103.a(stm32-gpio.o)
                0x080016e0                stm32__gpio__gpio_pinRP
 .text.stm32__gpio___size__2
                0x08001854       0x1c /home/pi/ada/STM32/F/F103/try_f103/Ada_Drivers_Library/arch/ARM/STM32/lib/stm32f103bluepill/ravenscar-ssfp/Debug/libstm32f103.a(stm32-gpio.o)
                0x08001854                stm32__gpio___size__2
 .text.stm32__gpio__Oeq
                0x08001870       0x34 /home/pi/ada/STM32/F/F103/try_f103/Ada_Drivers_Library/arch/ARM/STM32/lib/stm32f103bluepill/ravenscar-ssfp/Debug/libstm32f103.a(stm32-gpio.o)
                0x08001870                stm32__gpio__Oeq
 .text.stm32__gpio___assign
                0x080018a4       0x24 /home/pi/ada/STM32/F/F103/try_f103/Ada_Drivers_Library/arch/ARM/STM32/lib/stm32f103bluepill/ravenscar-ssfp/Debug/libstm32f103.a(stm32-gpio.o)
                0x080018a4                stm32__gpio___assign
 .text.stm32__gpio__mode
                0x080018c8       0xc8 /home/pi/ada/STM32/F/F103/try_f103/Ada_Drivers_Library/arch/ARM/STM32/lib/stm32f103bluepill/ravenscar-ssfp/Debug/libstm32f103.a(stm32-gpio.o)
                0x080018c8                stm32__gpio__mode
 .text.stm32__gpio__set_mode
                0x08001990      0x128 /home/pi/ada/STM32/F/F103/try_f103/Ada_Drivers_Library/arch/ARM/STM32/lib/stm32f103bluepill/ravenscar-ssfp/Debug/libstm32f103.a(stm32-gpio.o)
                0x08001990                stm32__gpio__set_mode
 .text.stm32__gpio__pull_resistor
                0x08001ab8       0x38 /home/pi/ada/STM32/F/F103/try_f103/Ada_Drivers_Library/arch/ARM/STM32/lib/stm32f103bluepill/ravenscar-ssfp/Debug/libstm32f103.a(stm32-gpio.o)
                0x08001ab8                stm32__gpio__pull_resistor
 .text.stm32__gpio__set_pull_resistor
                0x08001af0       0x3c /home/pi/ada/STM32/F/F103/try_f103/Ada_Drivers_Library/arch/ARM/STM32/lib/stm32f103bluepill/ravenscar-ssfp/Debug/libstm32f103.a(stm32-gpio.o)
                0x08001af0                stm32__gpio__set_pull_resistor
 .text.stm32__gpio__set
                0x08001b2c       0x48 /home/pi/ada/STM32/F/F103/try_f103/Ada_Drivers_Library/arch/ARM/STM32/lib/stm32f103bluepill/ravenscar-ssfp/Debug/libstm32f103.a(stm32-gpio.o)
                0x08001b2c                stm32__gpio__set
 .text.stm32__gpio__set__2
                0x08001b74       0x3c /home/pi/ada/STM32/F/F103/try_f103/Ada_Drivers_Library/arch/ARM/STM32/lib/stm32f103bluepill/ravenscar-ssfp/Debug/libstm32f103.a(stm32-gpio.o)
                0x08001b74                stm32__gpio__set__2
 .text.stm32__gpio__clear
                0x08001bb0       0x3c /home/pi/ada/STM32/F/F103/try_f103/Ada_Drivers_Library/arch/ARM/STM32/lib/stm32f103bluepill/ravenscar-ssfp/Debug/libstm32f103.a(stm32-gpio.o)
                0x08001bb0                stm32__gpio__clear
 .text.stm32__gpio__toggle
                0x08001bec       0x60 /home/pi/ada/STM32/F/F103/try_f103/Ada_Drivers_Library/arch/ARM/STM32/lib/stm32f103bluepill/ravenscar-ssfp/Debug/libstm32f103.a(stm32-gpio.o)
                0x08001bec                stm32__gpio__toggle
 .text.stm32__gpio__locked
                0x08001c4c       0x1c /home/pi/ada/STM32/F/F103/try_f103/Ada_Drivers_Library/arch/ARM/STM32/lib/stm32f103bluepill/ravenscar-ssfp/Debug/libstm32f103.a(stm32-gpio.o)
                0x08001c4c                stm32__gpio__locked
 .text.stm32__gpio__lock_the_pin
                0x08001c68       0x34 /home/pi/ada/STM32/F/F103/try_f103/Ada_Drivers_Library/arch/ARM/STM32/lib/stm32f103bluepill/ravenscar-ssfp/Debug/libstm32f103.a(stm32-gpio.o)
 .text.stm32__gpio__lock___wrapped_statements.0
                0x08001c9c       0x3c /home/pi/ada/STM32/F/F103/try_f103/Ada_Drivers_Library/arch/ARM/STM32/lib/stm32f103bluepill/ravenscar-ssfp/Debug/libstm32f103.a(stm32-gpio.o)
 .text.stm32__gpio__lock
                0x08001cd8       0x74 /home/pi/ada/STM32/F/F103/try_f103/Ada_Drivers_Library/arch/ARM/STM32/lib/stm32f103bluepill/ravenscar-ssfp/Debug/libstm32f103.a(stm32-gpio.o)
                0x08001cd8                stm32__gpio__lock
 .text.stm32__gpio__configure_io
                0x08001d4c      0x1e8 /home/pi/ada/STM32/F/F103/try_f103/Ada_Drivers_Library/arch/ARM/STM32/lib/stm32f103bluepill/ravenscar-ssfp/Debug/libstm32f103.a(stm32-gpio.o)
                0x08001d4c                stm32__gpio__configure_io
 .text.stm32__gpio__configure_alternate_function
                0x08001f34       0x3c /home/pi/ada/STM32/F/F103/try_f103/Ada_Drivers_Library/arch/ARM/STM32/lib/stm32f103bluepill/ravenscar-ssfp/Debug/libstm32f103.a(stm32-gpio.o)
                0x08001f34                stm32__gpio__configure_alternate_function
 .text.stm32__gpio__configure_af_swd
                0x08001f70       0x24 /home/pi/ada/STM32/F/F103/try_f103/Ada_Drivers_Library/arch/ARM/STM32/lib/stm32f103bluepill/ravenscar-ssfp/Debug/libstm32f103.a(stm32-gpio.o)
                0x08001f70                stm32__gpio__configure_af_swd
 .text.stm32__gpio__interrupt_line_number
                0x08001f94       0x38 /home/pi/ada/STM32/F/F103/try_f103/Ada_Drivers_Library/arch/ARM/STM32/lib/stm32f103bluepill/ravenscar-ssfp/Debug/libstm32f103.a(stm32-gpio.o)
                0x08001f94                stm32__gpio__interrupt_line_number
 .text.stm32__gpio__configure_trigger
                0x08001fcc       0x6c /home/pi/ada/STM32/F/F103/try_f103/Ada_Drivers_Library/arch/ARM/STM32/lib/stm32f103bluepill/ravenscar-ssfp/Debug/libstm32f103.a(stm32-gpio.o)
                0x08001fcc                stm32__gpio__configure_trigger
 .text.stm32__i2c__i2c_configurationIP
                0x08002038       0x28 /home/pi/ada/STM32/F/F103/try_f103/Ada_Drivers_Library/arch/ARM/STM32/lib/stm32f103bluepill/ravenscar-ssfp/Debug/libstm32f103.a(stm32-i2c.o)
                0x08002038                stm32__i2c__i2c_configurationIP
 .text.stm32__i2c__i2c_portIP
                0x08002060       0x40 /home/pi/ada/STM32/F/F103/try_f103/Ada_Drivers_Library/arch/ARM/STM32/lib/stm32f103bluepill/ravenscar-ssfp/Debug/libstm32f103.a(stm32-i2c.o)
                0x08002060                stm32__i2c__i2c_portIP
 .text.stm32__i2c___size__2
                0x080020a0       0x1c /home/pi/ada/STM32/F/F103/try_f103/Ada_Drivers_Library/arch/ARM/STM32/lib/stm32f103bluepill/ravenscar-ssfp/Debug/libstm32f103.a(stm32-i2c.o)
                0x080020a0                stm32__i2c___size__2
 .text.stm32__i2c__configure___wrapped_statements.0
                0x080020bc      0xa3c /home/pi/ada/STM32/F/F103/try_f103/Ada_Drivers_Library/arch/ARM/STM32/lib/stm32f103bluepill/ravenscar-ssfp/Debug/libstm32f103.a(stm32-i2c.o)
 .text.stm32__i2c__configure
                0x08002af8       0x54 /home/pi/ada/STM32/F/F103/try_f103/Ada_Drivers_Library/arch/ARM/STM32/lib/stm32f103bluepill/ravenscar-ssfp/Debug/libstm32f103.a(stm32-i2c.o)
                0x08002af8                stm32__i2c__configure
 .text.stm32__i2c__flag_status
                0x08002b4c      0x31c /home/pi/ada/STM32/F/F103/try_f103/Ada_Drivers_Library/arch/ARM/STM32/lib/stm32f103bluepill/ravenscar-ssfp/Debug/libstm32f103.a(stm32-i2c.o)
 .text.stm32__i2c__clear_address_sent_status
                0x08002e68       0x3c /home/pi/ada/STM32/F/F103/try_f103/Ada_Drivers_Library/arch/ARM/STM32/lib/stm32f103bluepill/ravenscar-ssfp/Debug/libstm32f103.a(stm32-i2c.o)
 .text.stm32__i2c__wait_flag
                0x08002ea4       0x6c /home/pi/ada/STM32/F/F103/try_f103/Ada_Drivers_Library/arch/ARM/STM32/lib/stm32f103bluepill/ravenscar-ssfp/Debug/libstm32f103.a(stm32-i2c.o)
 .text.stm32__i2c__wait_master_flag
                0x08002f10       0xac /home/pi/ada/STM32/F/F103/try_f103/Ada_Drivers_Library/arch/ARM/STM32/lib/stm32f103bluepill/ravenscar-ssfp/Debug/libstm32f103.a(stm32-i2c.o)
 .text.stm32__i2c__master_request_write
                0x08002fbc      0x10c /home/pi/ada/STM32/F/F103/try_f103/Ada_Drivers_Library/arch/ARM/STM32/lib/stm32f103bluepill/ravenscar-ssfp/Debug/libstm32f103.a(stm32-i2c.o)
 .text.stm32__i2c__master_request_read
                0x080030c8      0x18c /home/pi/ada/STM32/F/F103/try_f103/Ada_Drivers_Library/arch/ARM/STM32/lib/stm32f103bluepill/ravenscar-ssfp/Debug/libstm32f103.a(stm32-i2c.o)
 .text.stm32__i2c__mem_request_write
                0x08003254      0x17c /home/pi/ada/STM32/F/F103/try_f103/Ada_Drivers_Library/arch/ARM/STM32/lib/stm32f103bluepill/ravenscar-ssfp/Debug/libstm32f103.a(stm32-i2c.o)
 .text.stm32__i2c__mem_request_read
                0x080033d0      0x208 /home/pi/ada/STM32/F/F103/try_f103/Ada_Drivers_Library/arch/ARM/STM32/lib/stm32f103bluepill/ravenscar-ssfp/Debug/libstm32f103.a(stm32-i2c.o)
 .text.stm32__i2c__master_transmit
                0x080035d8      0x1e8 /home/pi/ada/STM32/F/F103/try_f103/Ada_Drivers_Library/arch/ARM/STM32/lib/stm32f103bluepill/ravenscar-ssfp/Debug/libstm32f103.a(stm32-i2c.o)
                0x080035d8                stm32__i2c__master_transmit
 .text.stm32__i2c__master_transmit__2
                0x080037c0      0x450 /home/pi/ada/STM32/F/F103/try_f103/Ada_Drivers_Library/arch/ARM/STM32/lib/stm32f103bluepill/ravenscar-ssfp/Debug/libstm32f103.a(stm32-i2c.o)
                0x080037c0                stm32__i2c__master_transmit__2
 .text.stm32__i2c__master_receive
                0x08003c10      0x6ac /home/pi/ada/STM32/F/F103/try_f103/Ada_Drivers_Library/arch/ARM/STM32/lib/stm32f103bluepill/ravenscar-ssfp/Debug/libstm32f103.a(stm32-i2c.o)
                0x08003c10                stm32__i2c__master_receive
 .text.stm32__i2c__mem_write
                0x080042bc      0x1f4 /home/pi/ada/STM32/F/F103/try_f103/Ada_Drivers_Library/arch/ARM/STM32/lib/stm32f103bluepill/ravenscar-ssfp/Debug/libstm32f103.a(stm32-i2c.o)
                0x080042bc                stm32__i2c__mem_write
 .text.stm32__i2c__mem_read
                0x080044b0      0x5f8 /home/pi/ada/STM32/F/F103/try_f103/Ada_Drivers_Library/arch/ARM/STM32/lib/stm32f103bluepill/ravenscar-ssfp/Debug/libstm32f103.a(stm32-i2c.o)
                0x080044b0                stm32__i2c__mem_read
 .text.stm32__i2c__set_state
                0x08004aa8       0x30 /home/pi/ada/STM32/F/F103/try_f103/Ada_Drivers_Library/arch/ARM/STM32/lib/stm32f103bluepill/ravenscar-ssfp/Debug/libstm32f103.a(stm32-i2c.o)
                0x08004aa8                stm32__i2c__set_state
 .text.stm32__i2c__port_enabled
                0x08004ad8       0x2c /home/pi/ada/STM32/F/F103/try_f103/Ada_Drivers_Library/arch/ARM/STM32/lib/stm32f103bluepill/ravenscar-ssfp/Debug/libstm32f103.a(stm32-i2c.o)
                0x08004ad8                stm32__i2c__port_enabled
 .text.stm32__i2c__enable_interrupt___wrapped_statements.1
                0x08004b04       0x78 /home/pi/ada/STM32/F/F103/try_f103/Ada_Drivers_Library/arch/ARM/STM32/lib/stm32f103bluepill/ravenscar-ssfp/Debug/libstm32f103.a(stm32-i2c.o)
 .text.stm32__i2c__enable_interrupt
                0x08004b7c       0x58 /home/pi/ada/STM32/F/F103/try_f103/Ada_Drivers_Library/arch/ARM/STM32/lib/stm32f103bluepill/ravenscar-ssfp/Debug/libstm32f103.a(stm32-i2c.o)
                0x08004b7c                stm32__i2c__enable_interrupt
 .text.stm32__i2c__disable_interrupt___wrapped_statements.2
                0x08004bd4       0x78 /home/pi/ada/STM32/F/F103/try_f103/Ada_Drivers_Library/arch/ARM/STM32/lib/stm32f103bluepill/ravenscar-ssfp/Debug/libstm32f103.a(stm32-i2c.o)
 .text.stm32__i2c__disable_interrupt
                0x08004c4c       0x54 /home/pi/ada/STM32/F/F103/try_f103/Ada_Drivers_Library/arch/ARM/STM32/lib/stm32f103bluepill/ravenscar-ssfp/Debug/libstm32f103.a(stm32-i2c.o)
                0x08004c4c                stm32__i2c__disable_interrupt
 .text.stm32__i2c__enabled
                0x08004ca0       0x90 /home/pi/ada/STM32/F/F103/try_f103/Ada_Drivers_Library/arch/ARM/STM32/lib/stm32f103bluepill/ravenscar-ssfp/Debug/libstm32f103.a(stm32-i2c.o)
                0x08004ca0                stm32__i2c__enabled
 .text.stm32__i2s__i2s_portIP
                0x08004d30       0x2c /home/pi/ada/STM32/F/F103/try_f103/Ada_Drivers_Library/arch/ARM/STM32/lib/stm32f103bluepill/ravenscar-ssfp/Debug/libstm32f103.a(stm32-i2s.o)
                0x08004d30                stm32__i2s__i2s_portIP
 .text.stm32__i2s___size__2
                0x08004d5c       0x1c /home/pi/ada/STM32/F/F103/try_f103/Ada_Drivers_Library/arch/ARM/STM32/lib/stm32f103bluepill/ravenscar-ssfp/Debug/libstm32f103.a(stm32-i2s.o)
                0x08004d5c                stm32__i2s___size__2
 .text.stm32__i2s__configure___wrapped_statements.0
                0x08004d78      0x1d0 /home/pi/ada/STM32/F/F103/try_f103/Ada_Drivers_Library/arch/ARM/STM32/lib/stm32f103bluepill/ravenscar-ssfp/Debug/libstm32f103.a(stm32-i2s.o)
 .text.stm32__i2s__configure
                0x08004f48       0x74 /home/pi/ada/STM32/F/F103/try_f103/Ada_Drivers_Library/arch/ARM/STM32/lib/stm32f103bluepill/ravenscar-ssfp/Debug/libstm32f103.a(stm32-i2s.o)
                0x08004f48                stm32__i2s__configure
 .text.stm32__i2s__in_i2s_mode
                0x08004fbc       0x30 /home/pi/ada/STM32/F/F103/try_f103/Ada_Drivers_Library/arch/ARM/STM32/lib/stm32f103bluepill/ravenscar-ssfp/Debug/libstm32f103.a(stm32-i2s.o)
                0x08004fbc                stm32__i2s__in_i2s_mode
 .text.stm32__i2s__enable___wrapped_statements.1
                0x08004fec      0x318 /home/pi/ada/STM32/F/F103/try_f103/Ada_Drivers_Library/arch/ARM/STM32/lib/stm32f103bluepill/ravenscar-ssfp/Debug/libstm32f103.a(stm32-i2s.o)
 .text.stm32__i2s__enable
                0x08005304       0x60 /home/pi/ada/STM32/F/F103/try_f103/Ada_Drivers_Library/arch/ARM/STM32/lib/stm32f103bluepill/ravenscar-ssfp/Debug/libstm32f103.a(stm32-i2s.o)
                0x08005304                stm32__i2s__enable
 .text.stm32__i2s__disable
                0x08005364       0x4c /home/pi/ada/STM32/F/F103/try_f103/Ada_Drivers_Library/arch/ARM/STM32/lib/stm32f103bluepill/ravenscar-ssfp/Debug/libstm32f103.a(stm32-i2s.o)
                0x08005364                stm32__i2s__disable
 .text.stm32__i2s__enabled
                0x080053b0       0x30 /home/pi/ada/STM32/F/F103/try_f103/Ada_Drivers_Library/arch/ARM/STM32/lib/stm32f103bluepill/ravenscar-ssfp/Debug/libstm32f103.a(stm32-i2s.o)
                0x080053b0                stm32__i2s__enabled
 .text.stm32__i2s__data_register_address
                0x080053e0       0x18 /home/pi/ada/STM32/F/F103/try_f103/Ada_Drivers_Library/arch/ARM/STM32/lib/stm32f103bluepill/ravenscar-ssfp/Debug/libstm32f103.a(stm32-i2s.o)
                0x080053e0                stm32__i2s__data_register_address
 .text.stm32__i2s__set_frequency
                0x080053f8      0x15c /home/pi/ada/STM32/F/F103/try_f103/Ada_Drivers_Library/arch/ARM/STM32/lib/stm32f103bluepill/ravenscar-ssfp/Debug/libstm32f103.a(stm32-i2s.o)
                0x080053f8                stm32__i2s__set_frequency
 .text.stm32__i2s__receive
                0x08005554      0x1bc /home/pi/ada/STM32/F/F103/try_f103/Ada_Drivers_Library/arch/ARM/STM32/lib/stm32f103bluepill/ravenscar-ssfp/Debug/libstm32f103.a(stm32-i2s.o)
                0x08005554                stm32__i2s__receive
 .text.stm32__i2s__transmit
                0x08005710      0x174 /home/pi/ada/STM32/F/F103/try_f103/Ada_Drivers_Library/arch/ARM/STM32/lib/stm32f103bluepill/ravenscar-ssfp/Debug/libstm32f103.a(stm32-i2s.o)
                0x08005710                stm32__i2s__transmit
 .text.stm32__spi__spi_portIP
                0x08005884       0x2c /home/pi/ada/STM32/F/F103/try_f103/Ada_Drivers_Library/arch/ARM/STM32/lib/stm32f103bluepill/ravenscar-ssfp/Debug/libstm32f103.a(stm32-spi.o)
                0x08005884                stm32__spi__spi_portIP
 .text.stm32__spi___size__2
                0x080058b0       0x1c /home/pi/ada/STM32/F/F103/try_f103/Ada_Drivers_Library/arch/ARM/STM32/lib/stm32f103bluepill/ravenscar-ssfp/Debug/libstm32f103.a(stm32-spi.o)
                0x080058b0                stm32__spi___size__2
 .text.stm32__spi__configure
                0x080058cc      0x27c /home/pi/ada/STM32/F/F103/try_f103/Ada_Drivers_Library/arch/ARM/STM32/lib/stm32f103bluepill/ravenscar-ssfp/Debug/libstm32f103.a(stm32-spi.o)
                0x080058cc                stm32__spi__configure
 .text.stm32__spi__enable
                0x08005b48       0x28 /home/pi/ada/STM32/F/F103/try_f103/Ada_Drivers_Library/arch/ARM/STM32/lib/stm32f103bluepill/ravenscar-ssfp/Debug/libstm32f103.a(stm32-spi.o)
                0x08005b48                stm32__spi__enable
 .text.stm32__spi__disable
                0x08005b70       0x24 /home/pi/ada/STM32/F/F103/try_f103/Ada_Drivers_Library/arch/ARM/STM32/lib/stm32f103bluepill/ravenscar-ssfp/Debug/libstm32f103.a(stm32-spi.o)
                0x08005b70                stm32__spi__disable
 .text.stm32__spi__enabled
                0x08005b94       0x2c /home/pi/ada/STM32/F/F103/try_f103/Ada_Drivers_Library/arch/ARM/STM32/lib/stm32f103bluepill/ravenscar-ssfp/Debug/libstm32f103.a(stm32-spi.o)
                0x08005b94                stm32__spi__enabled
 .text.stm32__spi__send
                0x08005bc0       0x2c /home/pi/ada/STM32/F/F103/try_f103/Ada_Drivers_Library/arch/ARM/STM32/lib/stm32f103bluepill/ravenscar-ssfp/Debug/libstm32f103.a(stm32-spi.o)
                0x08005bc0                stm32__spi__send
 .text.stm32__spi__data
                0x08005bec       0x20 /home/pi/ada/STM32/F/F103/try_f103/Ada_Drivers_Library/arch/ARM/STM32/lib/stm32f103bluepill/ravenscar-ssfp/Debug/libstm32f103.a(stm32-spi.o)
                0x08005bec                stm32__spi__data
 .text.stm32__spi__send__2
                0x08005c0c       0x20 /home/pi/ada/STM32/F/F103/try_f103/Ada_Drivers_Library/arch/ARM/STM32/lib/stm32f103bluepill/ravenscar-ssfp/Debug/libstm32f103.a(stm32-spi.o)
                0x08005c0c                stm32__spi__send__2
 .text.stm32__spi__data__2
                0x08005c2c       0x2c /home/pi/ada/STM32/F/F103/try_f103/Ada_Drivers_Library/arch/ARM/STM32/lib/stm32f103bluepill/ravenscar-ssfp/Debug/libstm32f103.a(stm32-spi.o)
                0x08005c2c                stm32__spi__data__2
 .text.stm32__spi__is_busy
                0x08005c58       0x40 /home/pi/ada/STM32/F/F103/try_f103/Ada_Drivers_Library/arch/ARM/STM32/lib/stm32f103bluepill/ravenscar-ssfp/Debug/libstm32f103.a(stm32-spi.o)
                0x08005c58                stm32__spi__is_busy
 .text.stm32__spi__tx_is_empty
                0x08005c98       0x30 /home/pi/ada/STM32/F/F103/try_f103/Ada_Drivers_Library/arch/ARM/STM32/lib/stm32f103bluepill/ravenscar-ssfp/Debug/libstm32f103.a(stm32-spi.o)
                0x08005c98                stm32__spi__tx_is_empty
 .text.stm32__spi__rx_is_empty
                0x08005cc8       0x30 /home/pi/ada/STM32/F/F103/try_f103/Ada_Drivers_Library/arch/ARM/STM32/lib/stm32f103bluepill/ravenscar-ssfp/Debug/libstm32f103.a(stm32-spi.o)
                0x08005cc8                stm32__spi__rx_is_empty
 .text.stm32__spi__busy
                0x08005cf8       0x30 /home/pi/ada/STM32/F/F103/try_f103/Ada_Drivers_Library/arch/ARM/STM32/lib/stm32f103bluepill/ravenscar-ssfp/Debug/libstm32f103.a(stm32-spi.o)
                0x08005cf8                stm32__spi__busy
 .text.stm32__spi__current_mode
                0x08005d28       0x54 /home/pi/ada/STM32/F/F103/try_f103/Ada_Drivers_Library/arch/ARM/STM32/lib/stm32f103bluepill/ravenscar-ssfp/Debug/libstm32f103.a(stm32-spi.o)
                0x08005d28                stm32__spi__current_mode
 .text.stm32__spi__current_data_direction
                0x08005d7c       0x58 /home/pi/ada/STM32/F/F103/try_f103/Ada_Drivers_Library/arch/ARM/STM32/lib/stm32f103bluepill/ravenscar-ssfp/Debug/libstm32f103.a(stm32-spi.o)
                0x08005d7c                stm32__spi__current_data_direction
 .text.stm32__spi__crc_enabled
                0x08005dd4       0x2c /home/pi/ada/STM32/F/F103/try_f103/Ada_Drivers_Library/arch/ARM/STM32/lib/stm32f103bluepill/ravenscar-ssfp/Debug/libstm32f103.a(stm32-spi.o)
                0x08005dd4                stm32__spi__crc_enabled
 .text.stm32__spi__channel_side_indicated
                0x08005e00       0x30 /home/pi/ada/STM32/F/F103/try_f103/Ada_Drivers_Library/arch/ARM/STM32/lib/stm32f103bluepill/ravenscar-ssfp/Debug/libstm32f103.a(stm32-spi.o)
                0x08005e00                stm32__spi__channel_side_indicated
 .text.stm32__spi__underrun_indicated
                0x08005e30       0x30 /home/pi/ada/STM32/F/F103/try_f103/Ada_Drivers_Library/arch/ARM/STM32/lib/stm32f103bluepill/ravenscar-ssfp/Debug/libstm32f103.a(stm32-spi.o)
                0x08005e30                stm32__spi__underrun_indicated
 .text.stm32__spi__crc_error_indicated
                0x08005e60       0x30 /home/pi/ada/STM32/F/F103/try_f103/Ada_Drivers_Library/arch/ARM/STM32/lib/stm32f103bluepill/ravenscar-ssfp/Debug/libstm32f103.a(stm32-spi.o)
                0x08005e60                stm32__spi__crc_error_indicated
 .text.stm32__spi__mode_fault_indicated
                0x08005e90       0x30 /home/pi/ada/STM32/F/F103/try_f103/Ada_Drivers_Library/arch/ARM/STM32/lib/stm32f103bluepill/ravenscar-ssfp/Debug/libstm32f103.a(stm32-spi.o)
                0x08005e90                stm32__spi__mode_fault_indicated
 .text.stm32__spi__overrun_indicated
                0x08005ec0       0x30 /home/pi/ada/STM32/F/F103/try_f103/Ada_Drivers_Library/arch/ARM/STM32/lib/stm32f103bluepill/ravenscar-ssfp/Debug/libstm32f103.a(stm32-spi.o)
                0x08005ec0                stm32__spi__overrun_indicated
 .text.stm32__spi__frame_fmt_error_indicated
                0x08005ef0       0x14 /home/pi/ada/STM32/F/F103/try_f103/Ada_Drivers_Library/arch/ARM/STM32/lib/stm32f103bluepill/ravenscar-ssfp/Debug/libstm32f103.a(stm32-spi.o)
                0x08005ef0                stm32__spi__frame_fmt_error_indicated
 .text.stm32__spi__clear_overrun
                0x08005f04       0x38 /home/pi/ada/STM32/F/F103/try_f103/Ada_Drivers_Library/arch/ARM/STM32/lib/stm32f103bluepill/ravenscar-ssfp/Debug/libstm32f103.a(stm32-spi.o)
                0x08005f04                stm32__spi__clear_overrun
 .text.stm32__spi__reset_crc
                0x08005f3c       0x38 /home/pi/ada/STM32/F/F103/try_f103/Ada_Drivers_Library/arch/ARM/STM32/lib/stm32f103bluepill/ravenscar-ssfp/Debug/libstm32f103.a(stm32-spi.o)
                0x08005f3c                stm32__spi__reset_crc
 .text.stm32__spi__is_data_frame_16bit
                0x08005f74       0x2c /home/pi/ada/STM32/F/F103/try_f103/Ada_Drivers_Library/arch/ARM/STM32/lib/stm32f103bluepill/ravenscar-ssfp/Debug/libstm32f103.a(stm32-spi.o)
                0x08005f74                stm32__spi__is_data_frame_16bit
 .text.stm32__spi__data_size
                0x08005fa0       0x2c /home/pi/ada/STM32/F/F103/try_f103/Ada_Drivers_Library/arch/ARM/STM32/lib/stm32f103bluepill/ravenscar-ssfp/Debug/libstm32f103.a(stm32-spi.o)
                0x08005fa0                stm32__spi__data_size
 .text.stm32__spi__transmit
                0x08005fcc       0xe4 /home/pi/ada/STM32/F/F103/try_f103/Ada_Drivers_Library/arch/ARM/STM32/lib/stm32f103bluepill/ravenscar-ssfp/Debug/libstm32f103.a(stm32-spi.o)
                0x08005fcc                stm32__spi__transmit
 .text.stm32__spi__transmit__2
                0x080060b0       0xe8 /home/pi/ada/STM32/F/F103/try_f103/Ada_Drivers_Library/arch/ARM/STM32/lib/stm32f103bluepill/ravenscar-ssfp/Debug/libstm32f103.a(stm32-spi.o)
                0x080060b0                stm32__spi__transmit__2
 .text.stm32__spi__transmit__3
                0x08006198       0xb4 /home/pi/ada/STM32/F/F103/try_f103/Ada_Drivers_Library/arch/ARM/STM32/lib/stm32f103bluepill/ravenscar-ssfp/Debug/libstm32f103.a(stm32-spi.o)
                0x08006198                stm32__spi__transmit__3
 .text.stm32__spi__receive
                0x0800624c       0xd0 /home/pi/ada/STM32/F/F103/try_f103/Ada_Drivers_Library/arch/ARM/STM32/lib/stm32f103bluepill/ravenscar-ssfp/Debug/libstm32f103.a(stm32-spi.o)
                0x0800624c                stm32__spi__receive
 .text.stm32__spi__receive__2
                0x0800631c       0xd0 /home/pi/ada/STM32/F/F103/try_f103/Ada_Drivers_Library/arch/ARM/STM32/lib/stm32f103bluepill/ravenscar-ssfp/Debug/libstm32f103.a(stm32-spi.o)
                0x0800631c                stm32__spi__receive__2
 .text.stm32__spi__receive__3
                0x080063ec       0xf0 /home/pi/ada/STM32/F/F103/try_f103/Ada_Drivers_Library/arch/ARM/STM32/lib/stm32f103bluepill/ravenscar-ssfp/Debug/libstm32f103.a(stm32-spi.o)
                0x080063ec                stm32__spi__receive__3
 .text.stm32__spi__transmit_receive__2
                0x080064dc      0x31c /home/pi/ada/STM32/F/F103/try_f103/Ada_Drivers_Library/arch/ARM/STM32/lib/stm32f103bluepill/ravenscar-ssfp/Debug/libstm32f103.a(stm32-spi.o)
                0x080064dc                stm32__spi__transmit_receive__2
 .text.stm32__spi__transmit_receive__3
                0x080067f8      0x130 /home/pi/ada/STM32/F/F103/try_f103/Ada_Drivers_Library/arch/ARM/STM32/lib/stm32f103bluepill/ravenscar-ssfp/Debug/libstm32f103.a(stm32-spi.o)
                0x080067f8                stm32__spi__transmit_receive__3
 .text.stm32__spi__send_receive_16bit_mode
                0x08006928      0x568 /home/pi/ada/STM32/F/F103/try_f103/Ada_Drivers_Library/arch/ARM/STM32/lib/stm32f103bluepill/ravenscar-ssfp/Debug/libstm32f103.a(stm32-spi.o)
                0x08006928                stm32__spi__send_receive_16bit_mode
 .text.stm32__spi__send_receive_8bit_mode
                0x08006e90      0x520 /home/pi/ada/STM32/F/F103/try_f103/Ada_Drivers_Library/arch/ARM/STM32/lib/stm32f103bluepill/ravenscar-ssfp/Debug/libstm32f103.a(stm32-spi.o)
                0x08006e90                stm32__spi__send_receive_8bit_mode
 .text.stm32__spi__send_16bit_mode
                0x080073b0      0x208 /home/pi/ada/STM32/F/F103/try_f103/Ada_Drivers_Library/arch/ARM/STM32/lib/stm32f103bluepill/ravenscar-ssfp/Debug/libstm32f103.a(stm32-spi.o)
                0x080073b0                stm32__spi__send_16bit_mode
 .text.stm32__spi__send_8bit_mode
                0x080075b8      0x1cc /home/pi/ada/STM32/F/F103/try_f103/Ada_Drivers_Library/arch/ARM/STM32/lib/stm32f103bluepill/ravenscar-ssfp/Debug/libstm32f103.a(stm32-spi.o)
                0x080075b8                stm32__spi__send_8bit_mode
 .text.stm32__spi__receive_16bit_mode
                0x08007784       0xdc /home/pi/ada/STM32/F/F103/try_f103/Ada_Drivers_Library/arch/ARM/STM32/lib/stm32f103bluepill/ravenscar-ssfp/Debug/libstm32f103.a(stm32-spi.o)
                0x08007784                stm32__spi__receive_16bit_mode
 .text.stm32__spi__receive_8bit_mode
                0x08007860       0xec /home/pi/ada/STM32/F/F103/try_f103/Ada_Drivers_Library/arch/ARM/STM32/lib/stm32f103bluepill/ravenscar-ssfp/Debug/libstm32f103.a(stm32-spi.o)
                0x08007860                stm32__spi__receive_8bit_mode
 .text.stm32__spi__transmit_receive
                0x0800794c      0x1a0 /home/pi/ada/STM32/F/F103/try_f103/Ada_Drivers_Library/arch/ARM/STM32/lib/stm32f103bluepill/ravenscar-ssfp/Debug/libstm32f103.a(stm32-spi.o)
                0x0800794c                stm32__spi__transmit_receive
 .text.stm32__usarts__usartIP
                0x08007aec       0x2c /home/pi/ada/STM32/F/F103/try_f103/Ada_Drivers_Library/arch/ARM/STM32/lib/stm32f103bluepill/ravenscar-ssfp/Debug/libstm32f103.a(stm32-usarts.o)
                0x08007aec                stm32__usarts__usartIP
 .text.stm32__usarts___size__2
                0x08007b18       0x1c /home/pi/ada/STM32/F/F103/try_f103/Ada_Drivers_Library/arch/ARM/STM32/lib/stm32f103bluepill/ravenscar-ssfp/Debug/libstm32f103.a(stm32-usarts.o)
                0x08007b18                stm32__usarts___size__2
 .text.stm32__usarts__apb_clock
                0x08007b34       0x30 /home/pi/ada/STM32/F/F103/try_f103/Ada_Drivers_Library/arch/ARM/STM32/lib/stm32f103bluepill/ravenscar-ssfp/Debug/libstm32f103.a(stm32-usarts.o)
                0x08007b34                stm32__usarts__apb_clock
 .text.stm32__usarts__enable___wrapped_statements.0
                0x08007b64       0x2c /home/pi/ada/STM32/F/F103/try_f103/Ada_Drivers_Library/arch/ARM/STM32/lib/stm32f103bluepill/ravenscar-ssfp/Debug/libstm32f103.a(stm32-usarts.o)
 .text.stm32__usarts__enable
                0x08007b90       0x4c /home/pi/ada/STM32/F/F103/try_f103/Ada_Drivers_Library/arch/ARM/STM32/lib/stm32f103bluepill/ravenscar-ssfp/Debug/libstm32f103.a(stm32-usarts.o)
                0x08007b90                stm32__usarts__enable
 .text.stm32__usarts__disable___wrapped_statements.1
                0x08007bdc       0x2c /home/pi/ada/STM32/F/F103/try_f103/Ada_Drivers_Library/arch/ARM/STM32/lib/stm32f103bluepill/ravenscar-ssfp/Debug/libstm32f103.a(stm32-usarts.o)
 .text.stm32__usarts__disable
                0x08007c08       0x48 /home/pi/ada/STM32/F/F103/try_f103/Ada_Drivers_Library/arch/ARM/STM32/lib/stm32f103bluepill/ravenscar-ssfp/Debug/libstm32f103.a(stm32-usarts.o)
                0x08007c08                stm32__usarts__disable
 .text.stm32__usarts__enabled
                0x08007c50       0x30 /home/pi/ada/STM32/F/F103/try_f103/Ada_Drivers_Library/arch/ARM/STM32/lib/stm32f103bluepill/ravenscar-ssfp/Debug/libstm32f103.a(stm32-usarts.o)
                0x08007c50                stm32__usarts__enabled
 .text.stm32__usarts__set_stop_bits
                0x08007c80       0x40 /home/pi/ada/STM32/F/F103/try_f103/Ada_Drivers_Library/arch/ARM/STM32/lib/stm32f103bluepill/ravenscar-ssfp/Debug/libstm32f103.a(stm32-usarts.o)
                0x08007c80                stm32__usarts__set_stop_bits
 .text.stm32__usarts__set_word_length
                0x08007cc0       0x3c /home/pi/ada/STM32/F/F103/try_f103/Ada_Drivers_Library/arch/ARM/STM32/lib/stm32f103bluepill/ravenscar-ssfp/Debug/libstm32f103.a(stm32-usarts.o)
                0x08007cc0                stm32__usarts__set_word_length
 .text.stm32__usarts__set_parity
                0x08007cfc       0xc0 /home/pi/ada/STM32/F/F103/try_f103/Ada_Drivers_Library/arch/ARM/STM32/lib/stm32f103bluepill/ravenscar-ssfp/Debug/libstm32f103.a(stm32-usarts.o)
                0x08007cfc                stm32__usarts__set_parity
 .text.stm32__usarts__set_baud_rate
                0x08007dbc       0xbc /home/pi/ada/STM32/F/F103/try_f103/Ada_Drivers_Library/arch/ARM/STM32/lib/stm32f103bluepill/ravenscar-ssfp/Debug/libstm32f103.a(stm32-usarts.o)
                0x08007dbc                stm32__usarts__set_baud_rate
 .text.stm32__usarts__set_oversampling_mode
                0x08007e78       0x18 /home/pi/ada/STM32/F/F103/try_f103/Ada_Drivers_Library/arch/ARM/STM32/lib/stm32f103bluepill/ravenscar-ssfp/Debug/libstm32f103.a(stm32-usarts.o)
                0x08007e78                stm32__usarts__set_oversampling_mode
 .text.stm32__usarts__set_mode
                0x08007e90       0x64 /home/pi/ada/STM32/F/F103/try_f103/Ada_Drivers_Library/arch/ARM/STM32/lib/stm32f103bluepill/ravenscar-ssfp/Debug/libstm32f103.a(stm32-usarts.o)
                0x08007e90                stm32__usarts__set_mode
 .text.stm32__usarts__set_flow_control
                0x08007ef4       0xf8 /home/pi/ada/STM32/F/F103/try_f103/Ada_Drivers_Library/arch/ARM/STM32/lib/stm32f103bluepill/ravenscar-ssfp/Debug/libstm32f103.a(stm32-usarts.o)
                0x08007ef4                stm32__usarts__set_flow_control
 .text.stm32__usarts__transmit
                0x08007fec       0x34 /home/pi/ada/STM32/F/F103/try_f103/Ada_Drivers_Library/arch/ARM/STM32/lib/stm32f103bluepill/ravenscar-ssfp/Debug/libstm32f103.a(stm32-usarts.o)
                0x08007fec                stm32__usarts__transmit
 .text.stm32__usarts__receive
                0x08008020       0x20 /home/pi/ada/STM32/F/F103/try_f103/Ada_Drivers_Library/arch/ARM/STM32/lib/stm32f103bluepill/ravenscar-ssfp/Debug/libstm32f103.a(stm32-usarts.o)
                0x08008020                stm32__usarts__receive
 .text.stm32__usarts__current_input
                0x08008040       0x24 /home/pi/ada/STM32/F/F103/try_f103/Ada_Drivers_Library/arch/ARM/STM32/lib/stm32f103bluepill/ravenscar-ssfp/Debug/libstm32f103.a(stm32-usarts.o)
                0x08008040                stm32__usarts__current_input
 .text.stm32__usarts__tx_ready
                0x08008064       0x2c /home/pi/ada/STM32/F/F103/try_f103/Ada_Drivers_Library/arch/ARM/STM32/lib/stm32f103bluepill/ravenscar-ssfp/Debug/libstm32f103.a(stm32-usarts.o)
                0x08008064                stm32__usarts__tx_ready
 .text.stm32__usarts__rx_ready
                0x08008090       0x2c /home/pi/ada/STM32/F/F103/try_f103/Ada_Drivers_Library/arch/ARM/STM32/lib/stm32f103bluepill/ravenscar-ssfp/Debug/libstm32f103.a(stm32-usarts.o)
                0x08008090                stm32__usarts__rx_ready
 .text.stm32__usarts__status
                0x080080bc      0x158 /home/pi/ada/STM32/F/F103/try_f103/Ada_Drivers_Library/arch/ARM/STM32/lib/stm32f103bluepill/ravenscar-ssfp/Debug/libstm32f103.a(stm32-usarts.o)
                0x080080bc                stm32__usarts__status
 .text.stm32__usarts__clear_status
                0x08008214       0xf8 /home/pi/ada/STM32/F/F103/try_f103/Ada_Drivers_Library/arch/ARM/STM32/lib/stm32f103bluepill/ravenscar-ssfp/Debug/libstm32f103.a(stm32-usarts.o)
                0x08008214                stm32__usarts__clear_status
 .text.stm32__usarts__enable_interrupts___wrapped_statements.2
                0x0800830c      0x100 /home/pi/ada/STM32/F/F103/try_f103/Ada_Drivers_Library/arch/ARM/STM32/lib/stm32f103bluepill/ravenscar-ssfp/Debug/libstm32f103.a(stm32-usarts.o)
 .text.stm32__usarts__enable_interrupts
                0x0800840c       0x58 /home/pi/ada/STM32/F/F103/try_f103/Ada_Drivers_Library/arch/ARM/STM32/lib/stm32f103bluepill/ravenscar-ssfp/Debug/libstm32f103.a(stm32-usarts.o)
                0x0800840c                stm32__usarts__enable_interrupts
 .text.stm32__usarts__disable_interrupts___wrapped_statements.3
                0x08008464      0x100 /home/pi/ada/STM32/F/F103/try_f103/Ada_Drivers_Library/arch/ARM/STM32/lib/stm32f103bluepill/ravenscar-ssfp/Debug/libstm32f103.a(stm32-usarts.o)
 .text.stm32__usarts__disable_interrupts
                0x08008564       0x54 /home/pi/ada/STM32/F/F103/try_f103/Ada_Drivers_Library/arch/ARM/STM32/lib/stm32f103bluepill/ravenscar-ssfp/Debug/libstm32f103.a(stm32-usarts.o)
                0x08008564                stm32__usarts__disable_interrupts
 .text.stm32__usarts__interrupt_enabled
                0x080085b8      0x144 /home/pi/ada/STM32/F/F103/try_f103/Ada_Drivers_Library/arch/ARM/STM32/lib/stm32f103bluepill/ravenscar-ssfp/Debug/libstm32f103.a(stm32-usarts.o)
                0x080085b8                stm32__usarts__interrupt_enabled
 .text.stm32__usarts__enable_dma_transmit_requests___wrapped_statements.4
                0x080086fc       0x2c /home/pi/ada/STM32/F/F103/try_f103/Ada_Drivers_Library/arch/ARM/STM32/lib/stm32f103bluepill/ravenscar-ssfp/Debug/libstm32f103.a(stm32-usarts.o)
 .text.stm32__usarts__enable_dma_transmit_requests
                0x08008728       0x4c /home/pi/ada/STM32/F/F103/try_f103/Ada_Drivers_Library/arch/ARM/STM32/lib/stm32f103bluepill/ravenscar-ssfp/Debug/libstm32f103.a(stm32-usarts.o)
                0x08008728                stm32__usarts__enable_dma_transmit_requests
 .text.stm32__usarts__enable_dma_receive_requests___wrapped_statements.5
                0x08008774       0x2c /home/pi/ada/STM32/F/F103/try_f103/Ada_Drivers_Library/arch/ARM/STM32/lib/stm32f103bluepill/ravenscar-ssfp/Debug/libstm32f103.a(stm32-usarts.o)
 .text.stm32__usarts__enable_dma_receive_requests
                0x080087a0       0x4c /home/pi/ada/STM32/F/F103/try_f103/Ada_Drivers_Library/arch/ARM/STM32/lib/stm32f103bluepill/ravenscar-ssfp/Debug/libstm32f103.a(stm32-usarts.o)
                0x080087a0                stm32__usarts__enable_dma_receive_requests
 .text.stm32__usarts__disable_dma_transmit_requests___wrapped_statements.6
                0x080087ec       0x2c /home/pi/ada/STM32/F/F103/try_f103/Ada_Drivers_Library/arch/ARM/STM32/lib/stm32f103bluepill/ravenscar-ssfp/Debug/libstm32f103.a(stm32-usarts.o)
 .text.stm32__usarts__disable_dma_transmit_requests
                0x08008818       0x48 /home/pi/ada/STM32/F/F103/try_f103/Ada_Drivers_Library/arch/ARM/STM32/lib/stm32f103bluepill/ravenscar-ssfp/Debug/libstm32f103.a(stm32-usarts.o)
                0x08008818                stm32__usarts__disable_dma_transmit_requests
 .text.stm32__usarts__disable_dma_receive_requests___wrapped_statements.7
                0x08008860       0x2c /home/pi/ada/STM32/F/F103/try_f103/Ada_Drivers_Library/arch/ARM/STM32/lib/stm32f103bluepill/ravenscar-ssfp/Debug/libstm32f103.a(stm32-usarts.o)
 .text.stm32__usarts__disable_dma_receive_requests
                0x0800888c       0x48 /home/pi/ada/STM32/F/F103/try_f103/Ada_Drivers_Library/arch/ARM/STM32/lib/stm32f103bluepill/ravenscar-ssfp/Debug/libstm32f103.a(stm32-usarts.o)
                0x0800888c                stm32__usarts__disable_dma_receive_requests
 .text.stm32__usarts__dma_transmit_requests_enabled
                0x080088d4       0x30 /home/pi/ada/STM32/F/F103/try_f103/Ada_Drivers_Library/arch/ARM/STM32/lib/stm32f103bluepill/ravenscar-ssfp/Debug/libstm32f103.a(stm32-usarts.o)
                0x080088d4                stm32__usarts__dma_transmit_requests_enabled
 .text.stm32__usarts__dma_receive_requests_enabled
                0x08008904       0x30 /home/pi/ada/STM32/F/F103/try_f103/Ada_Drivers_Library/arch/ARM/STM32/lib/stm32f103bluepill/ravenscar-ssfp/Debug/libstm32f103.a(stm32-usarts.o)
                0x08008904                stm32__usarts__dma_receive_requests_enabled
 .text.stm32__usarts__resume_dma_transmission___wrapped_statements.8
                0x08008934       0x3c /home/pi/ada/STM32/F/F103/try_f103/Ada_Drivers_Library/arch/ARM/STM32/lib/stm32f103bluepill/ravenscar-ssfp/Debug/libstm32f103.a(stm32-usarts.o)
 .text.stm32__usarts__resume_dma_transmission
                0x08008970       0x60 /home/pi/ada/STM32/F/F103/try_f103/Ada_Drivers_Library/arch/ARM/STM32/lib/stm32f103bluepill/ravenscar-ssfp/Debug/libstm32f103.a(stm32-usarts.o)
                0x08008970                stm32__usarts__resume_dma_transmission
 .text.stm32__usarts__resume_dma_reception___wrapped_statements.9
                0x080089d0       0x3c /home/pi/ada/STM32/F/F103/try_f103/Ada_Drivers_Library/arch/ARM/STM32/lib/stm32f103bluepill/ravenscar-ssfp/Debug/libstm32f103.a(stm32-usarts.o)
 .text.stm32__usarts__resume_dma_reception
                0x08008a0c       0x60 /home/pi/ada/STM32/F/F103/try_f103/Ada_Drivers_Library/arch/ARM/STM32/lib/stm32f103bluepill/ravenscar-ssfp/Debug/libstm32f103.a(stm32-usarts.o)
                0x08008a0c                stm32__usarts__resume_dma_reception
 .text.stm32__usarts__data_register_address
                0x08008a6c       0x18 /home/pi/ada/STM32/F/F103/try_f103/Ada_Drivers_Library/arch/ARM/STM32/lib/stm32f103bluepill/ravenscar-ssfp/Debug/libstm32f103.a(stm32-usarts.o)
                0x08008a6c                stm32__usarts__data_register_address
 .text.stm32__usarts__data_size
                0x08008a84       0x30 /home/pi/ada/STM32/F/F103/try_f103/Ada_Drivers_Library/arch/ARM/STM32/lib/stm32f103bluepill/ravenscar-ssfp/Debug/libstm32f103.a(stm32-usarts.o)
                0x08008a84                stm32__usarts__data_size
 .text.stm32__usarts__transmit__2
                0x08008ab4       0x8c /home/pi/ada/STM32/F/F103/try_f103/Ada_Drivers_Library/arch/ARM/STM32/lib/stm32f103bluepill/ravenscar-ssfp/Debug/libstm32f103.a(stm32-usarts.o)
                0x08008ab4                stm32__usarts__transmit__2
 .text.stm32__usarts__transmit__3
                0x08008b40       0x90 /home/pi/ada/STM32/F/F103/try_f103/Ada_Drivers_Library/arch/ARM/STM32/lib/stm32f103bluepill/ravenscar-ssfp/Debug/libstm32f103.a(stm32-usarts.o)
                0x08008b40                stm32__usarts__transmit__3
 .text.stm32__usarts__receive__2
                0x08008bd0       0xf0 /home/pi/ada/STM32/F/F103/try_f103/Ada_Drivers_Library/arch/ARM/STM32/lib/stm32f103bluepill/ravenscar-ssfp/Debug/libstm32f103.a(stm32-usarts.o)
                0x08008bd0                stm32__usarts__receive__2
 .text.stm32__usarts__receive__3
                0x08008cc0       0xb4 /home/pi/ada/STM32/F/F103/try_f103/Ada_Drivers_Library/arch/ARM/STM32/lib/stm32f103bluepill/ravenscar-ssfp/Debug/libstm32f103.a(stm32-usarts.o)
                0x08008cc0                stm32__usarts__receive__3
 .text.stm32_svd__i2c__cr1_registerIP
                0x08008d74       0xfc /home/pi/ada/STM32/F/F103/try_f103/Ada_Drivers_Library/arch/ARM/STM32/lib/stm32f103bluepill/ravenscar-ssfp/Debug/libstm32f103.a(stm32_svd-i2c.o)
                0x08008d74                stm32_svd__i2c__cr1_registerIP
 .text.stm32_svd__i2c__oar1_registerIP
                0x08008e70       0x64 /home/pi/ada/STM32/F/F103/try_f103/Ada_Drivers_Library/arch/ARM/STM32/lib/stm32f103bluepill/ravenscar-ssfp/Debug/libstm32f103.a(stm32_svd-i2c.o)
                0x08008e70                stm32_svd__i2c__oar1_registerIP
 .text.stm32_svd__i2c__ccr_registerIP
                0x08008ed4       0x54 /home/pi/ada/STM32/F/F103/try_f103/Ada_Drivers_Library/arch/ARM/STM32/lib/stm32f103bluepill/ravenscar-ssfp/Debug/libstm32f103.a(stm32_svd-i2c.o)
                0x08008ed4                stm32_svd__i2c__ccr_registerIP
 .text.stm32_svd__spi__sr_registerIP
                0x08008f28       0x90 /home/pi/ada/STM32/F/F103/try_f103/Ada_Drivers_Library/arch/ARM/STM32/lib/stm32f103bluepill/ravenscar-ssfp/Debug/libstm32f103.a(stm32_svd-spi.o)
                0x08008f28                stm32_svd__spi__sr_registerIP
 .text.ada__real_time__Oadd
                0x08008fb8       0xe0 /home/pi/ada/STM32/F/F103/try_f103/Ada_Drivers_Library/embedded-runtimes/ravenscar-stm32f103bluepill/ssfp/adalib/libgnarl.a(a-reatim.o)
                0x08008fb8                ada__real_time__Oadd
 .text.ada__real_time__Osubtract__2
                0x08009098       0xf0 /home/pi/ada/STM32/F/F103/try_f103/Ada_Drivers_Library/embedded-runtimes/ravenscar-stm32f103bluepill/ssfp/adalib/libgnarl.a(a-reatim.o)
                0x08009098                ada__real_time__Osubtract__2
 .text.ada__real_time__Osubtract__3
                0x08009188       0x68 /home/pi/ada/STM32/F/F103/try_f103/Ada_Drivers_Library/embedded-runtimes/ravenscar-stm32f103bluepill/ssfp/adalib/libgnarl.a(a-reatim.o)
                0x08009188                ada__real_time__Osubtract__3
 .text.ada__real_time__Osubtract__4
                0x080091f0       0x40 /home/pi/ada/STM32/F/F103/try_f103/Ada_Drivers_Library/embedded-runtimes/ravenscar-stm32f103bluepill/ssfp/adalib/libgnarl.a(a-reatim.o)
                0x080091f0                ada__real_time__Osubtract__4
 .text.ada__real_time__clock
                0x08009230       0x14 /home/pi/ada/STM32/F/F103/try_f103/Ada_Drivers_Library/embedded-runtimes/ravenscar-stm32f103bluepill/ssfp/adalib/libgnarl.a(a-reatim.o)
                0x08009230                ada__real_time__clock
 .text.ada__real_time__microseconds
                0x08009244       0x4c /home/pi/ada/STM32/F/F103/try_f103/Ada_Drivers_Library/embedded-runtimes/ravenscar-stm32f103bluepill/ssfp/adalib/libgnarl.a(a-reatim.o)
                0x08009244                ada__real_time__microseconds
 .text.ada__real_time__milliseconds
                0x08009290       0x4c /home/pi/ada/STM32/F/F103/try_f103/Ada_Drivers_Library/embedded-runtimes/ravenscar-stm32f103bluepill/ssfp/adalib/libgnarl.a(a-reatim.o)
                0x08009290                ada__real_time__milliseconds
 .text.ada__real_time__rounded_div
                0x080092dc       0xd8 /home/pi/ada/STM32/F/F103/try_f103/Ada_Drivers_Library/embedded-runtimes/ravenscar-stm32f103bluepill/ssfp/adalib/libgnarl.a(a-reatim.o)
                0x080092dc                ada__real_time__rounded_div
 .text.ada__real_time___elabb
                0x080093b4        0xc /home/pi/ada/STM32/F/F103/try_f103/Ada_Drivers_Library/embedded-runtimes/ravenscar-stm32f103bluepill/ssfp/adalib/libgnarl.a(a-reatim.o)
                0x080093b4                ada__real_time___elabb
 .text.ada__real_time__delays__delay_until
                0x080093c0       0x40 /home/pi/ada/STM32/F/F103/try_f103/Ada_Drivers_Library/embedded-runtimes/ravenscar-stm32f103bluepill/ssfp/adalib/libgnarl.a(a-retide.o)
                0x080093c0                ada__real_time__delays__delay_until
 .text.system__task_primitives__operations__self
                0x08009400       0x10 /home/pi/ada/STM32/F/F103/try_f103/Ada_Drivers_Library/embedded-runtimes/ravenscar-stm32f103bluepill/ssfp/adalib/libgnarl.a(s-taprop.o)
                0x08009400                system__task_primitives__operations__self
 .text.system__task_primitives__operations__delay_until
                0x08009410       0x44 /home/pi/ada/STM32/F/F103/try_f103/Ada_Drivers_Library/embedded-runtimes/ravenscar-stm32f103bluepill/ssfp/adalib/libgnarl.a(s-taprop.o)
                0x08009410                system__task_primitives__operations__delay_until
 .text.system__task_primitives__operations__monotonic_clock
                0x08009454       0x14 /home/pi/ada/STM32/F/F103/try_f103/Ada_Drivers_Library/embedded-runtimes/ravenscar-stm32f103bluepill/ssfp/adalib/libgnarl.a(s-taprop.o)
                0x08009454                system__task_primitives__operations__monotonic_clock
 .text.system__task_primitives__operations__enter_task
                0x08009468       0x3c /home/pi/ada/STM32/F/F103/try_f103/Ada_Drivers_Library/embedded-runtimes/ravenscar-stm32f103bluepill/ssfp/adalib/libgnarl.a(s-taprop.o)
                0x08009468                system__task_primitives__operations__enter_task
 .text.system__task_primitives__operations__idle
                0x080094a4       0x1c /home/pi/ada/STM32/F/F103/try_f103/Ada_Drivers_Library/embedded-runtimes/ravenscar-stm32f103bluepill/ssfp/adalib/libgnarl.a(s-taprop.o)
                0x080094a4                system__task_primitives__operations__idle
 .text.system__task_primitives__operations__initialize_tcb
                0x080094c0       0x18 /home/pi/ada/STM32/F/F103/try_f103/Ada_Drivers_Library/embedded-runtimes/ravenscar-stm32f103bluepill/ssfp/adalib/libgnarl.a(s-taprop.o)
                0x080094c0                system__task_primitives__operations__initialize_tcb
 .text.system__task_primitives__operations__create_task
                0x080094d8       0x78 /home/pi/ada/STM32/F/F103/try_f103/Ada_Drivers_Library/embedded-runtimes/ravenscar-stm32f103bluepill/ssfp/adalib/libgnarl.a(s-taprop.o)
                0x080094d8                system__task_primitives__operations__create_task
 .text.system__task_primitives__operations__initialize
                0x08009550       0xfc /home/pi/ada/STM32/F/F103/try_f103/Ada_Drivers_Library/embedded-runtimes/ravenscar-stm32f103bluepill/ssfp/adalib/libgnarl.a(s-taprop.o)
                0x08009550                system__task_primitives__operations__initialize
 .text.system__task_primitives__operations__initialize_idle
                0x0800964c       0xe0 /home/pi/ada/STM32/F/F103/try_f103/Ada_Drivers_Library/embedded-runtimes/ravenscar-stm32f103bluepill/ssfp/adalib/libgnarl.a(s-taprop.o)
                0x0800964c                system__task_primitives__operations__initialize_idle
 .text.system__tasking__debug__add_task_id
                0x0800972c       0x4c /home/pi/ada/STM32/F/F103/try_f103/Ada_Drivers_Library/embedded-runtimes/ravenscar-stm32f103bluepill/ssfp/adalib/libgnarl.a(s-tasdeb.o)
                0x0800972c                system__tasking__debug__add_task_id
 .text.system__tasking__initialize_atcb
                0x08009778       0x90 /home/pi/ada/STM32/F/F103/try_f103/Ada_Drivers_Library/embedded-runtimes/ravenscar-stm32f103bluepill/ssfp/adalib/libgnarl.a(s-taskin.o)
                0x08009778                system__tasking__initialize_atcb
 .text.system__tasking__initialize
                0x08009808      0x38c /home/pi/ada/STM32/F/F103/try_f103/Ada_Drivers_Library/embedded-runtimes/ravenscar-stm32f103bluepill/ssfp/adalib/libgnarl.a(s-taskin.o)
                0x08009808                system__tasking__initialize
 .text.system__bb__board_support__time__max_timer_interval
                0x08009b94       0x10 /home/pi/ada/STM32/F/F103/try_f103/Ada_Drivers_Library/embedded-runtimes/ravenscar-stm32f103bluepill/ssfp/adalib/libgnarl.a(s-bbbosu.o)
                0x08009b94                system__bb__board_support__time__max_timer_interval
 .text.system__bb__board_support__time__read_clock
                0x08009ba4       0x78 /home/pi/ada/STM32/F/F103/try_f103/Ada_Drivers_Library/embedded-runtimes/ravenscar-stm32f103bluepill/ssfp/adalib/libgnarl.a(s-bbbosu.o)
                0x08009ba4                system__bb__board_support__time__read_clock
 .text.system__bb__board_support__time__clear_alarm_interrupt
                0x08009c1c       0x18 /home/pi/ada/STM32/F/F103/try_f103/Ada_Drivers_Library/embedded-runtimes/ravenscar-stm32f103bluepill/ssfp/adalib/libgnarl.a(s-bbbosu.o)
                0x08009c1c                system__bb__board_support__time__clear_alarm_interrupt
 .text.system__bb__board_support__time__set_alarm
                0x08009c34       0x5c /home/pi/ada/STM32/F/F103/try_f103/Ada_Drivers_Library/embedded-runtimes/ravenscar-stm32f103bluepill/ssfp/adalib/libgnarl.a(s-bbbosu.o)
                0x08009c34                system__bb__board_support__time__set_alarm
 .text.system__bb__board_support__time__install_alarm_handler
                0x08009c90       0x30 /home/pi/ada/STM32/F/F103/try_f103/Ada_Drivers_Library/embedded-runtimes/ravenscar-stm32f103bluepill/ssfp/adalib/libgnarl.a(s-bbbosu.o)
                0x08009c90                system__bb__board_support__time__install_alarm_handler
 .text.system__bb__board_support__multiprocessors__current_cpu
                0x08009cc0       0x10 /home/pi/ada/STM32/F/F103/try_f103/Ada_Drivers_Library/embedded-runtimes/ravenscar-stm32f103bluepill/ssfp/adalib/libgnarl.a(s-bbbosu.o)
                0x08009cc0                system__bb__board_support__multiprocessors__current_cpu
 .text.system__bb__board_support__interrupts__install_interrupt_handler
                0x08009cd0       0x68 /home/pi/ada/STM32/F/F103/try_f103/Ada_Drivers_Library/embedded-runtimes/ravenscar-stm32f103bluepill/ssfp/adalib/libgnarl.a(s-bbbosu.o)
                0x08009cd0                system__bb__board_support__interrupts__install_interrupt_handler
 .text.system__bb__board_support__interrupts__priority_of_interrupt
                0x08009d38       0x4c /home/pi/ada/STM32/F/F103/try_f103/Ada_Drivers_Library/embedded-runtimes/ravenscar-stm32f103bluepill/ssfp/adalib/libgnarl.a(s-bbbosu.o)
                0x08009d38                system__bb__board_support__interrupts__priority_of_interrupt
 .text.system__bb__board_support__interrupts__power_down
                0x08009d84       0x10 /home/pi/ada/STM32/F/F103/try_f103/Ada_Drivers_Library/embedded-runtimes/ravenscar-stm32f103bluepill/ssfp/adalib/libgnarl.a(s-bbbosu.o)
                0x08009d84                system__bb__board_support__interrupts__power_down
 .text.system__bb__board_support__interrupts__set_current_priority
                0x08009d94       0x1c /home/pi/ada/STM32/F/F103/try_f103/Ada_Drivers_Library/embedded-runtimes/ravenscar-stm32f103bluepill/ssfp/adalib/libgnarl.a(s-bbbosu.o)
                0x08009d94                system__bb__board_support__interrupts__set_current_priority
 .text.system__bb__board_support__initialize_board
                0x08009db0       0x6c /home/pi/ada/STM32/F/F103/try_f103/Ada_Drivers_Library/embedded-runtimes/ravenscar-stm32f103bluepill/ssfp/adalib/libgnarl.a(s-bbbosu.o)
                0x08009db0                system__bb__board_support__initialize_board
 .text.system__bb__board_support__timer_interrupt_handler
                0x08009e1c       0x10 /home/pi/ada/STM32/F/F103/try_f103/Ada_Drivers_Library/embedded-runtimes/ravenscar-stm32f103bluepill/ssfp/adalib/libgnarl.a(s-bbbosu.o)
                0x08009e1c                system__bb__board_support__timer_interrupt_handler
 .text.system__bb__board_support__interrupt_handler
                0x08009e2c       0x50 /home/pi/ada/STM32/F/F103/try_f103/Ada_Drivers_Library/embedded-runtimes/ravenscar-stm32f103bluepill/ssfp/adalib/libgnarl.a(s-bbbosu.o)
                0x08009e2c                system__bb__board_support__interrupt_handler
 .text.system__bb__board_support__enable_interrupt_request
                0x08009e7c       0xbc /home/pi/ada/STM32/F/F103/try_f103/Ada_Drivers_Library/embedded-runtimes/ravenscar-stm32f103bluepill/ssfp/adalib/libgnarl.a(s-bbbosu.o)
                0x08009e7c                system__bb__board_support__enable_interrupt_request
 .text.system__bb__board_support__to_pri
                0x08009f38       0x40 /home/pi/ada/STM32/F/F103/try_f103/Ada_Drivers_Library/embedded-runtimes/ravenscar-stm32f103bluepill/ssfp/adalib/libgnarl.a(s-bbbosu.o)
                0x08009f38                system__bb__board_support__to_pri
 .text.system__bb__board_support__to_priority
                0x08009f78       0x38 /home/pi/ada/STM32/F/F103/try_f103/Ada_Drivers_Library/embedded-runtimes/ravenscar-stm32f103bluepill/ssfp/adalib/libgnarl.a(s-bbbosu.o)
                0x08009f78                system__bb__board_support__to_priority
 .text.system__bb__cpu_primitives__initialize_cpu
                0x08009fb0       0x94 /home/pi/ada/STM32/F/F103/try_f103/Ada_Drivers_Library/embedded-runtimes/ravenscar-stm32f103bluepill/ssfp/adalib/libgnarl.a(s-bbcppr.o)
                0x08009fb0                system__bb__cpu_primitives__initialize_cpu
 .text.system__bb__cpu_primitives__context_switch
                0x0800a044        0xc /home/pi/ada/STM32/F/F103/try_f103/Ada_Drivers_Library/embedded-runtimes/ravenscar-stm32f103bluepill/ssfp/adalib/libgnarl.a(s-bbcppr.o)
                0x0800a044                system__bb__cpu_primitives__context_switch
 .text.system__bb__cpu_primitives__gnat_error_handler
                0x0800a050     0x15b0 /home/pi/ada/STM32/F/F103/try_f103/Ada_Drivers_Library/embedded-runtimes/ravenscar-stm32f103bluepill/ssfp/adalib/libgnarl.a(s-bbcppr.o)
                0x0800a050                system__bb__cpu_primitives__gnat_error_handler
 .text.__gnat_irq_trap
                0x0800b600       0x54 /home/pi/ada/STM32/F/F103/try_f103/Ada_Drivers_Library/embedded-runtimes/ravenscar-stm32f103bluepill/ssfp/adalib/libgnarl.a(s-bbcppr.o)
                0x0800b600                __gnat_irq_trap
 .text.__gnat_sv_call_trap
                0x0800b654        0xc /home/pi/ada/STM32/F/F103/try_f103/Ada_Drivers_Library/embedded-runtimes/ravenscar-stm32f103bluepill/ssfp/adalib/libgnarl.a(s-bbcppr.o)
                0x0800b654                __gnat_sv_call_trap
 .text.__gnat_sys_tick_trap
                0x0800b660       0x98 /home/pi/ada/STM32/F/F103/try_f103/Ada_Drivers_Library/embedded-runtimes/ravenscar-stm32f103bluepill/ssfp/adalib/libgnarl.a(s-bbcppr.o)
                0x0800b660                __gnat_sys_tick_trap
 .text.system__bb__cpu_primitives__initialize_context
                0x0800b6f8       0x7c /home/pi/ada/STM32/F/F103/try_f103/Ada_Drivers_Library/embedded-runtimes/ravenscar-stm32f103bluepill/ssfp/adalib/libgnarl.a(s-bbcppr.o)
                0x0800b6f8                system__bb__cpu_primitives__initialize_context
 .text.system__bb__cpu_primitives__install_trap_handler
                0x0800b774       0x3c /home/pi/ada/STM32/F/F103/try_f103/Ada_Drivers_Library/embedded-runtimes/ravenscar-stm32f103bluepill/ssfp/adalib/libgnarl.a(s-bbcppr.o)
                0x0800b774                system__bb__cpu_primitives__install_trap_handler
 .text.system__bb__cpu_primitives__disable_interrupts
                0x0800b7b0       0x10 /home/pi/ada/STM32/F/F103/try_f103/Ada_Drivers_Library/embedded-runtimes/ravenscar-stm32f103bluepill/ssfp/adalib/libgnarl.a(s-bbcppr.o)
                0x0800b7b0                system__bb__cpu_primitives__disable_interrupts
 .text.system__bb__cpu_primitives__enable_interrupts
                0x0800b7c0       0x20 /home/pi/ada/STM32/F/F103/try_f103/Ada_Drivers_Library/embedded-runtimes/ravenscar-stm32f103bluepill/ssfp/adalib/libgnarl.a(s-bbcppr.o)
                0x0800b7c0                system__bb__cpu_primitives__enable_interrupts
 .text.system__bb__interrupts__attach_handler
                0x0800b7e0       0x48 /home/pi/ada/STM32/F/F103/try_f103/Ada_Drivers_Library/embedded-runtimes/ravenscar-stm32f103bluepill/ssfp/adalib/libgnarl.a(s-bbinte.o)
                0x0800b7e0                system__bb__interrupts__attach_handler
 .text.system__bb__interrupts__interrupt_wrapper
                0x0800b828      0x148 /home/pi/ada/STM32/F/F103/try_f103/Ada_Drivers_Library/embedded-runtimes/ravenscar-stm32f103bluepill/ssfp/adalib/libgnarl.a(s-bbinte.o)
                0x0800b828                system__bb__interrupts__interrupt_wrapper
 .text.system__bb__interrupts__initialize_interrupts
                0x0800b970       0x48 /home/pi/ada/STM32/F/F103/try_f103/Ada_Drivers_Library/embedded-runtimes/ravenscar-stm32f103bluepill/ssfp/adalib/libgnarl.a(s-bbinte.o)
                0x0800b970                system__bb__interrupts__initialize_interrupts
 .text.system__bb__threads__queues__change_priority
                0x0800b9b8      0x214 /home/pi/ada/STM32/F/F103/try_f103/Ada_Drivers_Library/embedded-runtimes/ravenscar-stm32f103bluepill/ssfp/adalib/libgnarl.a(s-bbthqu.o)
                0x0800b9b8                system__bb__threads__queues__change_priority
 .text.__gnat_context_switch_needed
                0x0800bbcc       0x20 /home/pi/ada/STM32/F/F103/try_f103/Ada_Drivers_Library/embedded-runtimes/ravenscar-stm32f103bluepill/ssfp/adalib/libgnarl.a(s-bbthqu.o)
                0x0800bbcc                __gnat_context_switch_needed
 .text.system__bb__threads__queues__extract
                0x0800bbec       0x58 /home/pi/ada/STM32/F/F103/try_f103/Ada_Drivers_Library/embedded-runtimes/ravenscar-stm32f103bluepill/ssfp/adalib/libgnarl.a(s-bbthqu.o)
                0x0800bbec                system__bb__threads__queues__extract
 .text.system__bb__threads__queues__extract_first_alarm
                0x0800bc44       0x70 /home/pi/ada/STM32/F/F103/try_f103/Ada_Drivers_Library/embedded-runtimes/ravenscar-stm32f103bluepill/ssfp/adalib/libgnarl.a(s-bbthqu.o)
                0x0800bc44                system__bb__threads__queues__extract_first_alarm
 .text.system__bb__threads__queues__first_thread
                0x0800bcb4       0x2c /home/pi/ada/STM32/F/F103/try_f103/Ada_Drivers_Library/embedded-runtimes/ravenscar-stm32f103bluepill/ssfp/adalib/libgnarl.a(s-bbthqu.o)
                0x0800bcb4                system__bb__threads__queues__first_thread
 .text.system__bb__threads__queues__get_next_alarm_time
                0x0800bce0       0x58 /home/pi/ada/STM32/F/F103/try_f103/Ada_Drivers_Library/embedded-runtimes/ravenscar-stm32f103bluepill/ssfp/adalib/libgnarl.a(s-bbthqu.o)
                0x0800bce0                system__bb__threads__queues__get_next_alarm_time
 .text.system__bb__threads__queues__insert
                0x0800bd38      0x304 /home/pi/ada/STM32/F/F103/try_f103/Ada_Drivers_Library/embedded-runtimes/ravenscar-stm32f103bluepill/ssfp/adalib/libgnarl.a(s-bbthqu.o)
                0x0800bd38                system__bb__threads__queues__insert
 .text.system__bb__threads__queues__insert_alarm
                0x0800c03c      0x200 /home/pi/ada/STM32/F/F103/try_f103/Ada_Drivers_Library/embedded-runtimes/ravenscar-stm32f103bluepill/ssfp/adalib/libgnarl.a(s-bbthqu.o)
                0x0800c03c                system__bb__threads__queues__insert_alarm
 .text.system__bb__threads__queues__running_thread
                0x0800c23c       0x2c /home/pi/ada/STM32/F/F103/try_f103/Ada_Drivers_Library/embedded-runtimes/ravenscar-stm32f103bluepill/ssfp/adalib/libgnarl.a(s-bbthqu.o)
                0x0800c23c                system__bb__threads__queues__running_thread
 .text.system__bb__threads__queues__wakeup_expired_alarms
                0x0800c268       0x5c /home/pi/ada/STM32/F/F103/try_f103/Ada_Drivers_Library/embedded-runtimes/ravenscar-stm32f103bluepill/ssfp/adalib/libgnarl.a(s-bbthqu.o)
                0x0800c268                system__bb__threads__queues__wakeup_expired_alarms
 .text.system__bb__threads__queues__yield
                0x0800c2c4      0x1b0 /home/pi/ada/STM32/F/F103/try_f103/Ada_Drivers_Library/embedded-runtimes/ravenscar-stm32f103bluepill/ssfp/adalib/libgnarl.a(s-bbthqu.o)
                0x0800c2c4                system__bb__threads__queues__yield
 .text.system__bb__threads__get_cpu
                0x0800c474       0x54 /home/pi/ada/STM32/F/F103/try_f103/Ada_Drivers_Library/embedded-runtimes/ravenscar-stm32f103bluepill/ssfp/adalib/libgnarl.a(s-bbthre.o)
                0x0800c474                system__bb__threads__get_cpu
 .text.system__bb__threads__get_atcb
                0x0800c4c8       0x20 /home/pi/ada/STM32/F/F103/try_f103/Ada_Drivers_Library/embedded-runtimes/ravenscar-stm32f103bluepill/ssfp/adalib/libgnarl.a(s-bbthre.o)
                0x0800c4c8                system__bb__threads__get_atcb
 .text.system__bb__threads__get_priority
                0x0800c4e8       0x28 /home/pi/ada/STM32/F/F103/try_f103/Ada_Drivers_Library/embedded-runtimes/ravenscar-stm32f103bluepill/ssfp/adalib/libgnarl.a(s-bbthre.o)
                0x0800c4e8                system__bb__threads__get_priority
 .text.system__bb__threads__initialize_thread
                0x0800c510       0xb8 /home/pi/ada/STM32/F/F103/try_f103/Ada_Drivers_Library/embedded-runtimes/ravenscar-stm32f103bluepill/ssfp/adalib/libgnarl.a(s-bbthre.o)
 .text.system__bb__threads__initialize
                0x0800c5c8       0x84 /home/pi/ada/STM32/F/F103/try_f103/Ada_Drivers_Library/embedded-runtimes/ravenscar-stm32f103bluepill/ssfp/adalib/libgnarl.a(s-bbthre.o)
                0x0800c5c8                system__bb__threads__initialize
 .text.system__bb__threads__set_atcb
                0x0800c64c       0x2c /home/pi/ada/STM32/F/F103/try_f103/Ada_Drivers_Library/embedded-runtimes/ravenscar-stm32f103bluepill/ssfp/adalib/libgnarl.a(s-bbthre.o)
                0x0800c64c                system__bb__threads__set_atcb
 .text.system__bb__threads__set_priority
                0x0800c678       0x28 /home/pi/ada/STM32/F/F103/try_f103/Ada_Drivers_Library/embedded-runtimes/ravenscar-stm32f103bluepill/ssfp/adalib/libgnarl.a(s-bbthre.o)
                0x0800c678                system__bb__threads__set_priority
 .text.system__bb__threads__thread_create
                0x0800c6a0       0x50 /home/pi/ada/STM32/F/F103/try_f103/Ada_Drivers_Library/embedded-runtimes/ravenscar-stm32f103bluepill/ssfp/adalib/libgnarl.a(s-bbthre.o)
                0x0800c6a0                system__bb__threads__thread_create
 .text.system__bb__threads__thread_self
                0x0800c6f0       0x10 /home/pi/ada/STM32/F/F103/try_f103/Ada_Drivers_Library/embedded-runtimes/ravenscar-stm32f103bluepill/ssfp/adalib/libgnarl.a(s-bbthre.o)
                0x0800c6f0                system__bb__threads__thread_self
 .text.system__bb__time__alarm_handler
                0x0800c700       0x88 /home/pi/ada/STM32/F/F103/try_f103/Ada_Drivers_Library/embedded-runtimes/ravenscar-stm32f103bluepill/ssfp/adalib/libgnarl.a(s-bbtime.o)
 .text.system__bb__time__clock
                0x0800c788       0xa8 /home/pi/ada/STM32/F/F103/try_f103/Ada_Drivers_Library/embedded-runtimes/ravenscar-stm32f103bluepill/ssfp/adalib/libgnarl.a(s-bbtime.o)
                0x0800c788                system__bb__time__clock
 .text.system__bb__time__delay_until
                0x0800c830       0x94 /home/pi/ada/STM32/F/F103/try_f103/Ada_Drivers_Library/embedded-runtimes/ravenscar-stm32f103bluepill/ssfp/adalib/libgnarl.a(s-bbtime.o)
                0x0800c830                system__bb__time__delay_until
 .text.system__bb__time__get_next_timeout
                0x0800c8c4       0x44 /home/pi/ada/STM32/F/F103/try_f103/Ada_Drivers_Library/embedded-runtimes/ravenscar-stm32f103bluepill/ssfp/adalib/libgnarl.a(s-bbtime.o)
                0x0800c8c4                system__bb__time__get_next_timeout
 .text.system__bb__time__initialize_timers
                0x0800c908       0x94 /home/pi/ada/STM32/F/F103/try_f103/Ada_Drivers_Library/embedded-runtimes/ravenscar-stm32f103bluepill/ssfp/adalib/libgnarl.a(s-bbtime.o)
                0x0800c908                system__bb__time__initialize_timers
 .text.system__bb__time__update_alarm
                0x0800c99c       0xa8 /home/pi/ada/STM32/F/F103/try_f103/Ada_Drivers_Library/embedded-runtimes/ravenscar-stm32f103bluepill/ssfp/adalib/libgnarl.a(s-bbtime.o)
                0x0800c99c                system__bb__time__update_alarm
 .text.system__bb__time__update_clock
                0x0800ca44       0x84 /home/pi/ada/STM32/F/F103/try_f103/Ada_Drivers_Library/embedded-runtimes/ravenscar-stm32f103bluepill/ssfp/adalib/libgnarl.a(s-bbtime.o)
 .text.system__bb__time__Oconcat
                0x0800cac8       0x6c /home/pi/ada/STM32/F/F103/try_f103/Ada_Drivers_Library/embedded-runtimes/ravenscar-stm32f103bluepill/ssfp/adalib/libgnarl.a(s-bbtime.o)
                0x0800cac8                system__bb__time__Oconcat
 .text.system__bb__cpu_primitives__context_switch_trigger__initialize_context_switch
                0x0800cb34        0xc /home/pi/ada/STM32/F/F103/try_f103/Ada_Drivers_Library/embedded-runtimes/ravenscar-stm32f103bluepill/ssfp/adalib/libgnarl.a(s-bcpcst.o)
                0x0800cb34                system__bb__cpu_primitives__context_switch_trigger__initialize_context_switch
 .text.system__bb__cpu_primitives__context_switch_trigger__trigger_context_switch
                0x0800cb40       0x18 /home/pi/ada/STM32/F/F103/try_f103/Ada_Drivers_Library/embedded-runtimes/ravenscar-stm32f103bluepill/ssfp/adalib/libgnarl.a(s-bcpcst.o)
                0x0800cb40                system__bb__cpu_primitives__context_switch_trigger__trigger_context_switch
 .text.__gnat_pend_sv_trap
                0x0800cb58       0x28 /home/pi/ada/STM32/F/F103/try_f103/Ada_Drivers_Library/embedded-runtimes/ravenscar-stm32f103bluepill/ssfp/adalib/libgnarl.a(s-bcpcst.o)
                0x0800cb58                __gnat_pend_sv_trap
 .text.system__bb__protection__enter_kernel
                0x0800cb80        0xc /home/pi/ada/STM32/F/F103/try_f103/Ada_Drivers_Library/embedded-runtimes/ravenscar-stm32f103bluepill/ssfp/adalib/libgnarl.a(s-bbprot.o)
                0x0800cb80                system__bb__protection__enter_kernel
 .text.system__bb__protection__leave_kernel
                0x0800cb8c       0x58 /home/pi/ada/STM32/F/F103/try_f103/Ada_Drivers_Library/embedded-runtimes/ravenscar-stm32f103bluepill/ssfp/adalib/libgnarl.a(s-bbprot.o)
                0x0800cb8c                system__bb__protection__leave_kernel
 .text.system__bb__timing_events__execute_expired_timing_events
                0x0800cbe4       0xd4 /home/pi/ada/STM32/F/F103/try_f103/Ada_Drivers_Library/embedded-runtimes/ravenscar-stm32f103bluepill/ssfp/adalib/libgnarl.a(s-bbtiev.o)
                0x0800cbe4                system__bb__timing_events__execute_expired_timing_events
 .text.system__bb__timing_events__get_next_timeout
                0x0800ccb8       0x54 /home/pi/ada/STM32/F/F103/try_f103/Ada_Drivers_Library/embedded-runtimes/ravenscar-stm32f103bluepill/ssfp/adalib/libgnarl.a(s-bbtiev.o)
                0x0800ccb8                system__bb__timing_events__get_next_timeout
 .text.system__bb__timing_events__extract
                0x0800cd0c       0xd4 /home/pi/ada/STM32/F/F103/try_f103/Ada_Drivers_Library/embedded-runtimes/ravenscar-stm32f103bluepill/ssfp/adalib/libgnarl.a(s-bbtiev.o)
 .text.ada__exceptions__last_chance_handler__put.0
                0x0800cde0       0x60 /home/pi/ada/STM32/F/F103/try_f103/Ada_Drivers_Library/embedded-runtimes/ravenscar-stm32f103bluepill/ssfp/adalib/libgnat.a(a-elchha.o)
 .text.__gnat_last_chance_handler
                0x0800ce40       0x8c /home/pi/ada/STM32/F/F103/try_f103/Ada_Drivers_Library/embedded-runtimes/ravenscar-stm32f103bluepill/ssfp/adalib/libgnat.a(a-elchha.o)
                0x0800ce40                __gnat_last_chance_handler
 .text.ada__text_io___elabb
                0x0800cecc       0x20 /home/pi/ada/STM32/F/F103/try_f103/Ada_Drivers_Library/embedded-runtimes/ravenscar-stm32f103bluepill/ssfp/adalib/libgnat.a(a-textio.o)
                0x0800cecc                ada__text_io___elabb
 .text.gnat__io__put__2
                0x0800ceec       0x64 /home/pi/ada/STM32/F/F103/try_f103/Ada_Drivers_Library/embedded-runtimes/ravenscar-stm32f103bluepill/ssfp/adalib/libgnat.a(g-io.o)
                0x0800ceec                gnat__io__put__2
 .text.gnat__io__new_line
                0x0800cf50       0x30 /home/pi/ada/STM32/F/F103/try_f103/Ada_Drivers_Library/embedded-runtimes/ravenscar-stm32f103bluepill/ssfp/adalib/libgnat.a(g-io.o)
                0x0800cf50                gnat__io__new_line
 .text.gnat__io__put
                0x0800cf80      0x15c /home/pi/ada/STM32/F/F103/try_f103/Ada_Drivers_Library/embedded-runtimes/ravenscar-stm32f103bluepill/ssfp/adalib/libgnat.a(g-io.o)
                0x0800cf80                gnat__io__put
 .text.gnat__io__put__3
                0x0800d0dc       0x70 /home/pi/ada/STM32/F/F103/try_f103/Ada_Drivers_Library/embedded-runtimes/ravenscar-stm32f103bluepill/ssfp/adalib/libgnat.a(g-io.o)
                0x0800d0dc                gnat__io__put__3
 .text.gnat__io__put_line
                0x0800d14c       0x50 /home/pi/ada/STM32/F/F103/try_f103/Ada_Drivers_Library/embedded-runtimes/ravenscar-stm32f103bluepill/ssfp/adalib/libgnat.a(g-io.o)
                0x0800d14c                gnat__io__put_line
 *fill*         0x0800d19c       0x64 
 .text          0x0800d200      0x148 /home/pi/ada/STM32/F/F103/try_f103/Ada_Drivers_Library/embedded-runtimes/ravenscar-stm32f103bluepill/ssfp/adalib/libgnat.a(handler.o)
                0x0800d200                __vectors
 .text.system__assertions__raise_assert_failure
                0x0800d348      0x2dc /home/pi/ada/STM32/F/F103/try_f103/Ada_Drivers_Library/embedded-runtimes/ravenscar-stm32f103bluepill/ssfp/adalib/libgnat.a(s-assert.o)
                0x0800d348                system__assertions__raise_assert_failure
 .text.system__img_uns__image_unsigned
                0x0800d624       0x9c /home/pi/ada/STM32/F/F103/try_f103/Ada_Drivers_Library/embedded-runtimes/ravenscar-stm32f103bluepill/ssfp/adalib/libgnat.a(s-imguns.o)
                0x0800d624                system__img_uns__image_unsigned
 .text.system__img_uns__set_image_unsigned
                0x0800d6c0      0x124 /home/pi/ada/STM32/F/F103/try_f103/Ada_Drivers_Library/embedded-runtimes/ravenscar-stm32f103bluepill/ssfp/adalib/libgnat.a(s-imguns.o)
                0x0800d6c0                system__img_uns__set_image_unsigned
 .text._exit    0x0800d7e4       0x20 /home/pi/ada/STM32/F/F103/try_f103/Ada_Drivers_Library/embedded-runtimes/ravenscar-stm32f103bluepill/ssfp/adalib/libgnat.a(s-macres.o)
                0x0800d7e4                _exit
 .text.system__machine_reset__stop
                0x0800d804        0xc /home/pi/ada/STM32/F/F103/try_f103/Ada_Drivers_Library/embedded-runtimes/ravenscar-stm32f103bluepill/ssfp/adalib/libgnat.a(s-macres.o)
                0x0800d804                system__machine_reset__stop
 .text.memcpy   0x0800d810       0xb0 /home/pi/ada/STM32/F/F103/try_f103/Ada_Drivers_Library/embedded-runtimes/ravenscar-stm32f103bluepill/ssfp/adalib/libgnat.a(s-memcop.o)
                0x0800d810                memcpy
 .text.memset   0x0800d8c0       0x9c /home/pi/ada/STM32/F/F103/try_f103/Ada_Drivers_Library/embedded-runtimes/ravenscar-stm32f103bluepill/ssfp/adalib/libgnat.a(s-memset.o)
                0x0800d8c0                memset
 .text.system__parameters__adjust_storage_size
                0x0800d95c       0x24 /home/pi/ada/STM32/F/F103/try_f103/Ada_Drivers_Library/embedded-runtimes/ravenscar-stm32f103bluepill/ssfp/adalib/libgnat.a(s-parame.o)
                0x0800d95c                system__parameters__adjust_storage_size
 .text.system__secondary_stack__ss_stackIP
                0x0800d980       0x18 /home/pi/ada/STM32/F/F103/try_f103/Ada_Drivers_Library/embedded-runtimes/ravenscar-stm32f103bluepill/ssfp/adalib/libgnat.a(s-secsta.o)
                0x0800d980                system__secondary_stack__ss_stackIP
 .text.system__secondary_stack__ss_init
                0x0800d998      0x448 /home/pi/ada/STM32/F/F103/try_f103/Ada_Drivers_Library/embedded-runtimes/ravenscar-stm32f103bluepill/ssfp/adalib/libgnat.a(s-secsta.o)
                0x0800d998                system__secondary_stack__ss_init
 .text.system__text_io__initialize
                0x0800dde0      0x438 /home/pi/ada/STM32/F/F103/try_f103/Ada_Drivers_Library/embedded-runtimes/ravenscar-stm32f103bluepill/ssfp/adalib/libgnat.a(s-textio.o)
                0x0800dde0                system__text_io__initialize
 .text.system__text_io__is_tx_ready
                0x0800e218       0x2c /home/pi/ada/STM32/F/F103/try_f103/Ada_Drivers_Library/embedded-runtimes/ravenscar-stm32f103bluepill/ssfp/adalib/libgnat.a(s-textio.o)
                0x0800e218                system__text_io__is_tx_ready
 .text.system__text_io__put
                0x0800e244       0x30 /home/pi/ada/STM32/F/F103/try_f103/Ada_Drivers_Library/embedded-runtimes/ravenscar-stm32f103bluepill/ssfp/adalib/libgnat.a(s-textio.o)
                0x0800e244                system__text_io__put
 .text.system__text_io__use_cr_lf_for_new_line
                0x0800e274       0x10 /home/pi/ada/STM32/F/F103/try_f103/Ada_Drivers_Library/embedded-runtimes/ravenscar-stm32f103bluepill/ssfp/adalib/libgnat.a(s-textio.o)
                0x0800e274                system__text_io__use_cr_lf_for_new_line
 .text          0x0800e284      0x148 /home/pi/ada/STM32/F/F103/try_f103/Ada_Drivers_Library/embedded-runtimes/ravenscar-stm32f103bluepill/ssfp/adalib/libgnat.a(start-rom.o)
                0x0800e284                _start_rom
 .text.system__stm32__system_clocks
                0x0800e3cc       0x3c /home/pi/ada/STM32/F/F103/try_f103/Ada_Drivers_Library/embedded-runtimes/ravenscar-stm32f103bluepill/ssfp/adalib/libgnat.a(s-stm32.o)
                0x0800e3cc                system__stm32__system_clocks
 .text.setup_pll__initialize_clocks.1
                0x0800e408      0x2f8 /home/pi/ada/STM32/F/F103/try_f103/Ada_Drivers_Library/embedded-runtimes/ravenscar-stm32f103bluepill/ssfp/adalib/libgnat.a(setup_pll.o)
 .text._ada_setup_pll
                0x0800e700       0x38 /home/pi/ada/STM32/F/F103/try_f103/Ada_Drivers_Library/embedded-runtimes/ravenscar-stm32f103bluepill/ssfp/adalib/libgnat.a(setup_pll.o)
                0x0800e700                _ada_setup_pll
 .text.setup_pll__reset_clocks.0
                0x0800e738      0x2c0 /home/pi/ada/STM32/F/F103/try_f103/Ada_Drivers_Library/embedded-runtimes/ravenscar-stm32f103bluepill/ssfp/adalib/libgnat.a(setup_pll.o)
 .text.system__bb__mcu_parameters__pwr_initialize
                0x0800e9f8       0x1c /home/pi/ada/STM32/F/F103/try_f103/Ada_Drivers_Library/embedded-runtimes/ravenscar-stm32f103bluepill/ssfp/adalib/libgnat.a(s-bbmcpa.o)
                0x0800e9f8                system__bb__mcu_parameters__pwr_initialize
 .text          0x0800ea14       0xa0 /home/pi/gcc/misc/arm/gcc-14.1.0-aarch64/lib/gcc/arm-eabi/14.1.0/thumb/v7-m/nofp/libgcc.a(_aeabi_ldivmod.o)
                0x0800ea14                __aeabi_ldivmod
 .text          0x0800eab4      0x2f4 /home/pi/gcc/misc/arm/gcc-14.1.0-aarch64/lib/gcc/arm-eabi/14.1.0/thumb/v7-m/nofp/libgcc.a(_udivmoddi4.o)
                0x0800eab4                __udivmoddi4
 .text          0x0800eda8        0x4 /home/pi/gcc/misc/arm/gcc-14.1.0-aarch64/lib/gcc/arm-eabi/14.1.0/thumb/v7-m/nofp/libgcc.a(_dvmd_tls.o)
                0x0800eda8                __aeabi_ldiv0
                0x0800eda8                __aeabi_idiv0
 *(.gnu.warning)

.glue_7         0x0800edac        0x0
 .glue_7        0x0800edac        0x0 linker stubs

.glue_7t        0x0800edac        0x0
 .glue_7t       0x0800edac        0x0 linker stubs

.vfp11_veneer   0x0800edac        0x0
 .vfp11_veneer  0x0800edac        0x0 linker stubs

.v4_bx          0x0800edac        0x0
 .v4_bx         0x0800edac        0x0 linker stubs

.iplt           0x0800edac        0x0
 .iplt          0x0800edac        0x0 try_f103.o

.ARM.extab
 *(.ARM.extab* .gnu.linkonce.armextab.*)
                [!provide]                        PROVIDE (__exidx_start = .)

.ARM.exidx      0x0800edac        0x8
 *(.ARM.exidx* .gnu.linkonce.armexidx.*)
 .ARM.exidx     0x0800edac        0x8 /home/pi/gcc/misc/arm/gcc-14.1.0-aarch64/lib/gcc/arm-eabi/14.1.0/thumb/v7-m/nofp/libgcc.a(_udivmoddi4.o)
                [!provide]                        PROVIDE (__exidx_end = .)

.rodata         0x0800edb4     0x1590
 *(.lit)
 *(.rodata .rodata.* .gnu.linkonce.r*)
 .rodata        0x0800edb4        0x8 b__try_f103.o
 .rodata.__gnat_ada_main_program_name
                0x0800edbc        0xe b__try_f103.o
                0x0800edbc                __gnat_ada_main_program_name
 *fill*         0x0800edca        0x2 
 .rodata        0x0800edcc      0x1e2 /home/pi/ada/STM32/F/F103/try_f103/Ada_Drivers_Library/arch/ARM/STM32/lib/stm32f103bluepill/ravenscar-ssfp/Debug/libstm32f103.a(stm32-device.o)
 *fill*         0x0800efae        0x2 
 .rodata.stm32__device__hpre_presc_table
                0x0800efb0       0x40 /home/pi/ada/STM32/F/F103/try_f103/Ada_Drivers_Library/arch/ARM/STM32/lib/stm32f103bluepill/ravenscar-ssfp/Debug/libstm32f103.a(stm32-device.o)
                0x0800efb0                stm32__device__hpre_presc_table
 .rodata.stm32__device__ppre_presc_table
                0x0800eff0       0x20 /home/pi/ada/STM32/F/F103/try_f103/Ada_Drivers_Library/arch/ARM/STM32/lib/stm32f103bluepill/ravenscar-ssfp/Debug/libstm32f103.a(stm32-device.o)
                0x0800eff0                stm32__device__ppre_presc_table
 .rodata        0x0800f010        0xf /home/pi/ada/STM32/F/F103/try_f103/Ada_Drivers_Library/arch/ARM/STM32/lib/stm32f103bluepill/ravenscar-ssfp/Debug/libstm32f103.a(stm32-exti.o)
 *fill*         0x0800f01f        0x1 
 .rodata        0x0800f020      0x270 /home/pi/ada/STM32/F/F103/try_f103/Ada_Drivers_Library/arch/ARM/STM32/lib/stm32f103bluepill/ravenscar-ssfp/Debug/libstm32f103.a(stm32-gpio.o)
 .rodata.stm32__gpio__gpio_pointE414s
                0x0800f290       0x16 /home/pi/ada/STM32/F/F103/try_f103/Ada_Drivers_Library/arch/ARM/STM32/lib/stm32f103bluepill/ravenscar-ssfp/Debug/libstm32f103.a(stm32-gpio.o)
                0x0800f290                stm32__gpio__gpio_pointE414s
 *fill*         0x0800f2a6        0x2 
 .rodata.stm32__gpio__gpio_pointB418s
                0x0800f2a8       0x20 /home/pi/ada/STM32/F/F103/try_f103/Ada_Drivers_Library/arch/ARM/STM32/lib/stm32f103bluepill/ravenscar-ssfp/Debug/libstm32f103.a(stm32-gpio.o)
                0x0800f2a8                stm32__gpio__gpio_pointB418s
 .rodata.stm32__gpio__gpio_pointR416s___UNC
                0x0800f2c8       0x24 /home/pi/ada/STM32/F/F103/try_f103/Ada_Drivers_Library/arch/ARM/STM32/lib/stm32f103bluepill/ravenscar-ssfp/Debug/libstm32f103.a(stm32-gpio.o)
                0x0800f2c8                stm32__gpio__gpio_pointR416s___UNC
 .rodata.stm32__gpio__gpio_pointT
                0x0800f2ec       0x48 /home/pi/ada/STM32/F/F103/try_f103/Ada_Drivers_Library/arch/ARM/STM32/lib/stm32f103bluepill/ravenscar-ssfp/Debug/libstm32f103.a(stm32-gpio.o)
                0x0800f2ec                stm32__gpio__gpio_pointT
 .rodata        0x0800f334       0xf7 /home/pi/ada/STM32/F/F103/try_f103/Ada_Drivers_Library/arch/ARM/STM32/lib/stm32f103bluepill/ravenscar-ssfp/Debug/libstm32f103.a(stm32-i2c.o)
 *fill*         0x0800f42b        0x1 
 .rodata.stm32__i2c__i2c_portE99s
                0x0800f42c       0x13 /home/pi/ada/STM32/F/F103/try_f103/Ada_Drivers_Library/arch/ARM/STM32/lib/stm32f103bluepill/ravenscar-ssfp/Debug/libstm32f103.a(stm32-i2c.o)
                0x0800f42c                stm32__i2c__i2c_portE99s
 *fill*         0x0800f43f        0x1 
 .rodata.stm32__i2c__i2c_portB103s
                0x0800f440       0x20 /home/pi/ada/STM32/F/F103/try_f103/Ada_Drivers_Library/arch/ARM/STM32/lib/stm32f103bluepill/ravenscar-ssfp/Debug/libstm32f103.a(stm32-i2c.o)
                0x0800f440                stm32__i2c__i2c_portB103s
 .rodata.stm32__i2c__i2c_portR101s___UNC
                0x0800f460        0xc /home/pi/ada/STM32/F/F103/try_f103/Ada_Drivers_Library/arch/ARM/STM32/lib/stm32f103bluepill/ravenscar-ssfp/Debug/libstm32f103.a(stm32-i2c.o)
                0x0800f460                stm32__i2c__i2c_portR101s___UNC
 .rodata.stm32__i2c__i2c_portT
                0x0800f46c       0x3c /home/pi/ada/STM32/F/F103/try_f103/Ada_Drivers_Library/arch/ARM/STM32/lib/stm32f103bluepill/ravenscar-ssfp/Debug/libstm32f103.a(stm32-i2c.o)
                0x0800f46c                stm32__i2c__i2c_portT
 .rodata        0x0800f4a8      0x18e /home/pi/ada/STM32/F/F103/try_f103/Ada_Drivers_Library/arch/ARM/STM32/lib/stm32f103bluepill/ravenscar-ssfp/Debug/libstm32f103.a(stm32-i2s.o)
 *fill*         0x0800f636        0x2 
 .rodata.stm32__i2s__i2s_portE142s
                0x0800f638       0x13 /home/pi/ada/STM32/F/F103/try_f103/Ada_Drivers_Library/arch/ARM/STM32/lib/stm32f103bluepill/ravenscar-ssfp/Debug/libstm32f103.a(stm32-i2s.o)
                0x0800f638                stm32__i2s__i2s_portE142s
 *fill*         0x0800f64b        0x1 
 .rodata.stm32__i2s__i2s_portB146s
                0x0800f64c       0x20 /home/pi/ada/STM32/F/F103/try_f103/Ada_Drivers_Library/arch/ARM/STM32/lib/stm32f103bluepill/ravenscar-ssfp/Debug/libstm32f103.a(stm32-i2s.o)
                0x0800f64c                stm32__i2s__i2s_portB146s
 .rodata.stm32__i2s__i2s_portR144s___UNC
                0x0800f66c        0xc /home/pi/ada/STM32/F/F103/try_f103/Ada_Drivers_Library/arch/ARM/STM32/lib/stm32f103bluepill/ravenscar-ssfp/Debug/libstm32f103.a(stm32-i2s.o)
                0x0800f66c                stm32__i2s__i2s_portR144s___UNC
 .rodata.stm32__i2s__i2s_portT
                0x0800f678       0x34 /home/pi/ada/STM32/F/F103/try_f103/Ada_Drivers_Library/arch/ARM/STM32/lib/stm32f103bluepill/ravenscar-ssfp/Debug/libstm32f103.a(stm32-i2s.o)
                0x0800f678                stm32__i2s__i2s_portT
 .rodata        0x0800f6ac      0x1a6 /home/pi/ada/STM32/F/F103/try_f103/Ada_Drivers_Library/arch/ARM/STM32/lib/stm32f103bluepill/ravenscar-ssfp/Debug/libstm32f103.a(stm32-spi.o)
 *fill*         0x0800f852        0x2 
 .rodata.stm32__spi__spi_portE186s
                0x0800f854       0x13 /home/pi/ada/STM32/F/F103/try_f103/Ada_Drivers_Library/arch/ARM/STM32/lib/stm32f103bluepill/ravenscar-ssfp/Debug/libstm32f103.a(stm32-spi.o)
                0x0800f854                stm32__spi__spi_portE186s
 *fill*         0x0800f867        0x1 
 .rodata.stm32__spi__spi_portB190s
                0x0800f868       0x20 /home/pi/ada/STM32/F/F103/try_f103/Ada_Drivers_Library/arch/ARM/STM32/lib/stm32f103bluepill/ravenscar-ssfp/Debug/libstm32f103.a(stm32-spi.o)
                0x0800f868                stm32__spi__spi_portB190s
 .rodata.stm32__spi__spi_portR188s___UNC
                0x0800f888        0xc /home/pi/ada/STM32/F/F103/try_f103/Ada_Drivers_Library/arch/ARM/STM32/lib/stm32f103bluepill/ravenscar-ssfp/Debug/libstm32f103.a(stm32-spi.o)
                0x0800f888                stm32__spi__spi_portR188s___UNC
 .rodata.stm32__spi__spi_portT
                0x0800f894       0xb0 /home/pi/ada/STM32/F/F103/try_f103/Ada_Drivers_Library/arch/ARM/STM32/lib/stm32f103bluepill/ravenscar-ssfp/Debug/libstm32f103.a(stm32-spi.o)
                0x0800f894                stm32__spi__spi_portT
 .rodata.stm32__spi__baud_rate_value
                0x0800f944        0x8 /home/pi/ada/STM32/F/F103/try_f103/Ada_Drivers_Library/arch/ARM/STM32/lib/stm32f103bluepill/ravenscar-ssfp/Debug/libstm32f103.a(stm32-spi.o)
                0x0800f944                stm32__spi__baud_rate_value
 .rodata        0x0800f94c      0x42a /home/pi/ada/STM32/F/F103/try_f103/Ada_Drivers_Library/arch/ARM/STM32/lib/stm32f103bluepill/ravenscar-ssfp/Debug/libstm32f103.a(stm32-usarts.o)
 *fill*         0x0800fd76        0x2 
 .rodata.stm32__usarts__usartE278s
                0x0800fd78       0x13 /home/pi/ada/STM32/F/F103/try_f103/Ada_Drivers_Library/arch/ARM/STM32/lib/stm32f103bluepill/ravenscar-ssfp/Debug/libstm32f103.a(stm32-usarts.o)
                0x0800fd78                stm32__usarts__usartE278s
 *fill*         0x0800fd8b        0x1 
 .rodata.stm32__usarts__usartB282s
                0x0800fd8c       0x20 /home/pi/ada/STM32/F/F103/try_f103/Ada_Drivers_Library/arch/ARM/STM32/lib/stm32f103bluepill/ravenscar-ssfp/Debug/libstm32f103.a(stm32-usarts.o)
                0x0800fd8c                stm32__usarts__usartB282s
 .rodata.stm32__usarts__usartR280s___UNC
                0x0800fdac        0xc /home/pi/ada/STM32/F/F103/try_f103/Ada_Drivers_Library/arch/ARM/STM32/lib/stm32f103bluepill/ravenscar-ssfp/Debug/libstm32f103.a(stm32-usarts.o)
                0x0800fdac                stm32__usarts__usartR280s___UNC
 .rodata.stm32__usarts__usartT
                0x0800fdb8       0xa4 /home/pi/ada/STM32/F/F103/try_f103/Ada_Drivers_Library/arch/ARM/STM32/lib/stm32f103bluepill/ravenscar-ssfp/Debug/libstm32f103.a(stm32-usarts.o)
                0x0800fdb8                stm32__usarts__usartT
 .rodata.hal__audio__audio_streamE69s
                0x0800fe5c       0x17 /home/pi/ada/Ada_Drivers_Library/hal/lib/stm32f103bluepill/ravenscar-ssfp/Debug/libHAL.a(hal-audio.o)
                0x0800fe5c                hal__audio__audio_streamE69s
 *fill*         0x0800fe73        0x1 
 .rodata.hal__audio__audio_streamB73s
                0x0800fe74       0x1c /home/pi/ada/Ada_Drivers_Library/hal/lib/stm32f103bluepill/ravenscar-ssfp/Debug/libHAL.a(hal-audio.o)
                0x0800fe74                hal__audio__audio_streamB73s
 .rodata.hal__audio__audio_streamT
                0x0800fe90        0x8 /home/pi/ada/Ada_Drivers_Library/hal/lib/stm32f103bluepill/ravenscar-ssfp/Debug/libHAL.a(hal-audio.o)
                0x0800fe90                hal__audio__audio_streamT
 .rodata.hal__gpio__gpio_pointE27s
                0x0800fe98       0x14 /home/pi/ada/Ada_Drivers_Library/hal/lib/stm32f103bluepill/ravenscar-ssfp/Debug/libHAL.a(hal-gpio.o)
                0x0800fe98                hal__gpio__gpio_pointE27s
 .rodata.hal__gpio__gpio_pointB31s
                0x0800feac       0x1c /home/pi/ada/Ada_Drivers_Library/hal/lib/stm32f103bluepill/ravenscar-ssfp/Debug/libHAL.a(hal-gpio.o)
                0x0800feac                hal__gpio__gpio_pointB31s
 .rodata.hal__gpio__gpio_pointT
                0x0800fec8        0x8 /home/pi/ada/Ada_Drivers_Library/hal/lib/stm32f103bluepill/ravenscar-ssfp/Debug/libHAL.a(hal-gpio.o)
                0x0800fec8                hal__gpio__gpio_pointT
 .rodata.hal__i2c__i2c_portE60s
                0x0800fed0       0x11 /home/pi/ada/Ada_Drivers_Library/hal/lib/stm32f103bluepill/ravenscar-ssfp/Debug/libHAL.a(hal-i2c.o)
                0x0800fed0                hal__i2c__i2c_portE60s
 *fill*         0x0800fee1        0x3 
 .rodata.hal__i2c__i2c_portB64s
                0x0800fee4       0x1c /home/pi/ada/Ada_Drivers_Library/hal/lib/stm32f103bluepill/ravenscar-ssfp/Debug/libHAL.a(hal-i2c.o)
                0x0800fee4                hal__i2c__i2c_portB64s
 .rodata.hal__i2c__i2c_portT
                0x0800ff00        0x8 /home/pi/ada/Ada_Drivers_Library/hal/lib/stm32f103bluepill/ravenscar-ssfp/Debug/libHAL.a(hal-i2c.o)
                0x0800ff00                hal__i2c__i2c_portT
 .rodata.hal__spi__spi_portE90s
                0x0800ff08       0x11 /home/pi/ada/Ada_Drivers_Library/hal/lib/stm32f103bluepill/ravenscar-ssfp/Debug/libHAL.a(hal-spi.o)
                0x0800ff08                hal__spi__spi_portE90s
 *fill*         0x0800ff19        0x3 
 .rodata.hal__spi__spi_portB94s
                0x0800ff1c       0x1c /home/pi/ada/Ada_Drivers_Library/hal/lib/stm32f103bluepill/ravenscar-ssfp/Debug/libHAL.a(hal-spi.o)
                0x0800ff1c                hal__spi__spi_portB94s
 .rodata.hal__spi__spi_portT
                0x0800ff38        0x8 /home/pi/ada/Ada_Drivers_Library/hal/lib/stm32f103bluepill/ravenscar-ssfp/Debug/libHAL.a(hal-spi.o)
                0x0800ff38                hal__spi__spi_portT
 .rodata.hal__uart__uart_portE84s
                0x0800ff40       0x13 /home/pi/ada/Ada_Drivers_Library/hal/lib/stm32f103bluepill/ravenscar-ssfp/Debug/libHAL.a(hal-uart.o)
                0x0800ff40                hal__uart__uart_portE84s
 *fill*         0x0800ff53        0x1 
 .rodata.hal__uart__uart_portB88s
                0x0800ff54       0x1c /home/pi/ada/Ada_Drivers_Library/hal/lib/stm32f103bluepill/ravenscar-ssfp/Debug/libHAL.a(hal-uart.o)
                0x0800ff54                hal__uart__uart_portB88s
 .rodata.hal__uart__uart_portT
                0x0800ff70        0x8 /home/pi/ada/Ada_Drivers_Library/hal/lib/stm32f103bluepill/ravenscar-ssfp/Debug/libHAL.a(hal-uart.o)
                0x0800ff70                hal__uart__uart_portT