Archive member included to satisfy reference by file (symbol)

/home/hedley/ada/STM32/F/F103/adcgpio_f103/Ada_Drivers_Library/boards/lib/stm32f103bluepill/ravenscar-ssfp/Debug/libstm32f103bluepill.a(stm32-board.o)
                              adcgpio_f103.o (stm32__board__initialize_board)
/home/hedley/ada/STM32/F/F103/adcgpio_f103/Ada_Drivers_Library/arch/ARM/STM32/lib/stm32f103bluepill/ravenscar-ssfp/Debug/libstm32f103.a(stm32-adc.o)
                              adcgpio_f103.o (stm32__adc__enable)
/home/hedley/ada/STM32/F/F103/adcgpio_f103/Ada_Drivers_Library/arch/ARM/STM32/lib/stm32f103bluepill/ravenscar-ssfp/Debug/libstm32f103.a(stm32-dac.o)
                              b__adcgpio_f103.o (stm32__dac_E)
/home/hedley/ada/STM32/F/F103/adcgpio_f103/Ada_Drivers_Library/arch/ARM/STM32/lib/stm32f103bluepill/ravenscar-ssfp/Debug/libstm32f103.a(stm32-device.o)
                              adcgpio_f103.o (stm32__device__enable_clock__2)
/home/hedley/ada/STM32/F/F103/adcgpio_f103/Ada_Drivers_Library/arch/ARM/STM32/lib/stm32f103bluepill/ravenscar-ssfp/Debug/libstm32f103.a(stm32-exti.o)
                              b__adcgpio_f103.o (stm32__exti_E)
/home/hedley/ada/STM32/F/F103/adcgpio_f103/Ada_Drivers_Library/arch/ARM/STM32/lib/stm32f103bluepill/ravenscar-ssfp/Debug/libstm32f103.a(stm32-gpio.o)
                              adcgpio_f103.o (stm32__gpio__gpio_pointT)
/home/hedley/ada/STM32/F/F103/adcgpio_f103/Ada_Drivers_Library/arch/ARM/STM32/lib/stm32f103bluepill/ravenscar-ssfp/Debug/libstm32f103.a(stm32-i2c.o)
                              /home/hedley/ada/STM32/F/F103/adcgpio_f103/Ada_Drivers_Library/arch/ARM/STM32/lib/stm32f103bluepill/ravenscar-ssfp/Debug/libstm32f103.a(stm32-device.o) (stm32__i2c__i2c_portIP)
/home/hedley/ada/STM32/F/F103/adcgpio_f103/Ada_Drivers_Library/arch/ARM/STM32/lib/stm32f103bluepill/ravenscar-ssfp/Debug/libstm32f103.a(stm32-i2s.o)
                              /home/hedley/ada/STM32/F/F103/adcgpio_f103/Ada_Drivers_Library/arch/ARM/STM32/lib/stm32f103bluepill/ravenscar-ssfp/Debug/libstm32f103.a(stm32-device.o) (stm32__i2s__i2s_portIP)
/home/hedley/ada/STM32/F/F103/adcgpio_f103/Ada_Drivers_Library/arch/ARM/STM32/lib/stm32f103bluepill/ravenscar-ssfp/Debug/libstm32f103.a(stm32-spi.o)
                              /home/hedley/ada/STM32/F/F103/adcgpio_f103/Ada_Drivers_Library/arch/ARM/STM32/lib/stm32f103bluepill/ravenscar-ssfp/Debug/libstm32f103.a(stm32-device.o) (stm32__spi__spi_portIP)
/home/hedley/ada/STM32/F/F103/adcgpio_f103/Ada_Drivers_Library/arch/ARM/STM32/lib/stm32f103bluepill/ravenscar-ssfp/Debug/libstm32f103.a(stm32-usarts.o)
                              /home/hedley/ada/STM32/F/F103/adcgpio_f103/Ada_Drivers_Library/arch/ARM/STM32/lib/stm32f103bluepill/ravenscar-ssfp/Debug/libstm32f103.a(stm32-device.o) (stm32__usarts__usartIP)
/home/hedley/ada/STM32/F/F103/adcgpio_f103/Ada_Drivers_Library/arch/ARM/STM32/lib/stm32f103bluepill/ravenscar-ssfp/Debug/libstm32f103.a(stm32_svd-adc.o)
                              /home/hedley/ada/STM32/F/F103/adcgpio_f103/Ada_Drivers_Library/arch/ARM/STM32/lib/stm32f103bluepill/ravenscar-ssfp/Debug/libstm32f103.a(stm32-adc.o) (stm32_svd__adc__smpr1_registerEQ)
/home/hedley/ada/STM32/F/F103/adcgpio_f103/Ada_Drivers_Library/arch/ARM/STM32/lib/stm32f103bluepill/ravenscar-ssfp/Debug/libstm32f103.a(stm32_svd-dac.o)
                              /home/hedley/ada/STM32/F/F103/adcgpio_f103/Ada_Drivers_Library/arch/ARM/STM32/lib/stm32f103bluepill/ravenscar-ssfp/Debug/libstm32f103.a(stm32-dac.o) (stm32_svd__dac__swtrigr_registerEQ)
/home/hedley/ada/STM32/F/F103/adcgpio_f103/Ada_Drivers_Library/arch/ARM/STM32/lib/stm32f103bluepill/ravenscar-ssfp/Debug/libstm32f103.a(stm32_svd-i2c.o)
                              /home/hedley/ada/STM32/F/F103/adcgpio_f103/Ada_Drivers_Library/arch/ARM/STM32/lib/stm32f103bluepill/ravenscar-ssfp/Debug/libstm32f103.a(stm32-i2c.o) (stm32_svd__i2c__cr1_registerIP)
/home/hedley/ada/STM32/F/F103/adcgpio_f103/Ada_Drivers_Library/arch/ARM/STM32/lib/stm32f103bluepill/ravenscar-ssfp/Debug/libstm32f103.a(stm32_svd-spi.o)
                              /home/hedley/ada/STM32/F/F103/adcgpio_f103/Ada_Drivers_Library/arch/ARM/STM32/lib/stm32f103bluepill/ravenscar-ssfp/Debug/libstm32f103.a(stm32-spi.o) (stm32_svd__spi__sr_registerIP)
/home/hedley/ada/Ada_Drivers_Library/hal/lib/stm32f103bluepill/ravenscar-ssfp/Debug/libHAL.a(hal-audio.o)
                              /home/hedley/ada/STM32/F/F103/adcgpio_f103/Ada_Drivers_Library/arch/ARM/STM32/lib/stm32f103bluepill/ravenscar-ssfp/Debug/libstm32f103.a(stm32-i2s.o) (hal__audio__audio_streamT)
/home/hedley/ada/Ada_Drivers_Library/hal/lib/stm32f103bluepill/ravenscar-ssfp/Debug/libHAL.a(hal-gpio.o)
                              /home/hedley/ada/STM32/F/F103/adcgpio_f103/Ada_Drivers_Library/arch/ARM/STM32/lib/stm32f103bluepill/ravenscar-ssfp/Debug/libstm32f103.a(stm32-gpio.o) (hal__gpio__gpio_pointT)
[...]
Memory Configuration

Name             Origin             Length             Attributes
flash            0x0000000008000000 0x0000000000020000 xr
sram             0x0000000020000000 0x0000000000005000 xrw
*default*        0x0000000000000000 0xffffffffffffffff

Linker script and memory map

LOAD adcgpio_f103.o
LOAD b__adcgpio_f103.o
LOAD /home/hedley/ada/STM32/F/F103/adcgpio_f103/Ada_Drivers_Library/boards/lib/stm32f103bluepill/ravenscar-ssfp/Debug/libstm32f103bluepill.a
LOAD /home/hedley/ada/STM32/F/F103/adcgpio_f103/Ada_Drivers_Library/components/lib/stm32f103bluepill/ravenscar-ssfp/Debug/libcomponents.a
LOAD /home/hedley/ada/STM32/F/F103/adcgpio_f103/Ada_Drivers_Library/middleware/lib/stm32f103bluepill/ravenscar-ssfp/Debug/libservices.a
LOAD /home/hedley/ada/STM32/F/F103/adcgpio_f103/Ada_Drivers_Library/arch/ARM/STM32/lib/stm32f103bluepill/ravenscar-ssfp/Debug/libstm32f103.a
LOAD /home/hedley/ada/STM32/F/F103/adcgpio_f103/Ada_Drivers_Library/arch/ARM/cortex_m/lib/cortex-m3/stm32f103bluepill/ravenscar-ssfp/Debug/libcortex-m3.a
LOAD /home/hedley/ada/Ada_Drivers_Library/hal/lib/stm32f103bluepill/ravenscar-ssfp/Debug/libHAL.a
LOAD /home/hedley/ada/STM32/F/F103/adcgpio_f103/Ada_Drivers_Library/embedded-runtimes/ravenscar-stm32f103bluepill/ssfp/adalib/libgnarl.a
LOAD /home/hedley/ada/STM32/F/F103/adcgpio_f103/Ada_Drivers_Library/embedded-runtimes/ravenscar-stm32f103bluepill/ssfp/adalib/libgnat.a
                0x0000000000001000                __stack_size = 0x1000
LOAD /home/hedley/ada/Ada_Drivers_Library/embedded-runtimes/ravenscar-stm32f103bluepill/ssfp/adalib/libgnarl.a
LOAD /home/hedley/ada/Ada_Drivers_Library/embedded-runtimes/ravenscar-stm32f103bluepill/ssfp/adalib/libgnat.a
START GROUP
LOAD /opt/GNAT/2019-arm-elf/bin/../lib/gcc/arm-eabi/7.4.1/thumb/v7-m/libgcc.a
END GROUP
                0x0000000000000000                __DYNAMIC = 0x0
                0x0000000000000800                _DEFAULT_STACK_SIZE = 0x800

.text           0x0000000008000000     0xcee4
 *(.vectors)
 .vectors       0x0000000008000000       0x20 /home/hedley/ada/STM32/F/F103/adcgpio_f103/Ada_Drivers_Library/embedded-runtimes/ravenscar-stm32f103bluepill/ssfp/adalib/libgnat.a(start-rom.o)
                0x000000000800001c                local_id
 *(.text .text.* .gnu.linkonce.t*)
 .text.adcgpio_f103__configure_analog_input.5149
                0x0000000008000020       0x4c adcgpio_f103.o
 .text._ada_adcgpio_f103
                0x000000000800006c      0x24c adcgpio_f103.o
                0x000000000800006c                _ada_adcgpio_f103
 .text.ada_main__Tsec_default_sized_stacksBIP
                0x00000000080002b8       0x44 b__adcgpio_f103.o
                0x00000000080002b8                ada_main__Tsec_default_sized_stacksBIP
 .text.adainit  0x00000000080002fc       0xf0 b__adcgpio_f103.o
                0x00000000080002fc                adainit
 .text.main     0x00000000080003ec       0x1c b__adcgpio_f103.o
                0x00000000080003ec                main
 .text.ada_main___elabb
                0x0000000008000408       0x1c b__adcgpio_f103.o
                0x0000000008000408                ada_main___elabb
 .text.stm32__board__initialize_leds
                0x0000000008000424       0x30 /home/hedley/ada/STM32/F/F103/adcgpio_f103/Ada_Drivers_Library/boards/lib/stm32f103bluepill/ravenscar-ssfp/Debug/libstm32f103bluepill.a(stm32-board.o)
                0x0000000008000424                stm32__board__initialize_leds
 .text.stm32__board__initialize_board
                0x0000000008000454       0x10 /home/hedley/ada/STM32/F/F103/adcgpio_f103/Ada_Drivers_Library/boards/lib/stm32f103bluepill/ravenscar-ssfp/Debug/libstm32f103bluepill.a(stm32-board.o)
                0x0000000008000454                stm32__board__initialize_board
 .text.stm32__adc__regular_channel_conversion_triggerD2
                0x0000000008000464       0x20 /home/hedley/ada/STM32/F/F103/adcgpio_f103/Ada_Drivers_Library/arch/ARM/STM32/lib/stm32f103bluepill/ravenscar-ssfp/Debug/libstm32f103.a(stm32-adc.o)
                0x0000000008000464                stm32__adc__regular_channel_conversion_triggerD2
 .text.stm32__adc__length_matches_expected
                0x0000000008000484       0xa4 /home/hedley/ada/STM32/F/F103/adcgpio_f103/Ada_Drivers_Library/arch/ARM/STM32/lib/stm32f103bluepill/ravenscar-ssfp/Debug/libstm32f103.a(stm32-adc.o)
                0x0000000008000484                stm32__adc__length_matches_expected
 .text.stm32__adc__enable___postconditions.5746
                0x0000000008000528       0x3c /home/hedley/ada/STM32/F/F103/adcgpio_f103/Ada_Drivers_Library/arch/ARM/STM32/lib/stm32f103bluepill/ravenscar-ssfp/Debug/libstm32f103.a(stm32-adc.o)
 .text.stm32__adc__enable
                0x0000000008000564       0x68 /home/hedley/ada/STM32/F/F103/adcgpio_f103/Ada_Drivers_Library/arch/ARM/STM32/lib/stm32f103bluepill/ravenscar-ssfp/Debug/libstm32f103.a(stm32-adc.o)
                0x0000000008000564                stm32__adc__enable
 .text.stm32__adc__enabled
                0x00000000080005cc       0x20 /home/hedley/ada/STM32/F/F103/adcgpio_f103/Ada_Drivers_Library/arch/ARM/STM32/lib/stm32f103bluepill/ravenscar-ssfp/Debug/libstm32f103.a(stm32-adc.o)
                0x00000000080005cc                stm32__adc__enabled
 .text.stm32__adc__conversion_value
                0x00000000080005ec       0x1c /home/hedley/ada/STM32/F/F103/adcgpio_f103/Ada_Drivers_Library/arch/ARM/STM32/lib/stm32f103bluepill/ravenscar-ssfp/Debug/libstm32f103.a(stm32-adc.o)
                0x00000000080005ec                stm32__adc__conversion_value
 .text.stm32__adc__configure_unit___postconditions.5775
                0x0000000008000608       0x38 /home/hedley/ada/STM32/F/F103/adcgpio_f103/Ada_Drivers_Library/arch/ARM/STM32/lib/stm32f103bluepill/ravenscar-ssfp/Debug/libstm32f103.a(stm32-adc.o)
 .text.stm32__adc__configure_unit
                0x0000000008000640       0x4c /home/hedley/ada/STM32/F/F103/adcgpio_f103/Ada_Drivers_Library/arch/ARM/STM32/lib/stm32f103bluepill/ravenscar-ssfp/Debug/libstm32f103.a(stm32-adc.o)
                0x0000000008000640                stm32__adc__configure_unit
 .text.stm32__adc__current_alignment
                0x000000000800068c       0x30 /home/hedley/ada/STM32/F/F103/adcgpio_f103/Ada_Drivers_Library/arch/ARM/STM32/lib/stm32f103bluepill/ravenscar-ssfp/Debug/libstm32f103.a(stm32-adc.o)
                0x000000000800068c                stm32__adc__current_alignment
 .text.stm32__adc__configure_regular_conversions___postconditions.5796
                0x00000000080006bc       0x70 /home/hedley/ada/STM32/F/F103/adcgpio_f103/Ada_Drivers_Library/arch/ARM/STM32/lib/stm32f103bluepill/ravenscar-ssfp/Debug/libstm32f103.a(stm32-adc.o)
 .text.stm32__adc__configure_regular_conversions
                0x000000000800072c      0x1ec /home/hedley/ada/STM32/F/F103/adcgpio_f103/Ada_Drivers_Library/arch/ARM/STM32/lib/stm32f103bluepill/ravenscar-ssfp/Debug/libstm32f103.a(stm32-adc.o)
                0x000000000800072c                stm32__adc__configure_regular_conversions
 .text.stm32__adc__regular_conversions_expected
                0x0000000008000918       0x24 /home/hedley/ada/STM32/F/F103/adcgpio_f103/Ada_Drivers_Library/arch/ARM/STM32/lib/stm32f103bluepill/ravenscar-ssfp/Debug/libstm32f103.a(stm32-adc.o)
                0x0000000008000918                stm32__adc__regular_conversions_expected
 .text.stm32__adc__scan_mode_enabled
                0x000000000800093c       0x20 /home/hedley/ada/STM32/F/F103/adcgpio_f103/Ada_Drivers_Library/arch/ARM/STM32/lib/stm32f103bluepill/ravenscar-ssfp/Debug/libstm32f103.a(stm32-adc.o)
                0x000000000800093c                stm32__adc__scan_mode_enabled
 .text.stm32__adc__configure_regular_channel
                0x000000000800095c       0x34 /home/hedley/ada/STM32/F/F103/adcgpio_f103/Ada_Drivers_Library/arch/ARM/STM32/lib/stm32f103bluepill/ravenscar-ssfp/Debug/libstm32f103.a(stm32-adc.o)
                0x000000000800095c                stm32__adc__configure_regular_channel
 .text.stm32__adc__start_conversion
                0x0000000008000990       0x60 /home/hedley/ada/STM32/F/F103/adcgpio_f103/Ada_Drivers_Library/arch/ARM/STM32/lib/stm32f103bluepill/ravenscar-ssfp/Debug/libstm32f103.a(stm32-adc.o)
                0x0000000008000990                stm32__adc__start_conversion
 .text.stm32__adc__poll_for_status
                0x00000000080009f0       0x58 /home/hedley/ada/STM32/F/F103/adcgpio_f103/Ada_Drivers_Library/arch/ARM/STM32/lib/stm32f103bluepill/ravenscar-ssfp/Debug/libstm32f103.a(stm32-adc.o)
                0x00000000080009f0                stm32__adc__poll_for_status
 .text.stm32__adc__status
                0x0000000008000a48       0x84 /home/hedley/ada/STM32/F/F103/adcgpio_f103/Ada_Drivers_Library/arch/ARM/STM32/lib/stm32f103bluepill/ravenscar-ssfp/Debug/libstm32f103.a(stm32-adc.o)
                0x0000000008000a48                stm32__adc__status
 .text.stm32__adc__set_sequence_position
                0x0000000008000acc      0x1bc /home/hedley/ada/STM32/F/F103/adcgpio_f103/Ada_Drivers_Library/arch/ARM/STM32/lib/stm32f103bluepill/ravenscar-ssfp/Debug/libstm32f103.a(stm32-adc.o)
 .text.stm32__adc__set_sampling_time
                0x0000000008000c88      0x114 /home/hedley/ada/STM32/F/F103/adcgpio_f103/Ada_Drivers_Library/arch/ARM/STM32/lib/stm32f103bluepill/ravenscar-ssfp/Debug/libstm32f103.a(stm32-adc.o)
 .text.stm32__adc___elabs
                0x0000000008000d9c       0x30 /home/hedley/ada/STM32/F/F103/adcgpio_f103/Ada_Drivers_Library/arch/ARM/STM32/lib/stm32f103bluepill/ravenscar-ssfp/Debug/libstm32f103.a(stm32-adc.o)
                0x0000000008000d9c                stm32__adc___elabs
 .text.stm32__device__enable_clock
                0x0000000008000dcc      0x268 /home/hedley/ada/STM32/F/F103/adcgpio_f103/Ada_Drivers_Library/arch/ARM/STM32/lib/stm32f103bluepill/ravenscar-ssfp/Debug/libstm32f103.a(stm32-device.o)
                0x0000000008000dcc                stm32__device__enable_clock
 .text.stm32__device__enable_clock__2
                0x0000000008001034       0x2c /home/hedley/ada/STM32/F/F103/adcgpio_f103/Ada_Drivers_Library/arch/ARM/STM32/lib/stm32f103bluepill/ravenscar-ssfp/Debug/libstm32f103.a(stm32-device.o)
                0x0000000008001034                stm32__device__enable_clock__2
 .text.stm32__device__enable_clock__4
                0x0000000008001060      0x1e0 /home/hedley/ada/STM32/F/F103/adcgpio_f103/Ada_Drivers_Library/arch/ARM/STM32/lib/stm32f103bluepill/ravenscar-ssfp/Debug/libstm32f103.a(stm32-device.o)
                0x0000000008001060                stm32__device__enable_clock__4
 .text.stm32__device__reset_all_adc_units
                0x0000000008001240       0x58 /home/hedley/ada/STM32/F/F103/adcgpio_f103/Ada_Drivers_Library/arch/ARM/STM32/lib/stm32f103bluepill/ravenscar-ssfp/Debug/libstm32f103.a(stm32-device.o)
                0x0000000008001240                stm32__device__reset_all_adc_units
 .text.stm32__device__system_clock_frequencies
                0x0000000008001298      0x1e8 /home/hedley/ada/STM32/F/F103/adcgpio_f103/Ada_Drivers_Library/arch/ARM/STM32/lib/stm32f103bluepill/ravenscar-ssfp/Debug/libstm32f103.a(stm32-device.o)
                0x0000000008001298                stm32__device__system_clock_frequencies
 .text.stm32__device___elabs
                0x0000000008001480      0xb40 /home/hedley/ada/STM32/F/F103/adcgpio_f103/Ada_Drivers_Library/arch/ARM/STM32/lib/stm32f103bluepill/ravenscar-ssfp/Debug/libstm32f103.a(stm32-device.o)
                0x0000000008001480                stm32__device___elabs
 .text.stm32__exti__enable_external_interrupt
                0x0000000008001fc0      0x130 /home/hedley/ada/STM32/F/F103/adcgpio_f103/Ada_Drivers_Library/arch/ARM/STM32/lib/stm32f103bluepill/ravenscar-ssfp/Debug/libstm32f103.a(stm32-exti.o)
                0x0000000008001fc0                stm32__exti__enable_external_interrupt
 .text.stm32__exti__enable_external_event
                0x00000000080020f0      0x138 /home/hedley/ada/STM32/F/F103/adcgpio_f103/Ada_Drivers_Library/arch/ARM/STM32/lib/stm32f103bluepill/ravenscar-ssfp/Debug/libstm32f103.a(stm32-exti.o)
                0x00000000080020f0                stm32__exti__enable_external_event
 .text.stm32__gpio__gpio_pinRP
                0x0000000008002228       0xd0 /home/hedley/ada/STM32/F/F103/adcgpio_f103/Ada_Drivers_Library/arch/ARM/STM32/lib/stm32f103bluepill/ravenscar-ssfp/Debug/libstm32f103.a(stm32-gpio.o)
                0x0000000008002228                stm32__gpio__gpio_pinRP
 .text.stm32__gpio___size__2
                0x00000000080022f8       0x1c /home/hedley/ada/STM32/F/F103/adcgpio_f103/Ada_Drivers_Library/arch/ARM/STM32/lib/stm32f103bluepill/ravenscar-ssfp/Debug/libstm32f103.a(stm32-gpio.o)
                0x00000000080022f8                stm32__gpio___size__2
 .text.stm32__gpio__Oeq
                0x0000000008002314       0x34 /home/hedley/ada/STM32/F/F103/adcgpio_f103/Ada_Drivers_Library/arch/ARM/STM32/lib/stm32f103bluepill/ravenscar-ssfp/Debug/libstm32f103.a(stm32-gpio.o)
                0x0000000008002314                stm32__gpio__Oeq
 .text.stm32__gpio___assign
                0x0000000008002348       0x24 /home/hedley/ada/STM32/F/F103/adcgpio_f103/Ada_Drivers_Library/arch/ARM/STM32/lib/stm32f103bluepill/ravenscar-ssfp/Debug/libstm32f103.a(stm32-gpio.o)
                0x0000000008002348                stm32__gpio___assign
 .text.stm32__gpio__mode
                0x000000000800236c       0xcc /home/hedley/ada/STM32/F/F103/adcgpio_f103/Ada_Drivers_Library/arch/ARM/STM32/lib/stm32f103bluepill/ravenscar-ssfp/Debug/libstm32f103.a(stm32-gpio.o)
                0x000000000800236c                stm32__gpio__mode
 .text.stm32__gpio__set_mode
                0x0000000008002438      0x118 /home/hedley/ada/STM32/F/F103/adcgpio_f103/Ada_Drivers_Library/arch/ARM/STM32/lib/stm32f103bluepill/ravenscar-ssfp/Debug/libstm32f103.a(stm32-gpio.o)
                0x0000000008002438                stm32__gpio__set_mode
 .text.stm32__gpio__pull_resistor
                0x0000000008002550       0x38 /home/hedley/ada/STM32/F/F103/adcgpio_f103/Ada_Drivers_Library/arch/ARM/STM32/lib/stm32f103bluepill/ravenscar-ssfp/Debug/libstm32f103.a(stm32-gpio.o)
                0x0000000008002550                stm32__gpio__pull_resistor
 .text.stm32__gpio__set_pull_resistor
                0x0000000008002588       0x3c /home/hedley/ada/STM32/F/F103/adcgpio_f103/Ada_Drivers_Library/arch/ARM/STM32/lib/stm32f103bluepill/ravenscar-ssfp/Debug/libstm32f103.a(stm32-gpio.o)
                0x0000000008002588                stm32__gpio__set_pull_resistor
 .text.stm32__gpio__set
                0x00000000080025c4       0x48 /home/hedley/ada/STM32/F/F103/adcgpio_f103/Ada_Drivers_Library/arch/ARM/STM32/lib/stm32f103bluepill/ravenscar-ssfp/Debug/libstm32f103.a(stm32-gpio.o)
                0x00000000080025c4                stm32__gpio__set
 .text.stm32__gpio__set__2
                0x000000000800260c       0x5c /home/hedley/ada/STM32/F/F103/adcgpio_f103/Ada_Drivers_Library/arch/ARM/STM32/lib/stm32f103bluepill/ravenscar-ssfp/Debug/libstm32f103.a(stm32-gpio.o)
                0x000000000800260c                stm32__gpio__set__2
 .text.stm32__gpio__clear
                0x0000000008002668       0x5c /home/hedley/ada/STM32/F/F103/adcgpio_f103/Ada_Drivers_Library/arch/ARM/STM32/lib/stm32f103bluepill/ravenscar-ssfp/Debug/libstm32f103.a(stm32-gpio.o)
                0x0000000008002668                stm32__gpio__clear
 .text.stm32__gpio__toggle
                0x00000000080026c4       0x7c /home/hedley/ada/STM32/F/F103/adcgpio_f103/Ada_Drivers_Library/arch/ARM/STM32/lib/stm32f103bluepill/ravenscar-ssfp/Debug/libstm32f103.a(stm32-gpio.o)
                0x00000000080026c4                stm32__gpio__toggle
 .text.stm32__gpio__locked
                0x0000000008002740       0x1c /home/hedley/ada/STM32/F/F103/adcgpio_f103/Ada_Drivers_Library/arch/ARM/STM32/lib/stm32f103bluepill/ravenscar-ssfp/Debug/libstm32f103.a(stm32-gpio.o)
                0x0000000008002740                stm32__gpio__locked
 .text.stm32__gpio__lock_the_pin
                0x000000000800275c       0x30 /home/hedley/ada/STM32/F/F103/adcgpio_f103/Ada_Drivers_Library/arch/ARM/STM32/lib/stm32f103bluepill/ravenscar-ssfp/Debug/libstm32f103.a(stm32-gpio.o)
 .text.stm32__gpio__lock___postconditions.5677
                0x000000000800278c       0x3c /home/hedley/ada/STM32/F/F103/adcgpio_f103/Ada_Drivers_Library/arch/ARM/STM32/lib/stm32f103bluepill/ravenscar-ssfp/Debug/libstm32f103.a(stm32-gpio.o)
 .text.stm32__gpio__lock
                0x00000000080027c8       0x6c /home/hedley/ada/STM32/F/F103/adcgpio_f103/Ada_Drivers_Library/arch/ARM/STM32/lib/stm32f103bluepill/ravenscar-ssfp/Debug/libstm32f103.a(stm32-gpio.o)
                0x00000000080027c8                stm32__gpio__lock
 .text.stm32__gpio__configure_io
                0x0000000008002834      0x1d4 /home/hedley/ada/STM32/F/F103/adcgpio_f103/Ada_Drivers_Library/arch/ARM/STM32/lib/stm32f103bluepill/ravenscar-ssfp/Debug/libstm32f103.a(stm32-gpio.o)
                0x0000000008002834                stm32__gpio__configure_io
 .text.stm32__gpio__configure_alternate_function
                0x0000000008002a08       0x3c /home/hedley/ada/STM32/F/F103/adcgpio_f103/Ada_Drivers_Library/arch/ARM/STM32/lib/stm32f103bluepill/ravenscar-ssfp/Debug/libstm32f103.a(stm32-gpio.o)
                0x0000000008002a08                stm32__gpio__configure_alternate_function
 .text.stm32__gpio__configure_af_swd
                0x0000000008002a44       0x20 /home/hedley/ada/STM32/F/F103/adcgpio_f103/Ada_Drivers_Library/arch/ARM/STM32/lib/stm32f103bluepill/ravenscar-ssfp/Debug/libstm32f103.a(stm32-gpio.o)
                0x0000000008002a44                stm32__gpio__configure_af_swd
 .text.stm32__gpio__interrupt_line_number
                0x0000000008002a64       0x44 /home/hedley/ada/STM32/F/F103/adcgpio_f103/Ada_Drivers_Library/arch/ARM/STM32/lib/stm32f103bluepill/ravenscar-ssfp/Debug/libstm32f103.a(stm32-gpio.o)
                0x0000000008002a64                stm32__gpio__interrupt_line_number
 .text.stm32__gpio__configure_trigger
                0x0000000008002aa8       0x74 /home/hedley/ada/STM32/F/F103/adcgpio_f103/Ada_Drivers_Library/arch/ARM/STM32/lib/stm32f103bluepill/ravenscar-ssfp/Debug/libstm32f103.a(stm32-gpio.o)
                0x0000000008002aa8                stm32__gpio__configure_trigger
 .text.stm32__i2c__i2c_configurationIP
                0x0000000008002b1c       0x28 /home/hedley/ada/STM32/F/F103/adcgpio_f103/Ada_Drivers_Library/arch/ARM/STM32/lib/stm32f103bluepill/ravenscar-ssfp/Debug/libstm32f103.a(stm32-i2c.o)
                0x0000000008002b1c                stm32__i2c__i2c_configurationIP
 .text.stm32__i2c__i2c_portIP
                0x0000000008002b44       0x3c /home/hedley/ada/STM32/F/F103/adcgpio_f103/Ada_Drivers_Library/arch/ARM/STM32/lib/stm32f103bluepill/ravenscar-ssfp/Debug/libstm32f103.a(stm32-i2c.o)
                0x0000000008002b44                stm32__i2c__i2c_portIP
 .text.stm32__i2c___size__2
                0x0000000008002b80       0x1c /home/hedley/ada/STM32/F/F103/adcgpio_f103/Ada_Drivers_Library/arch/ARM/STM32/lib/stm32f103bluepill/ravenscar-ssfp/Debug/libstm32f103.a(stm32-i2c.o)
                0x0000000008002b80                stm32__i2c___size__2
 .text.stm32__i2c__configure___postconditions.5074
                0x0000000008002b9c       0x3c /home/hedley/ada/STM32/F/F103/adcgpio_f103/Ada_Drivers_Library/arch/ARM/STM32/lib/stm32f103bluepill/ravenscar-ssfp/Debug/libstm32f103.a(stm32-i2c.o)
 .text.stm32__i2c__configure
                0x0000000008002bd8      0x69c /home/hedley/ada/STM32/F/F103/adcgpio_f103/Ada_Drivers_Library/arch/ARM/STM32/lib/stm32f103bluepill/ravenscar-ssfp/Debug/libstm32f103.a(stm32-i2c.o)
                0x0000000008002bd8                stm32__i2c__configure
 .text.stm32__i2c__flag_status
                0x0000000008003274      0x1d8 /home/hedley/ada/STM32/F/F103/adcgpio_f103/Ada_Drivers_Library/arch/ARM/STM32/lib/stm32f103bluepill/ravenscar-ssfp/Debug/libstm32f103.a(stm32-i2c.o)
 .text.stm32__i2c__clear_address_sent_status
                0x000000000800344c       0x30 /home/hedley/ada/STM32/F/F103/adcgpio_f103/Ada_Drivers_Library/arch/ARM/STM32/lib/stm32f103bluepill/ravenscar-ssfp/Debug/libstm32f103.a(stm32-i2c.o)
 .text.stm32__i2c__wait_flag
                0x000000000800347c       0x6c /home/hedley/ada/STM32/F/F103/adcgpio_f103/Ada_Drivers_Library/arch/ARM/STM32/lib/stm32f103bluepill/ravenscar-ssfp/Debug/libstm32f103.a(stm32-i2c.o)
 .text.stm32__i2c__wait_master_flag
                0x00000000080034e8       0xb0 /home/hedley/ada/STM32/F/F103/adcgpio_f103/Ada_Drivers_Library/arch/ARM/STM32/lib/stm32f103bluepill/ravenscar-ssfp/Debug/libstm32f103.a(stm32-i2c.o)
 .text.stm32__i2c__master_request_write
                0x0000000008003598      0x110 /home/hedley/ada/STM32/F/F103/adcgpio_f103/Ada_Drivers_Library/arch/ARM/STM32/lib/stm32f103bluepill/ravenscar-ssfp/Debug/libstm32f103.a(stm32-i2c.o)
 .text.stm32__i2c__master_request_read
                0x00000000080036a8      0x18c /home/hedley/ada/STM32/F/F103/adcgpio_f103/Ada_Drivers_Library/arch/ARM/STM32/lib/stm32f103bluepill/ravenscar-ssfp/Debug/libstm32f103.a(stm32-i2c.o)
 .text.stm32__i2c__mem_request_write
                0x0000000008003834      0x180 /home/hedley/ada/STM32/F/F103/adcgpio_f103/Ada_Drivers_Library/arch/ARM/STM32/lib/stm32f103bluepill/ravenscar-ssfp/Debug/libstm32f103.a(stm32-i2c.o)
 .text.stm32__i2c__mem_request_read
                0x00000000080039b4      0x20c /home/hedley/ada/STM32/F/F103/adcgpio_f103/Ada_Drivers_Library/arch/ARM/STM32/lib/stm32f103bluepill/ravenscar-ssfp/Debug/libstm32f103.a(stm32-i2c.o)
 .text.stm32__i2c__master_transmit
                0x0000000008003bc0      0x1bc /home/hedley/ada/STM32/F/F103/adcgpio_f103/Ada_Drivers_Library/arch/ARM/STM32/lib/stm32f103bluepill/ravenscar-ssfp/Debug/libstm32f103.a(stm32-i2c.o)
                0x0000000008003bc0                stm32__i2c__master_transmit
 .text.stm32__i2c__master_receive
                0x0000000008003d7c      0x634 /home/hedley/ada/STM32/F/F103/adcgpio_f103/Ada_Drivers_Library/arch/ARM/STM32/lib/stm32f103bluepill/ravenscar-ssfp/Debug/libstm32f103.a(stm32-i2c.o)
                0x0000000008003d7c                stm32__i2c__master_receive
 .text.stm32__i2c__mem_write
                0x00000000080043b0      0x1d4 /home/hedley/ada/STM32/F/F103/adcgpio_f103/Ada_Drivers_Library/arch/ARM/STM32/lib/stm32f103bluepill/ravenscar-ssfp/Debug/libstm32f103.a(stm32-i2c.o)
                0x00000000080043b0                stm32__i2c__mem_write
 .text.stm32__i2c__mem_read
                0x0000000008004584      0x590 /home/hedley/ada/STM32/F/F103/adcgpio_f103/Ada_Drivers_Library/arch/ARM/STM32/lib/stm32f103bluepill/ravenscar-ssfp/Debug/libstm32f103.a(stm32-i2c.o)
                0x0000000008004584                stm32__i2c__mem_read
 .text.stm32__i2c__set_state
                0x0000000008004b14       0x2c /home/hedley/ada/STM32/F/F103/adcgpio_f103/Ada_Drivers_Library/arch/ARM/STM32/lib/stm32f103bluepill/ravenscar-ssfp/Debug/libstm32f103.a(stm32-i2c.o)
                0x0000000008004b14                stm32__i2c__set_state
 .text.stm32__i2c__port_enabled
                0x0000000008004b40       0x20 /home/hedley/ada/STM32/F/F103/adcgpio_f103/Ada_Drivers_Library/arch/ARM/STM32/lib/stm32f103bluepill/ravenscar-ssfp/Debug/libstm32f103.a(stm32-i2c.o)
                0x0000000008004b40                stm32__i2c__port_enabled
 .text.stm32__i2c__enable_interrupt___postconditions.5333
                0x0000000008004b60       0x40 /home/hedley/ada/STM32/F/F103/adcgpio_f103/Ada_Drivers_Library/arch/ARM/STM32/lib/stm32f103bluepill/ravenscar-ssfp/Debug/libstm32f103.a(stm32-i2c.o)
 .text.stm32__i2c__enable_interrupt
                0x0000000008004ba0       0x98 /home/hedley/ada/STM32/F/F103/adcgpio_f103/Ada_Drivers_Library/arch/ARM/STM32/lib/stm32f103bluepill/ravenscar-ssfp/Debug/libstm32f103.a(stm32-i2c.o)
                0x0000000008004ba0                stm32__i2c__enable_interrupt
 .text.stm32__i2c__disable_interrupt___postconditions.5341
                0x0000000008004c38       0x38 /home/hedley/ada/STM32/F/F103/adcgpio_f103/Ada_Drivers_Library/arch/ARM/STM32/lib/stm32f103bluepill/ravenscar-ssfp/Debug/libstm32f103.a(stm32-i2c.o)
 .text.stm32__i2c__disable_interrupt
                0x0000000008004c70       0x8c /home/hedley/ada/STM32/F/F103/adcgpio_f103/Ada_Drivers_Library/arch/ARM/STM32/lib/stm32f103bluepill/ravenscar-ssfp/Debug/libstm32f103.a(stm32-i2c.o)
                0x0000000008004c70                stm32__i2c__disable_interrupt
 .text.stm32__i2c__enabled
                0x0000000008004cfc       0x68 /home/hedley/ada/STM32/F/F103/adcgpio_f103/Ada_Drivers_Library/arch/ARM/STM32/lib/stm32f103bluepill/ravenscar-ssfp/Debug/libstm32f103.a(stm32-i2c.o)
                0x0000000008004cfc                stm32__i2c__enabled
 .text.stm32__i2s__i2s_portIP
                0x0000000008004d64       0x2c /home/hedley/ada/STM32/F/F103/adcgpio_f103/Ada_Drivers_Library/arch/ARM/STM32/lib/stm32f103bluepill/ravenscar-ssfp/Debug/libstm32f103.a(stm32-i2s.o)
                0x0000000008004d64                stm32__i2s__i2s_portIP
 .text.stm32__i2s___size__2
                0x0000000008004d90       0x1c /home/hedley/ada/STM32/F/F103/adcgpio_f103/Ada_Drivers_Library/arch/ARM/STM32/lib/stm32f103bluepill/ravenscar-ssfp/Debug/libstm32f103.a(stm32-i2s.o)
                0x0000000008004d90                stm32__i2s___size__2
 .text.stm32__i2s__configure___postconditions.4886
                0x0000000008004dac       0x34 /home/hedley/ada/STM32/F/F103/adcgpio_f103/Ada_Drivers_Library/arch/ARM/STM32/lib/stm32f103bluepill/ravenscar-ssfp/Debug/libstm32f103.a(stm32-i2s.o)
 .text.stm32__i2s__configure
                0x0000000008004de0      0x1f8 /home/hedley/ada/STM32/F/F103/adcgpio_f103/Ada_Drivers_Library/arch/ARM/STM32/lib/stm32f103bluepill/ravenscar-ssfp/Debug/libstm32f103.a(stm32-i2s.o)
                0x0000000008004de0                stm32__i2s__configure
 .text.stm32__i2s__in_i2s_mode
                0x0000000008004fd8       0x24 /home/hedley/ada/STM32/F/F103/adcgpio_f103/Ada_Drivers_Library/arch/ARM/STM32/lib/stm32f103bluepill/ravenscar-ssfp/Debug/libstm32f103.a(stm32-i2s.o)
                0x0000000008004fd8                stm32__i2s__in_i2s_mode
 .text.stm32__i2s__enable___postconditions.4909
                0x0000000008004ffc       0x58 /home/hedley/ada/STM32/F/F103/adcgpio_f103/Ada_Drivers_Library/arch/ARM/STM32/lib/stm32f103bluepill/ravenscar-ssfp/Debug/libstm32f103.a(stm32-i2s.o)
 .text.stm32__i2s__enable
                0x0000000008005054      0x1d0 /home/hedley/ada/STM32/F/F103/adcgpio_f103/Ada_Drivers_Library/arch/ARM/STM32/lib/stm32f103bluepill/ravenscar-ssfp/Debug/libstm32f103.a(stm32-i2s.o)
                0x0000000008005054                stm32__i2s__enable
 .text.stm32__i2s__disable
                0x0000000008005224       0x48 /home/hedley/ada/STM32/F/F103/adcgpio_f103/Ada_Drivers_Library/arch/ARM/STM32/lib/stm32f103bluepill/ravenscar-ssfp/Debug/libstm32f103.a(stm32-i2s.o)
                0x0000000008005224                stm32__i2s__disable
 .text.stm32__i2s__enabled
                0x000000000800526c       0x24 /home/hedley/ada/STM32/F/F103/adcgpio_f103/Ada_Drivers_Library/arch/ARM/STM32/lib/stm32f103bluepill/ravenscar-ssfp/Debug/libstm32f103.a(stm32-i2s.o)
                0x000000000800526c                stm32__i2s__enabled
 .text.stm32__i2s__data_register_address
                0x0000000008005290       0x1c /home/hedley/ada/STM32/F/F103/adcgpio_f103/Ada_Drivers_Library/arch/ARM/STM32/lib/stm32f103bluepill/ravenscar-ssfp/Debug/libstm32f103.a(stm32-i2s.o)
                0x0000000008005290                stm32__i2s__data_register_address
 .text.stm32__i2s__set_frequency
                0x00000000080052ac      0x154 /home/hedley/ada/STM32/F/F103/adcgpio_f103/Ada_Drivers_Library/arch/ARM/STM32/lib/stm32f103bluepill/ravenscar-ssfp/Debug/libstm32f103.a(stm32-i2s.o)
                0x00000000080052ac                stm32__i2s__set_frequency
 .text.stm32__i2s__receive
                0x0000000008005400       0xac /home/hedley/ada/STM32/F/F103/adcgpio_f103/Ada_Drivers_Library/arch/ARM/STM32/lib/stm32f103bluepill/ravenscar-ssfp/Debug/libstm32f103.a(stm32-i2s.o)
                0x0000000008005400                stm32__i2s(long double,...)(char,...)(int, void,...)
 .text.stm32__i2s__transmit
                0x00000000080054ac       0xac /home/hedley/ada/STM32/F/F103/adcgpio_f103/Ada_Drivers_Library/arch/ARM/STM32/lib/stm32f103bluepill/ravenscar-ssfp/Debug/libstm32f103.a(stm32-i2s.o)
                0x00000000080054ac                stm32__i2s__transmit
 .text.stm32__spi__spi_portIP
                0x0000000008005558       0x2c /home/hedley/ada/STM32/F/F103/adcgpio_f103/Ada_Drivers_Library/arch/ARM/STM32/lib/stm32f103bluepill/ravenscar-ssfp/Debug/libstm32f103.a(stm32-spi.o)
                0x0000000008005558                stm32__spi__spi_portIP
 .text.stm32__spi___size__2
                0x0000000008005584       0x1c /home/hedley/ada/STM32/F/F103/adcgpio_f103/Ada_Drivers_Library/arch/ARM/STM32/lib/stm32f103bluepill/ravenscar-ssfp/Debug/libstm32f103.a(stm32-spi.o)
                0x0000000008005584                stm32__spi___size__2
 .text.stm32__spi__configure
                0x00000000080055a0      0x274 /home/hedley/ada/STM32/F/F103/adcgpio_f103/Ada_Drivers_Library/arch/ARM/STM32/lib/stm32f103bluepill/ravenscar-ssfp/Debug/libstm32f103.a(stm32-spi.o)
                0x00000000080055a0                stm32__spi__configure
 .text.stm32__spi__enable
                0x0000000008005814       0x24 /home/hedley/ada/STM32/F/F103/adcgpio_f103/Ada_Drivers_Library/arch/ARM/STM32/lib/stm32f103bluepill/ravenscar-ssfp/Debug/libstm32f103.a(stm32-spi.o)
                0x0000000008005814                stm32__spi__enable
 .text.stm32__spi__disable
                0x0000000008005838       0x20 /home/hedley/ada/STM32/F/F103/adcgpio_f103/Ada_Drivers_Library/arch/ARM/STM32/lib/stm32f103bluepill/ravenscar-ssfp/Debug/libstm32f103.a(stm32-spi.o)
                0x0000000008005838                stm32__spi__disable
 .text.stm32__spi__enabled
                0x0000000008005858       0x20 /home/hedley/ada/STM32/F/F103/adcgpio_f103/Ada_Drivers_Library/arch/ARM/STM32/lib/stm32f103bluepill/ravenscar-ssfp/Debug/libstm32f103.a(stm32-spi.o)
                0x0000000008005858                stm32__spi__enabled
 .text.stm32__spi__send
                0x0000000008005878       0x2c /home/hedley/ada/STM32/F/F103/adcgpio_f103/Ada_Drivers_Library/arch/ARM/STM32/lib/stm32f103bluepill/ravenscar-ssfp/Debug/libstm32f103.a(stm32-spi.o)
                0x0000000008005878                stm32__spi__send
 .text.stm32__spi__data
                0x00000000080058a4       0x20 /home/hedley/ada/STM32/F/F103/adcgpio_f103/Ada_Drivers_Library/arch/ARM/STM32/lib/stm32f103bluepill/ravenscar-ssfp/Debug/libstm32f103.a(stm32-spi.o)
                0x00000000080058a4                stm32__spi__data
 .text.stm32__spi__send__2
                0x00000000080058c4       0x20 /home/hedley/ada/STM32/F/F103/adcgpio_f103/Ada_Drivers_Library/arch/ARM/STM32/lib/stm32f103bluepill/ravenscar-ssfp/Debug/libstm32f103.a(stm32-spi.o)
                0x00000000080058c4                stm32__spi__send__2
 .text.stm32__spi__data__2
                0x00000000080058e4       0x2c /home/hedley/ada/STM32/F/F103/adcgpio_f103/Ada_Drivers_Library/arch/ARM/STM32/lib/stm32f103bluepill/ravenscar-ssfp/Debug/libstm32f103.a(stm32-spi.o)
                0x00000000080058e4                stm32__spi__data__2
 .text.stm32__spi__is_busy
                0x0000000008005910       0x44 /home/hedley/ada/STM32/F/F103/adcgpio_f103/Ada_Drivers_Library/arch/ARM/STM32/lib/stm32f103bluepill/ravenscar-ssfp/Debug/libstm32f103.a(stm32-spi.o)
                0x0000000008005910                stm32__spi__is_busy
 .text.stm32__spi__tx_is_empty
                0x0000000008005954       0x24 /home/hedley/ada/STM32/F/F103/adcgpio_f103/Ada_Drivers_Library/arch/ARM/STM32/lib/stm32f103bluepill/ravenscar-ssfp/Debug/libstm32f103.a(stm32-spi.o)
                0x0000000008005954                stm32__spi__tx_is_empty
 .text.stm32__spi__rx_is_empty
                0x0000000008005978       0x30 /home/hedley/ada/STM32/F/F103/adcgpio_f103/Ada_Drivers_Library/arch/ARM/STM32/lib/stm32f103bluepill/ravenscar-ssfp/Debug/libstm32f103.a(stm32-spi.o)
                0x0000000008005978                stm32__spi__rx_is_empty
 .text.stm32__spi__busy
                0x00000000080059a8       0x24 /home/hedley/ada/STM32/F/F103/adcgpio_f103/Ada_Drivers_Library/arch/ARM/STM32/lib/stm32f103bluepill/ravenscar-ssfp/Debug/libstm32f103.a(stm32-spi.o)
                0x00000000080059a8                stm32__spi__busy
 .text.stm32__spi__current_mode
                0x00000000080059cc       0x58 /home/hedley/ada/STM32/F/F103/adcgpio_f103/Ada_Drivers_Library/arch/ARM/STM32/lib/stm32f103bluepill/ravenscar-ssfp/Debug/libstm32f103.a(stm32-spi.o)
                0x00000000080059cc                stm32__spi__current_mode
 .text.stm32__spi__current_data_direction
                0x0000000008005a24       0x60 /home/hedley/ada/STM32/F/F103/adcgpio_f103/Ada_Drivers_Library/arch/ARM/STM32/lib/stm32f103bluepill/ravenscar-ssfp/Debug/libstm32f103.a(stm32-spi.o)
                0x0000000008005a24                stm32__spi__current_data_direction
 .text.stm32__spi__crc_enabled
                0x0000000008005a84       0x20 /home/hedley/ada/STM32/F/F103/adcgpio_f103/Ada_Drivers_Library/arch/ARM/STM32/lib/stm32f103bluepill/ravenscar-ssfp/Debug/libstm32f103.a(stm32-spi.o)
                0x0000000008005a84                stm32__spi__crc_enabled
 .text.stm32__spi__channel_side_indicated
                0x0000000008005aa4       0x24 /home/hedley/ada/STM32/F/F103/adcgpio_f103/Ada_Drivers_Library/arch/ARM/STM32/lib/stm32f103bluepill/ravenscar-ssfp/Debug/libstm32f103.a(stm32-spi.o)
                0x0000000008005aa4                stm32__spi__channel_side_indicated
 .text.stm32__spi__underrun_indicated
                0x0000000008005ac8       0x24 /home/hedley/ada/STM32/F/F103/adcgpio_f103/Ada_Drivers_Library/arch/ARM/STM32/lib/stm32f103bluepill/ravenscar-ssfp/Debug/libstm32f103.a(stm32-spi.o)
                0x0000000008005ac8                stm32__spi__underrun_indicated
 .text.stm32__spi__crc_error_indicated
                0x0000000008005aec       0x24 /home/hedley/ada/STM32/F/F103/adcgpio_f103/Ada_Drivers_Library/arch/ARM/STM32/lib/stm32f103bluepill/ravenscar-ssfp/Debug/libstm32f103.a(stm32-spi.o)
                0x0000000008005aec                stm32__spi__crc_error_indicated
 .text.stm32__spi__mode_fault_indicated
                0x0000000008005b10       0x24 /home/hedley/ada/STM32/F/F103/adcgpio_f103/Ada_Drivers_Library/arch/ARM/STM32/lib/stm32f103bluepill/ravenscar-ssfp/Debug/libstm32f103.a(stm32-spi.o)
                0x0000000008005b10                stm32__spi__mode_fault_indicated
 .text.stm32__spi__overrun_indicated
                0x0000000008005b34       0x24 /home/hedley/ada/STM32/F/F103/adcgpio_f103/Ada_Drivers_Library/arch/ARM/STM32/lib/stm32f103bluepill/ravenscar-ssfp/Debug/libstm32f103.a(stm32-spi.o)
                0x0000000008005b34                stm32__spi__overrun_indicated
 .text.stm32__spi__frame_fmt_error_indicated
                0x0000000008005b58       0x18 /home/hedley/ada/STM32/F/F103/adcgpio_f103/Ada_Drivers_Library/arch/ARM/STM32/lib/stm32f103bluepill/ravenscar-ssfp/Debug/libstm32f103.a(stm32-spi.o)
                0x0000000008005b58                stm32__spi__frame_fmt_error_indicated
 .text.stm32__spi__clear_overrun
                0x0000000008005b70       0x2c /home/hedley/ada/STM32/F/F103/adcgpio_f103/Ada_Drivers_Library/arch/ARM/STM32/lib/stm32f103bluepill/ravenscar-ssfp/Debug/libstm32f103.a(stm32-spi.o)
                0x0000000008005b70                stm32__spi__clear_overrun
 .text.stm32__spi__reset_crc
                0x0000000008005b9c       0x34 /home/hedley/ada/STM32/F/F103/adcgpio_f103/Ada_Drivers_Library/arch/ARM/STM32/lib/stm32f103bluepill/ravenscar-ssfp/Debug/libstm32f103.a(stm32-spi.o)
                0x0000000008005b9c                stm32__spi__reset_crc
 .text.stm32__spi__is_data_frame_16bit
                0x0000000008005bd0       0x20 /home/hedley/ada/STM32/F/F103/adcgpio_f103/Ada_Drivers_Library/arch/ARM/STM32/lib/stm32f103bluepill/ravenscar-ssfp/Debug/libstm32f103.a(stm32-spi.o)
                0x0000000008005bd0                stm32__spi__is_data_frame_16bit
 .text.stm32__spi__data_size
                0x0000000008005bf0       0x30 /home/hedley/ada/STM32/F/F103/adcgpio_f103/Ada_Drivers_Library/arch/ARM/STM32/lib/stm32f103bluepill/ravenscar-ssfp/Debug/libstm32f103.a(stm32-spi.o)
                0x0000000008005bf0                stm32__spi__data_size
 .text.stm32__spi__transmit
                0x0000000008005c20       0xd4 /home/hedley/ada/STM32/F/F103/adcgpio_f103/Ada_Drivers_Library/arch/ARM/STM32/lib/stm32f103bluepill/ravenscar-ssfp/Debug/libstm32f103.a(stm32-spi.o)
                0x0000000008005c20                stm32__spi__transmit
 .text.stm32__spi__transmit__2
                0x0000000008005cf4       0xd8 /home/hedley/ada/STM32/F/F103/adcgpio_f103/Ada_Drivers_Library/arch/ARM/STM32/lib/stm32f103bluepill/ravenscar-ssfp/Debug/libstm32f103.a(stm32-spi.o)
                0x0000000008005cf4                stm32__spi__transmit__2
 .text.stm32__spi__transmit__3
                0x0000000008005dcc       0xb0 /home/hedley/ada/STM32/F/F103/adcgpio_f103/Ada_Drivers_Library/arch/ARM/STM32/lib/stm32f103bluepill/ravenscar-ssfp/Debug/libstm32f103.a(stm32-spi.o)
                0x0000000008005dcc                stm32__spi__transmit__3
 .text.stm32__spi__receive
                0x0000000008005e7c       0xac /home/hedley/ada/STM32/F/F103/adcgpio_f103/Ada_Drivers_Library/arch/ARM/STM32/lib/stm32f103bluepill/ravenscar-ssfp/Debug/libstm32f103.a(stm32-spi.o)
                0x0000000008005e7c                stm32__spi(long double,...)(char,...)(int, void,...)
 .text.stm32__spi__receive__2
                0x0000000008005f28       0xac /home/hedley/ada/STM32/F/F103/adcgpio_f103/Ada_Drivers_Library/arch/ARM/STM32/lib/stm32f103bluepill/ravenscar-ssfp/Debug/libstm32f103.a(stm32-spi.o)
                0x0000000008005f28                stm32__spi__receive__2
 .text.stm32__spi__receive__3
                0x0000000008005fd4       0xec /home/hedley/ada/STM32/F/F103/adcgpio_f103/Ada_Drivers_Library/arch/ARM/STM32/lib/stm32f103bluepill/ravenscar-ssfp/Debug/libstm32f103.a(stm32-spi.o)
                0x0000000008005fd4                stm32__spi__receive__3
 .text.stm32__spi__transmit_receive__2
                0x00000000080060c0      0x124 /home/hedley/ada/STM32/F/F103/adcgpio_f103/Ada_Drivers_Library/arch/ARM/STM32/lib/stm32f103bluepill/ravenscar-ssfp/Debug/libstm32f103.a(stm32-spi.o)
                0x00000000080060c0                stm32__spi__transmit_receive__2
 .text.stm32__spi__transmit_receive__3
                0x00000000080061e4      0x128 /home/hedley/ada/STM32/F/F103/adcgpio_f103/Ada_Drivers_Library/arch/ARM/STM32/lib/stm32f103bluepill/ravenscar-ssfp/Debug/libstm32f103.a(stm32-spi.o)
                0x00000000080061e4                stm32__spi__transmit_receive__3
 .text.stm32__spi__send_receive_16bit_mode
                0x000000000800630c      0x378 /home/hedley/ada/STM32/F/F103/adcgpio_f103/Ada_Drivers_Library/arch/ARM/STM32/lib/stm32f103bluepill/ravenscar-ssfp/Debug/libstm32f103.a(stm32-spi.o)
                0x000000000800630c                stm32__spi__send_receive_16bit_mode
 .text.stm32__spi__send_receive_8bit_mode
                0x0000000008006684      0x33c /home/hedley/ada/STM32/F/F103/adcgpio_f103/Ada_Drivers_Library/arch/ARM/STM32/lib/stm32f103bluepill/ravenscar-ssfp/Debug/libstm32f103.a(stm32-spi.o)
                0x0000000008006684                stm32__spi__send_receive_8bit_mode
 .text.stm32__spi__send_16bit_mode
                0x00000000080069c0      0x1e8 /home/hedley/ada/STM32/F/F103/adcgpio_f103/Ada_Drivers_Library/arch/ARM/STM32/lib/stm32f103bluepill/ravenscar-ssfp/Debug/libstm32f103.a(stm32-spi.o)
                0x00000000080069c0                stm32__spi__send_16bit_mode
 .text.stm32__spi__send_8bit_mode
                0x0000000008006ba8      0x1b0 /home/hedley/ada/STM32/F/F103/adcgpio_f103/Ada_Drivers_Library/arch/ARM/STM32/lib/stm32f103bluepill/ravenscar-ssfp/Debug/libstm32f103.a(stm32-spi.o)
                0x0000000008006ba8                stm32__spi__send_8bit_mode
 .text.stm32__spi__receive_16bit_mode
                0x0000000008006d58       0x94 /home/hedley/ada/STM32/F/F103/adcgpio_f103/Ada_Drivers_Library/arch/ARM/STM32/lib/stm32f103bluepill/ravenscar-ssfp/Debug/libstm32f103.a(stm32-spi.o)
                0x0000000008006d58                stm32__spi__receive_16bit_mode
 .text.stm32__spi__receive_8bit_mode
                0x0000000008006dec       0xa4 /home/hedley/ada/STM32/F/F103/adcgpio_f103/Ada_Drivers_Library/arch/ARM/STM32/lib/stm32f103bluepill/ravenscar-ssfp/Debug/libstm32f103.a(stm32-spi.o)
                0x0000000008006dec                stm32__spi__receive_8bit_mode
 .text.stm32__spi__transmit_receive
                0x0000000008006e90      0x214 /home/hedley/ada/STM32/F/F103/adcgpio_f103/Ada_Drivers_Library/arch/ARM/STM32/lib/stm32f103bluepill/ravenscar-ssfp/Debug/libstm32f103.a(stm32-spi.o)
                0x0000000008006e90                stm32__spi__transmit_receive
 .text.stm32__usarts__usartIP
                0x00000000080070a4       0x2c /home/hedley/ada/STM32/F/F103/adcgpio_f103/Ada_Drivers_Library/arch/ARM/STM32/lib/stm32f103bluepill/ravenscar-ssfp/Debug/libstm32f103.a(stm32-usarts.o)
                0x00000000080070a4                stm32__usarts__usartIP
 .text.stm32__usarts___size__2
                0x00000000080070d0       0x1c /home/hedley/ada/STM32/F/F103/adcgpio_f103/Ada_Drivers_Library/arch/ARM/STM32/lib/stm32f103bluepill/ravenscar-ssfp/Debug/libstm32f103.a(stm32-usarts.o)
                0x00000000080070d0                stm32__usarts___size__2
 .text.stm32__usarts__apb_clock
                0x00000000080070ec       0x30 /home/hedley/ada/STM32/F/F103/adcgpio_f103/Ada_Drivers_Library/arch/ARM/STM32/lib/stm32f103bluepill/ravenscar-ssfp/Debug/libstm32f103.a(stm32-usarts.o)
                0x00000000080070ec                stm32__usarts__apb_clock
 .text.stm32__usarts__enable___postconditions.5159
                0x000000000800711c       0x3c /home/hedley/ada/STM32/F/F103/adcgpio_f103/Ada_Drivers_Library/arch/ARM/STM32/lib/stm32f103bluepill/ravenscar-ssfp/Debug/libstm32f103.a(stm32-usarts.o)
 .text.stm32__usarts__enable
                0x0000000008007158       0x3c /home/hedley/ada/STM32/F/F103/adcgpio_f103/Ada_Drivers_Library/arch/ARM/STM32/lib/stm32f103bluepill/ravenscar-ssfp/Debug/libstm32f103.a(stm32-usarts.o)
                0x0000000008007158                stm32__usarts__enable
 .text.stm32__usarts__disable___postconditions.5166
                0x0000000008007194       0x34 /home/hedley/ada/STM32/F/F103/adcgpio_f103/Ada_Drivers_Library/arch/ARM/STM32/lib/stm32f103bluepill/ravenscar-ssfp/Debug/libstm32f103.a(stm32-usarts.o)
 .text.stm32__usarts__disable
                0x00000000080071c8       0x38 /home/hedley/ada/STM32/F/F103/adcgpio_f103/Ada_Drivers_Library/arch/ARM/STM32/lib/stm32f103bluepill/ravenscar-ssfp/Debug/libstm32f103.a(stm32-usarts.o)
                0x00000000080071c8                stm32__usarts__disable
 .text.stm32__usarts__enabled
                0x0000000008007200       0x24 /home/hedley/ada/STM32/F/F103/adcgpio_f103/Ada_Drivers_Library/arch/ARM/STM32/lib/stm32f103bluepill/ravenscar-ssfp/Debug/libstm32f103.a(stm32-usarts.o)
                0x0000000008007200                stm32__usarts__enabled
 .text.stm32__usarts__set_stop_bits
                0x0000000008007224       0x30 /home/hedley/ada/STM32/F/F103/adcgpio_f103/Ada_Drivers_Library/arch/ARM/STM32/lib/stm32f103bluepill/ravenscar-ssfp/Debug/libstm32f103.a(stm32-usarts.o)
                0x0000000008007224                stm32__usarts__set_stop_bits
 .text.stm32__usarts__set_word_length
                0x0000000008007254       0x3c /home/hedley/ada/STM32/F/F103/adcgpio_f103/Ada_Drivers_Library/arch/ARM/STM32/lib/stm32f103bluepill/ravenscar-ssfp/Debug/libstm32f103.a(stm32-usarts.o)
                0x0000000008007254                stm32__usarts__set_word_length
 .text.stm32__usarts__set_parity
                0x0000000008007290       0xbc /home/hedley/ada/STM32/F/F103/adcgpio_f103/Ada_Drivers_Library/arch/ARM/STM32/lib/stm32f103bluepill/ravenscar-ssfp/Debug/libstm32f103.a(stm32-usarts.o)
                0x0000000008007290                stm32__usarts__set_parity
 .text.stm32__usarts__set_baud_rate
                0x000000000800734c       0xec /home/hedley/ada/STM32/F/F103/adcgpio_f103/Ada_Drivers_Library/arch/ARM/STM32/lib/stm32f103bluepill/ravenscar-ssfp/Debug/libstm32f103.a(stm32-usarts.o)
                0x000000000800734c                stm32__usarts__set_baud_rate
 .text.stm32__usarts__set_oversampling_mode
                0x0000000008007438       0x18 /home/hedley/ada/STM32/F/F103/adcgpio_f103/Ada_Drivers_Library/arch/ARM/STM32/lib/stm32f103bluepill/ravenscar-ssfp/Debug/libstm32f103.a(stm32-usarts.o)
                0x0000000008007438                stm32__usarts__set_oversampling_mode
 .text.stm32__usarts__set_mode
                0x0000000008007450       0x60 /home/hedley/ada/STM32/F/F103/adcgpio_f103/Ada_Drivers_Library/arch/ARM/STM32/lib/stm32f103bluepill/ravenscar-ssfp/Debug/libstm32f103.a(stm32-usarts.o)
                0x0000000008007450                stm32__usarts__set_mode
 .text.stm32__usarts__set_flow_control
                0x00000000080074b0       0xec /home/hedley/ada/STM32/F/F103/adcgpio_f103/Ada_Drivers_Library/arch/ARM/STM32/lib/stm32f103bluepill/ravenscar-ssfp/Debug/libstm32f103.a(stm32-usarts.o)
                0x00000000080074b0                stm32__usarts__set_flow_control
 .text.stm32__usarts__transmit
                0x000000000800759c       0x30 /home/hedley/ada/STM32/F/F103/adcgpio_f103/Ada_Drivers_Library/arch/ARM/STM32/lib/stm32f103bluepill/ravenscar-ssfp/Debug/libstm32f103.a(stm32-usarts.o)
                0x000000000800759c                stm32__usarts__transmit
 .text.stm32__usarts__receive
                0x00000000080075cc       0x20 /home/hedley/ada/STM32/F/F103/adcgpio_f103/Ada_Drivers_Library/arch/ARM/STM32/lib/stm32f103bluepill/ravenscar-ssfp/Debug/libstm32f103.a(stm32-usarts.o)
                0x00000000080075cc                stm32__usarts(long double,...)(char,...)(int, void,...)
 .text.stm32__usarts__current_input
                0x00000000080075ec       0x24 /home/hedley/ada/STM32/F/F103/adcgpio_f103/Ada_Drivers_Library/arch/ARM/STM32/lib/stm32f103bluepill/ravenscar-ssfp/Debug/libstm32f103.a(stm32-usarts.o)
                0x00000000080075ec                stm32__usarts__current_input
 .text.stm32__usarts__tx_ready
                0x0000000008007610       0x20 /home/hedley/ada/STM32/F/F103/adcgpio_f103/Ada_Drivers_Library/arch/ARM/STM32/lib/stm32f103bluepill/ravenscar-ssfp/Debug/libstm32f103.a(stm32-usarts.o)
                0x0000000008007610                stm32__usarts__tx_ready
 .text.stm32__usarts__rx_ready
                0x0000000008007630       0x20 /home/hedley/ada/STM32/F/F103/adcgpio_f103/Ada_Drivers_Library/arch/ARM/STM32/lib/stm32f103bluepill/ravenscar-ssfp/Debug/libstm32f103.a(stm32-usarts.o)
                0x0000000008007630                stm32__usarts__rx_ready
 .text.stm32__usarts__status
                0x0000000008007650       0xd4 /home/hedley/ada/STM32/F/F103/adcgpio_f103/Ada_Drivers_Library/arch/ARM/STM32/lib/stm32f103bluepill/ravenscar-ssfp/Debug/libstm32f103.a(stm32-usarts.o)
                0x0000000008007650                stm32__usarts__status
 .text.stm32__usarts__clear_status
                0x0000000008007724       0xf4 /home/hedley/ada/STM32/F/F103/adcgpio_f103/Ada_Drivers_Library/arch/ARM/STM32/lib/stm32f103bluepill/ravenscar-ssfp/Debug/libstm32f103.a(stm32-usarts.o)
                0x0000000008007724                stm32__usarts__clear_status
 .text.stm32__usarts__enable_interrupts___postconditions.5241
                0x0000000008007818       0x40 /home/hedley/ada/STM32/F/F103/adcgpio_f103/Ada_Drivers_Library/arch/ARM/STM32/lib/stm32f103bluepill/ravenscar-ssfp/Debug/libstm32f103.a(stm32-usarts.o)
 .text.stm32__usarts__enable_interrupts
                0x0000000008007858      0x138 /home/hedley/ada/STM32/F/F103/adcgpio_f103/Ada_Drivers_Library/arch/ARM/STM32/lib/stm32f103bluepill/ravenscar-ssfp/Debug/libstm32f103.a(stm32-usarts.o)
                0x0000000008007858                stm32__usarts__enable_interrupts
 .text.stm32__usarts__disable_interrupts___postconditions.5254
                0x0000000008007990       0x38 /home/hedley/ada/STM32/F/F103/adcgpio_f103/Ada_Drivers_Library/arch/ARM/STM32/lib/stm32f103bluepill/ravenscar-ssfp/Debug/libstm32f103.a(stm32-usarts.o)
 .text.stm32__usarts__disable_interrupts
                0x00000000080079c8      0x118 /home/hedley/ada/STM32/F/F103/adcgpio_f103/Ada_Drivers_Library/arch/ARM/STM32/lib/stm32f103bluepill/ravenscar-ssfp/Debug/libstm32f103.a(stm32-usarts.o)
                0x00000000080079c8                stm32__usarts__disable_interrupts
 .text.stm32__usarts__interrupt_enabled
                0x0000000008007ae0       0xd4 /home/hedley/ada/STM32/F/F103/adcgpio_f103/Ada_Drivers_Library/arch/ARM/STM32/lib/stm32f103bluepill/ravenscar-ssfp/Debug/libstm32f103.a(stm32-usarts.o)
                0x0000000008007ae0                stm32__usarts__interrupt_enabled
 .text.stm32__usarts__enable_dma_transmit_requests___postconditions.5289
                0x0000000008007bb4       0x3c /home/hedley/ada/STM32/F/F103/adcgpio_f103/Ada_Drivers_Library/arch/ARM/STM32/lib/stm32f103bluepill/ravenscar-ssfp/Debug/libstm32f103.a(stm32-usarts.o)
 .text.stm32__usarts__enable_dma_transmit_requests
                0x0000000008007bf0       0x3c /home/hedley/ada/STM32/F/F103/adcgpio_f103/Ada_Drivers_Library/arch/ARM/STM32/lib/stm32f103bluepill/ravenscar-ssfp/Debug/libstm32f103.a(stm32-usarts.o)
                0x0000000008007bf0                stm32__usarts__enable_dma_transmit_requests
 .text.stm32__usarts__enable_dma_receive_requests___postconditions.5293
                0x0000000008007c2c       0x3c /home/hedley/ada/STM32/F/F103/adcgpio_f103/Ada_Drivers_Library/arch/ARM/STM32/lib/stm32f103bluepill/ravenscar-ssfp/Debug/libstm32f103.a(stm32-usarts.o)
 .text.stm32__usarts__enable_dma_receive_requests
                0x0000000008007c68       0x3c /home/hedley/ada/STM32/F/F103/adcgpio_f103/Ada_Drivers_Library/arch/ARM/STM32/lib/stm32f103bluepill/ravenscar-ssfp/Debug/libstm32f103.a(stm32-usarts.o)
                0x0000000008007c68                stm32__usarts__enable_dma_receive_requests
 .text.stm32__usarts__disable_dma_transmit_requests___postconditions.5297
                0x0000000008007ca4       0x34 /home/hedley/ada/STM32/F/F103/adcgpio_f103/Ada_Drivers_Library/arch/ARM/STM32/lib/stm32f103bluepill/ravenscar-ssfp/Debug/libstm32f103.a(stm32-usarts.o)
 .text.stm32__usarts__disable_dma_transmit_requests
                0x0000000008007cd8       0x38 /home/hedley/ada/STM32/F/F103/adcgpio_f103/Ada_Drivers_Library/arch/ARM/STM32/lib/stm32f103bluepill/ravenscar-ssfp/Debug/libstm32f103.a(stm32-usarts.o)
                0x0000000008007cd8                stm32__usarts__disable_dma_transmit_requests
 .text.stm32__usarts__disable_dma_receive_requests___postconditions.5301
                0x0000000008007d10       0x34 /home/hedley/ada/STM32/F/F103/adcgpio_f103/Ada_Drivers_Library/arch/ARM/STM32/lib/stm32f103bluepill/ravenscar-ssfp/Debug/libstm32f103.a(stm32-usarts.o)
 .text.stm32__usarts__disable_dma_receive_requests
                0x0000000008007d44       0x38 /home/hedley/ada/STM32/F/F103/adcgpio_f103/Ada_Drivers_Library/arch/ARM/STM32/lib/stm32f103bluepill/ravenscar-ssfp/Debug/libstm32f103.a(stm32-usarts.o)
                0x0000000008007d44                stm32__usarts__disable_dma_receive_requests
 .text.stm32__usarts__dma_transmit_requests_enabled
                0x0000000008007d7c       0x24 /home/hedley/ada/STM32/F/F103/adcgpio_f103/Ada_Drivers_Library/arch/ARM/STM32/lib/stm32f103bluepill/ravenscar-ssfp/Debug/libstm32f103.a(stm32-usarts.o)
                0x0000000008007d7c                stm32__usarts__dma_transmit_requests_enabled
 .text.stm32__usarts__dma_receive_requests_enabled
                0x0000000008007da0       0x24 /home/hedley/ada/STM32/F/F103/adcgpio_f103/Ada_Drivers_Library/arch/ARM/STM32/lib/stm32f103bluepill/ravenscar-ssfp/Debug/libstm32f103.a(stm32-usarts.o)
                0x0000000008007da0                stm32__usarts__dma_receive_requests_enabled
 .text.stm32__usarts__resume_dma_transmission___postconditions.5307
                0x0000000008007dc4       0x58 /home/hedley/ada/STM32/F/F103/adcgpio_f103/Ada_Drivers_Library/arch/ARM/STM32/lib/stm32f103bluepill/ravenscar-ssfp/Debug/libstm32f103.a(stm32-usarts.o)
 .text.stm32__usarts__resume_dma_transmission
                0x0000000008007e1c       0x48 /home/hedley/ada/STM32/F/F103/adcgpio_f103/Ada_Drivers_Library/arch/ARM/STM32/lib/stm32f103bluepill/ravenscar-ssfp/Debug/libstm32f103.a(stm32-usarts.o)
                0x0000000008007e1c                stm32__usarts__resume_dma_transmission
 .text.stm32__usarts__resume_dma_reception___postconditions.5311
                0x0000000008007e64       0x58 /home/hedley/ada/STM32/F/F103/adcgpio_f103/Ada_Drivers_Library/arch/ARM/STM32/lib/stm32f103bluepill/ravenscar-ssfp/Debug/libstm32f103.a(stm32-usarts.o)
 .text.stm32__usarts__resume_dma_reception
                0x0000000008007ebc       0x48 /home/hedley/ada/STM32/F/F103/adcgpio_f103/Ada_Drivers_Library/arch/ARM/STM32/lib/stm32f103bluepill/ravenscar-ssfp/Debug/libstm32f103.a(stm32-usarts.o)
                0x0000000008007ebc                stm32__usarts__resume_dma_reception
 .text.stm32__usarts__data_register_address
                0x0000000008007f04       0x1c /home/hedley/ada/STM32/F/F103/adcgpio_f103/Ada_Drivers_Library/arch/ARM/STM32/lib/stm32f103bluepill/ravenscar-ssfp/Debug/libstm32f103.a(stm32-usarts.o)
                0x0000000008007f04                stm32__usarts__data_register_address
 .text.stm32__usarts__data_size
                0x0000000008007f20       0x34 /home/hedley/ada/STM32/F/F103/adcgpio_f103/Ada_Drivers_Library/arch/ARM/STM32/lib/stm32f103bluepill/ravenscar-ssfp/Debug/libstm32f103.a(stm32-usarts.o)
                0x0000000008007f20                stm32__usarts__data_size
 .text.stm32__usarts__transmitCL
                0x0000000008007f54       0x64 /home/hedley/ada/STM32/F/F103/adcgpio_f103/Ada_Drivers_Library/arch/ARM/STM32/lib/stm32f103bluepill/ravenscar-ssfp/Debug/libstm32f103.a(stm32-usarts.o)
                0x0000000008007f54                stm32__usarts__transmitCL
 .text.stm32__usarts__transmit__2
                0x0000000008007fb8       0x6c /home/hedley/ada/STM32/F/F103/adcgpio_f103/Ada_Drivers_Library/arch/ARM/STM32/lib/stm32f103bluepill/ravenscar-ssfp/Debug/libstm32f103.a(stm32-usarts.o)
                0x0000000008007fb8                stm32__usarts__transmit__2
 .text.stm32__usarts__transmitCL__2
                0x0000000008008024       0x64 /home/hedley/ada/STM32/F/F103/adcgpio_f103/Ada_Drivers_Library/arch/ARM/STM32/lib/stm32f103bluepill/ravenscar-ssfp/Debug/libstm32f103.a(stm32-usarts.o)
                0x0000000008008024                stm32__usarts__transmitCL__2
 .text.stm32__usarts__transmit__3
                0x0000000008008088       0x6c /home/hedley/ada/STM32/F/F103/adcgpio_f103/Ada_Drivers_Library/arch/ARM/STM32/lib/stm32f103bluepill/ravenscar-ssfp/Debug/libstm32f103.a(stm32-usarts.o)
                0x0000000008008088                stm32__usarts__transmit__3
 .text.stm32__usarts__receiveCL
                0x00000000080080f4       0xa4 /home/hedley/ada/STM32/F/F103/adcgpio_f103/Ada_Drivers_Library/arch/ARM/STM32/lib/stm32f103bluepill/ravenscar-ssfp/Debug/libstm32f103.a(stm32-usarts.o)
                0x00000000080080f4                stm32__usarts__receiveCL
 .text.stm32__usarts__receive__2
                0x0000000008008198       0x6c /home/hedley/ada/STM32/F/F103/adcgpio_f103/Ada_Drivers_Library/arch/ARM/STM32/lib/stm32f103bluepill/ravenscar-ssfp/Debug/libstm32f103.a(stm32-usarts.o)
                0x0000000008008198                stm32__usarts__receive__2
 .text.stm32__usarts__receiveCL__2
                0x0000000008008204       0x6c /home/hedley/ada/STM32/F/F103/adcgpio_f103/Ada_Drivers_Library/arch/ARM/STM32/lib/stm32f103bluepill/ravenscar-ssfp/Debug/libstm32f103.a(stm32-usarts.o)
                0x0000000008008204                stm32__usarts__receiveCL__2
 .text.stm32__usarts__receive__3
                0x0000000008008270       0x6c /home/hedley/ada/STM32/F/F103/adcgpio_f103/Ada_Drivers_Library/arch/ARM/STM32/lib/stm32f103bluepill/ravenscar-ssfp/Debug/libstm32f103.a(stm32-usarts.o)
                0x0000000008008270                stm32__usarts__receive__3
 .text.stm32_svd__i2c__cr1_registerIP
                0x00000000080082dc      0x100 /home/hedley/ada/STM32/F/F103/adcgpio_f103/Ada_Drivers_Library/arch/ARM/STM32/lib/stm32f103bluepill/ravenscar-ssfp/Debug/libstm32f103.a(stm32_svd-i2c.o)
                0x00000000080082dc                stm32_svd__i2c__cr1_registerIP
 .text.stm32_svd__i2c__oar1_registerIP
                0x00000000080083dc       0x64 /home/hedley/ada/STM32/F/F103/adcgpio_f103/Ada_Drivers_Library/arch/ARM/STM32/lib/stm32f103bluepill/ravenscar-ssfp/Debug/libstm32f103.a(stm32_svd-i2c.o)
                0x00000000080083dc                stm32_svd__i2c__oar1_registerIP
 .text.stm32_svd__i2c__ccr_registerIP
                0x0000000008008440       0x58 /home/hedley/ada/STM32/F/F103/adcgpio_f103/Ada_Drivers_Library/arch/ARM/STM32/lib/stm32f103bluepill/ravenscar-ssfp/Debug/libstm32f103.a(stm32_svd-i2c.o)
                0x0000000008008440                stm32_svd__i2c__ccr_registerIP
 .text.stm32_svd__spi__sr_registerIP
                0x0000000008008498       0x90 /home/hedley/ada/STM32/F/F103/adcgpio_f103/Ada_Drivers_Library/arch/ARM/STM32/lib/stm32f103bluepill/ravenscar-ssfp/Debug/libstm32f103.a(stm32_svd-spi.o)
                0x0000000008008498                stm32_svd__spi__sr_registerIP
 .text.ada__real_time__Oadd
                0x0000000008008528       0xec /home/hedley/ada/STM32/F/F103/adcgpio_f103/Ada_Drivers_Library/embedded-runtimes/ravenscar-stm32f103bluepill/ssfp/adalib/libgnarl.a(a-reatim.o)
                0x0000000008008528                ada__real_time__Oadd
 .text.ada__real_time__Osubtract__2
                0x0000000008008614      0x104 /home/hedley/ada/STM32/F/F103/adcgpio_f103/Ada_Drivers_Library/embedded-runtimes/ravenscar-stm32f103bluepill/ssfp/adalib/libgnarl.a(a-reatim.o)
                0x0000000008008614                ada__real_time__Osubtract__2
 .text.ada__real_time__Osubtract__3
                0x0000000008008718       0x60 /home/hedley/ada/STM32/F/F103/adcgpio_f103/Ada_Drivers_Library/embedded-runtimes/ravenscar-stm32f103bluepill/ssfp/adalib/libgnarl.a(a-reatim.o)
                0x0000000008008718                ada__real_time__Osubtract__3
 .text.ada__real_time__Osubtract__4
                0x0000000008008778       0x3c /home/hedley/ada/STM32/F/F103/adcgpio_f103/Ada_Drivers_Library/embedded-runtimes/ravenscar-stm32f103bluepill/ssfp/adalib/libgnarl.a(a-reatim.o)
                0x0000000008008778                ada__real_time__Osubtract__4
 .text.ada__real_time__clock
                0x00000000080087b4       0x14 /home/hedley/ada/STM32/F/F103/adcgpio_f103/Ada_Drivers_Library/embedded-runtimes/ravenscar-stm32f103bluepill/ssfp/adalib/libgnarl.a(a-reatim.o)
                0x00000000080087b4                ada__real_time__clock
 .text.ada__real_time__microseconds
                0x00000000080087c8       0x48 /home/hedley/ada/STM32/F/F103/adcgpio_f103/Ada_Drivers_Library/embedded-runtimes/ravenscar-stm32f103bluepill/ssfp/adalib/libgnarl.a(a-reatim.o)
                0x00000000080087c8                ada__real_time__microseconds
 .text.ada__real_time__milliseconds
                0x0000000008008810       0x48 /home/hedley/ada/STM32/F/F103/adcgpio_f103/Ada_Drivers_Library/embedded-runtimes/ravenscar-stm32f103bluepill/ssfp/adalib/libgnarl.a(a-reatim.o)
                0x0000000008008810                ada__real_time__milliseconds
 .text.ada__real_time__rounded_div
                0x0000000008008858       0xb8 /home/hedley/ada/STM32/F/F103/adcgpio_f103/Ada_Drivers_Library/embedded-runtimes/ravenscar-stm32f103bluepill/ssfp/adalib/libgnarl.a(a-reatim.o)
                0x0000000008008858                ada__real_time__rounded_div
 .text.ada__real_time___elabb
                0x0000000008008910        0xc /home/hedley/ada/STM32/F/F103/adcgpio_f103/Ada_Drivers_Library/embedded-runtimes/ravenscar-stm32f103bluepill/ssfp/adalib/libgnarl.a(a-reatim.o)
                0x0000000008008910                ada__real_time___elabb
 .text.ada__real_time__delays__delay_until
                0x000000000800891c       0x40 /home/hedley/ada/STM32/F/F103/adcgpio_f103/Ada_Drivers_Library/embedded-runtimes/ravenscar-stm32f103bluepill/ssfp/adalib/libgnarl.a(a-retide.o)
                0x000000000800891c                ada__real_time__delays__delay_until
 .text.system__task_primitives__operations__self
                0x000000000800895c       0x10 /home/hedley/ada/STM32/F/F103/adcgpio_f103/Ada_Drivers_Library/embedded-runtimes/ravenscar-stm32f103bluepill/ssfp/adalib/libgnarl.a(s-taprop.o)
                0x000000000800895c                system__task_primitives__operations(short,...)(long, float)
 .text.system__task_primitives__operations__delay_until
                0x000000000800896c       0x40 /home/hedley/ada/STM32/F/F103/adcgpio_f103/Ada_Drivers_Library/embedded-runtimes/ravenscar-stm32f103bluepill/ssfp/adalib/libgnarl.a(s-taprop.o)
                0x000000000800896c                system__task_primitives__operations__delay_until
 .text.system__task_primitives__operations__monotonic_clock
                0x00000000080089ac       0x14 /home/hedley/ada/STM32/F/F103/adcgpio_f103/Ada_Drivers_Library/embedded-runtimes/ravenscar-stm32f103bluepill/ssfp/adalib/libgnarl.a(s-taprop.o)
                0x00000000080089ac                system__task_primitives__operations__monotonic_clock
 .text.system__task_primitives__operations__enter_task
                0x00000000080089c0       0x48 /home/hedley/ada/STM32/F/F103/adcgpio_f103/Ada_Drivers_Library/embedded-runtimes/ravenscar-stm32f103bluepill/ssfp/adalib/libgnarl.a(s-taprop.o)
                0x00000000080089c0                system__task_primitives__operations__enter_task
 .text.system__task_primitives__operations__idle
                0x0000000008008a08       0x1c /home/hedley/ada/STM32/F/F103/adcgpio_f103/Ada_Drivers_Library/embedded-runtimes/ravenscar-stm32f103bluepill/ssfp/adalib/libgnarl.a(s-taprop.o)
                0x0000000008008a08                system__task_primitives__operations(int, double, long,...)
 .text.system__task_primitives__operations__initialize_tcb
                0x0000000008008a24       0x1c /home/hedley/ada/STM32/F/F103/adcgpio_f103/Ada_Drivers_Library/embedded-runtimes/ravenscar-stm32f103bluepill/ssfp/adalib/libgnarl.a(s-taprop.o)
                0x0000000008008a24                system__task_primitives__operations__initialize_tcb
 .text.system__task_primitives__operations__create_task
                0x0000000008008a40       0x98 /home/hedley/ada/STM32/F/F103/adcgpio_f103/Ada_Drivers_Library/embedded-runtimes/ravenscar-stm32f103bluepill/ssfp/adalib/libgnarl.a(s-taprop.o)
                0x0000000008008a40                system__task_primitives__operations__create_task
 .text.system__task_primitives__operations__initialize
                0x0000000008008ad8      0x134 /home/hedley/ada/STM32/F/F103/adcgpio_f103/Ada_Drivers_Library/embedded-runtimes/ravenscar-stm32f103bluepill/ssfp/adalib/libgnarl.a(s-taprop.o)
                0x0000000008008ad8                system__task_primitives__operations__initialize
 .text.system__task_primitives__operations__initialize_idle
                0x0000000008008c0c       0xd0 /home/hedley/ada/STM32/F/F103/adcgpio_f103/Ada_Drivers_Library/embedded-runtimes/ravenscar-stm32f103bluepill/ssfp/adalib/libgnarl.a(s-taprop.o)
                0x0000000008008c0c                system__task_primitives__operations__initialize_idle
 .text.system__tasking__debug__add_task_id
                0x0000000008008cdc       0x4c /home/hedley/ada/STM32/F/F103/adcgpio_f103/Ada_Drivers_Library/embedded-runtimes/ravenscar-stm32f103bluepill/ssfp/adalib/libgnarl.a(s-tasdeb.o)
                0x0000000008008cdc                system__tasking__debug__add_task_id
 .text.system__tasking__initialize_atcb
                0x0000000008008d28      0x104 /home/hedley/ada/STM32/F/F103/adcgpio_f103/Ada_Drivers_Library/embedded-runtimes/ravenscar-stm32f103bluepill/ssfp/adalib/libgnarl.a(s-taskin.o)
                0x0000000008008d28                system__tasking__initialize_atcb
 .text.system__tasking__initialize
                0x0000000008008e2c      0x234 /home/hedley/ada/STM32/F/F103/adcgpio_f103/Ada_Drivers_Library/embedded-runtimes/ravenscar-stm32f103bluepill/ssfp/adalib/libgnarl.a(s-taskin.o)
                0x0000000008008e2c                system__tasking__initialize
 .text.system__bb__board_support__time__max_timer_interval
                0x0000000008009060       0x14 /home/hedley/ada/STM32/F/F103/adcgpio_f103/Ada_Drivers_Library/embedded-runtimes/ravenscar-stm32f103bluepill/ssfp/adalib/libgnarl.a(s-bbbosu.o)
                0x0000000008009060                system__bb__board_support__time__max_timer_interval
 .text.system__bb__board_support__time__read_clock
                0x0000000008009074       0x74 /home/hedley/ada/STM32/F/F103/adcgpio_f103/Ada_Drivers_Library/embedded-runtimes/ravenscar-stm32f103bluepill/ssfp/adalib/libgnarl.a(s-bbbosu.o)
                0x0000000008009074                system__bb__board_support__time__read_clock
 .text.system__bb__board_support__time__clear_alarm_interrupt
                0x00000000080090e8       0x18 /home/hedley/ada/STM32/F/F103/adcgpio_f103/Ada_Drivers_Library/embedded-runtimes/ravenscar-stm32f103bluepill/ssfp/adalib/libgnarl.a(s-bbbosu.o)
                0x00000000080090e8                system__bb__board_support__time__clear_alarm_interrupt
 .text.system__bb__board_support__time__set_alarm
                0x0000000008009100       0x58 /home/hedley/ada/STM32/F/F103/adcgpio_f103/Ada_Drivers_Library/embedded-runtimes/ravenscar-stm32f103bluepill/ssfp/adalib/libgnarl.a(s-bbbosu.o)
                0x0000000008009100                system__bb__board_support__time__set_alarm
 .text.system__bb__board_support__time__install_alarm_handler
                0x0000000008009158       0x30 /home/hedley/ada/STM32/F/F103/adcgpio_f103/Ada_Drivers_Library/embedded-runtimes/ravenscar-stm32f103bluepill/ssfp/adalib/libgnarl.a(s-bbbosu.o)
                0x0000000008009158                system__bb__board_support__time__install_alarm_handler
 .text.system__bb__board_support__multiprocessors__current_cpu
                0x0000000008009188       0x10 /home/hedley/ada/STM32/F/F103/adcgpio_f103/Ada_Drivers_Library/embedded-runtimes/ravenscar-stm32f103bluepill/ssfp/adalib/libgnarl.a(s-bbbosu.o)
                0x0000000008009188                system__bb__board_support__multiprocessors__current_cpu
 .text.system__bb__board_support__interrupts__install_interrupt_handler
                0x0000000008009198       0x64 /home/hedley/ada/STM32/F/F103/adcgpio_f103/Ada_Drivers_Library/embedded-runtimes/ravenscar-stm32f103bluepill/ssfp/adalib/libgnarl.a(s-bbbosu.o)
                0x0000000008009198                system__bb__board_support__interrupts__install_interrupt_handler
 .text.system__bb__board_support__interrupts__priority_of_interrupt
                0x00000000080091fc       0x4c /home/hedley/ada/STM32/F/F103/adcgpio_f103/Ada_Drivers_Library/embedded-runtimes/ravenscar-stm32f103bluepill/ssfp/adalib/libgnarl.a(s-bbbosu.o)
                0x00000000080091fc                system__bb__board_support__interrupts__priority_of_interrupt
 .text.system__bb__board_support__interrupts__power_down
                0x0000000008009248        0xc /home/hedley/ada/STM32/F/F103/adcgpio_f103/Ada_Drivers_Library/embedded-runtimes/ravenscar-stm32f103bluepill/ssfp/adalib/libgnarl.a(s-bbbosu.o)
                0x0000000008009248                system__bb__board_support__interrupts__power_down
 .text.system__bb__board_support__interrupts__set_current_priority
                0x0000000008009254       0x1c /home/hedley/ada/STM32/F/F103/adcgpio_f103/Ada_Drivers_Library/embedded-runtimes/ravenscar-stm32f103bluepill/ssfp/adalib/libgnarl.a(s-bbbosu.o)
                0x0000000008009254                system__bb__board_support__interrupts__set_current_priority
 .text.system__bb__board_support__initialize_board
                0x0000000008009270       0x6c /home/hedley/ada/STM32/F/F103/adcgpio_f103/Ada_Drivers_Library/embedded-runtimes/ravenscar-stm32f103bluepill/ssfp/adalib/libgnarl.a(s-bbbosu.o)
                0x0000000008009270                system__bb__board_support__initialize_board
 .text.system__bb__board_support__timer_interrupt_handler
                0x00000000080092dc       0x10 /home/hedley/ada/STM32/F/F103/adcgpio_f103/Ada_Drivers_Library/embedded-runtimes/ravenscar-stm32f103bluepill/ssfp/adalib/libgnarl.a(s-bbbosu.o)
                0x00000000080092dc                system__bb__board_support__timer_interrupt_handler
 .text.system__bb__board_support__interrupt_handler
                0x00000000080092ec       0x4c /home/hedley/ada/STM32/F/F103/adcgpio_f103/Ada_Drivers_Library/embedded-runtimes/ravenscar-stm32f103bluepill/ssfp/adalib/libgnarl.a(s-bbbosu.o)
                0x00000000080092ec                system__bb__board_support__interrupt_handler
 .text.system__bb__board_support__enable_interrupt_request
                0x0000000008009338       0xa4 /home/hedley/ada/STM32/F/F103/adcgpio_f103/Ada_Drivers_Library/embedded-runtimes/ravenscar-stm32f103bluepill/ssfp/adalib/libgnarl.a(s-bbbosu.o)
                0x0000000008009338                system__bb__board_support__enable_interrupt_request
 .text.system__bb__board_support__to_pri
                0x00000000080093dc       0x44 /home/hedley/ada/STM32/F/F103/adcgpio_f103/Ada_Drivers_Library/embedded-runtimes/ravenscar-stm32f103bluepill/ssfp/adalib/libgnarl.a(s-bbbosu.o)
                0x00000000080093dc                system__bb__board_support__to_pri
 .text.system__bb__board_support__to_priority
                0x0000000008009420       0x38 /home/hedley/ada/STM32/F/F103/adcgpio_f103/Ada_Drivers_Library/embedded-runtimes/ravenscar-stm32f103bluepill/ssfp/adalib/libgnarl.a(s-bbbosu.o)
                0x0000000008009420                system__bb__board_support__to_priority
 .text.system__bb__cpu_primitives__initialize_cpu
                0x0000000008009458       0x94 /home/hedley/ada/STM32/F/F103/adcgpio_f103/Ada_Drivers_Library/embedded-runtimes/ravenscar-stm32f103bluepill/ssfp/adalib/libgnarl.a(s-bbcppr.o)
                0x0000000008009458                system__bb__cpu_primitives__initialize_cpu
 .text.system__bb__cpu_primitives__context_switch
                0x00000000080094ec        0xc /home/hedley/ada/STM32/F/F103/adcgpio_f103/Ada_Drivers_Library/embedded-runtimes/ravenscar-stm32f103bluepill/ssfp/adalib/libgnarl.a(s-bbcppr.o)
                0x00000000080094ec                system__bb__cpu_primitives__context_switch
 .text.system__bb__cpu_primitives__gnat_error_handler
                0x00000000080094f8      0xc2c /home/hedley/ada/STM32/F/F103/adcgpio_f103/Ada_Drivers_Library/embedded-runtimes/ravenscar-stm32f103bluepill/ssfp/adalib/libgnarl.a(s-bbcppr.o)
                0x00000000080094f8                system__bb__cpu_primitives__gnat_error_handler
 .text.__gnat_irq_trap
                0x000000000800a124       0x54 /home/hedley/ada/STM32/F/F103/adcgpio_f103/Ada_Drivers_Library/embedded-runtimes/ravenscar-stm32f103bluepill/ssfp/adalib/libgnarl.a(s-bbcppr.o)
                0x000000000800a124                __gnat_irq_trap
 .text.__gnat_sv_call_trap
                0x000000000800a178        0xc /home/hedley/ada/STM32/F/F103/adcgpio_f103/Ada_Drivers_Library/embedded-runtimes/ravenscar-stm32f103bluepill/ssfp/adalib/libgnarl.a(s-bbcppr.o)
                0x000000000800a178                __gnat_sv_call_trap
 .text.__gnat_sys_tick_trap
                0x000000000800a184       0x9c /home/hedley/ada/STM32/F/F103/adcgpio_f103/Ada_Drivers_Library/embedded-runtimes/ravenscar-stm32f103bluepill/ssfp/adalib/libgnarl.a(s-bbcppr.o)
                0x000000000800a184                __gnat_sys_tick_trap
 .text.system__bb__cpu_primitives__initialize_context
                0x000000000800a220       0x7c /home/hedley/ada/STM32/F/F103/adcgpio_f103/Ada_Drivers_Library/embedded-runtimes/ravenscar-stm32f103bluepill/ssfp/adalib/libgnarl.a(s-bbcppr.o)
                0x000000000800a220                system__bb__cpu_primitives__initialize_context
 .text.system__bb__cpu_primitives__install_trap_handler
                0x000000000800a29c       0x3c /home/hedley/ada/STM32/F/F103/adcgpio_f103/Ada_Drivers_Library/embedded-runtimes/ravenscar-stm32f103bluepill/ssfp/adalib/libgnarl.a(s-bbcppr.o)
                0x000000000800a29c                system__bb__cpu_primitives__install_trap_handler
 .text.system__bb__cpu_primitives__disable_interrupts
                0x000000000800a2d8        0xc /home/hedley/ada/STM32/F/F103/adcgpio_f103/Ada_Drivers_Library/embedded-runtimes/ravenscar-stm32f103bluepill/ssfp/adalib/libgnarl.a(s-bbcppr.o)
                0x000000000800a2d8                system__bb__cpu_primitives__disable_interrupts
 .text.system__bb__cpu_primitives__enable_interrupts
                0x000000000800a2e4       0x20 /home/hedley/ada/STM32/F/F103/adcgpio_f103/Ada_Drivers_Library/embedded-runtimes/ravenscar-stm32f103bluepill/ssfp/adalib/libgnarl.a(s-bbcppr.o)
                0x000000000800a2e4                system__bb__cpu_primitives__enable_interrupts
 .text.system__bb__interrupts__attach_handler
                0x000000000800a304       0x44 /home/hedley/ada/STM32/F/F103/adcgpio_f103/Ada_Drivers_Library/embedded-runtimes/ravenscar-stm32f103bluepill/ssfp/adalib/libgnarl.a(s-bbinte.o)
                0x000000000800a304                system__bb__interrupts__attach_handler
 .text.system__bb__interrupts__interrupt_wrapper
                0x000000000800a348      0x13c /home/hedley/ada/STM32/F/F103/adcgpio_f103/Ada_Drivers_Library/embedded-runtimes/ravenscar-stm32f103bluepill/ssfp/adalib/libgnarl.a(s-bbinte.o)
                0x000000000800a348                system__bb__interrupts__interrupt_wrapper
 .text.system__bb__interrupts__initialize_interrupts
                0x000000000800a484       0x54 /home/hedley/ada/STM32/F/F103/adcgpio_f103/Ada_Drivers_Library/embedded-runtimes/ravenscar-stm32f103bluepill/ssfp/adalib/libgnarl.a(s-bbinte.o)
                0x000000000800a484                system__bb__interrupts__initialize_interrupts
 .text.system__bb__threads__queues__change_priority
                0x000000000800a4d8      0x244 /home/hedley/ada/STM32/F/F103/adcgpio_f103/Ada_Drivers_Library/embedded-runtimes/ravenscar-stm32f103bluepill/ssfp/adalib/libgnarl.a(s-bbthqu.o)
                0x000000000800a4d8                system__bb__threads__queues__change_priority
 .text.__gnat_context_switch_needed
                0x000000000800a71c       0x20 /home/hedley/ada/STM32/F/F103/adcgpio_f103/Ada_Drivers_Library/embedded-runtimes/ravenscar-stm32f103bluepill/ssfp/adalib/libgnarl.a(s-bbthqu.o)
                0x000000000800a71c                __gnat_context_switch_needed
 .text.system__bb__threads__queues__extract
                0x000000000800a73c       0x68 /home/hedley/ada/STM32/F/F103/adcgpio_f103/Ada_Drivers_Library/embedded-runtimes/ravenscar-stm32f103bluepill/ssfp/adalib/libgnarl.a(s-bbthqu.o)
                0x000000000800a73c                system__bb__threads__queues__extract
 .text.system__bb__threads__queues__extract_first_alarm
                0x000000000800a7a4       0x7c /home/hedley/ada/STM32/F/F103/adcgpio_f103/Ada_Drivers_Library/embedded-runtimes/ravenscar-stm32f103bluepill/ssfp/adalib/libgnarl.a(s-bbthqu.o)
                0x000000000800a7a4                system__bb__threads__queues__extract_first_alarm
 .text.system__bb__threads__queues__first_thread
                0x000000000800a820       0x20 /home/hedley/ada/STM32/F/F103/adcgpio_f103/Ada_Drivers_Library/embedded-runtimes/ravenscar-stm32f103bluepill/ssfp/adalib/libgnarl.a(s-bbthqu.o)
                0x000000000800a820                system__bb__threads__queues__first_thread
 .text.system__bb__threads__queues__get_next_alarm_time
                0x000000000800a840       0x4c /home/hedley/ada/STM32/F/F103/adcgpio_f103/Ada_Drivers_Library/embedded-runtimes/ravenscar-stm32f103bluepill/ssfp/adalib/libgnarl.a(s-bbthqu.o)
                0x000000000800a840                system__bb__threads__queues__get_next_alarm_time
 .text.system__bb__threads__queues__insert
                0x000000000800a88c      0x2a0 /home/hedley/ada/STM32/F/F103/adcgpio_f103/Ada_Drivers_Library/embedded-runtimes/ravenscar-stm32f103bluepill/ssfp/adalib/libgnarl.a(s-bbthqu.o)
                0x000000000800a88c                system__bb__threads__queues__insert
 .text.system__bb__threads__queues__insert_alarm
                0x000000000800ab2c      0x1b4 /home/hedley/ada/STM32/F/F103/adcgpio_f103/Ada_Drivers_Library/embedded-runtimes/ravenscar-stm32f103bluepill/ssfp/adalib/libgnarl.a(s-bbthqu.o)
                0x000000000800ab2c                system__bb__threads__queues__insert_alarm
 .text.system__bb__threads__queues__running_thread
                0x000000000800ace0       0x20 /home/hedley/ada/STM32/F/F103/adcgpio_f103/Ada_Drivers_Library/embedded-runtimes/ravenscar-stm32f103bluepill/ssfp/adalib/libgnarl.a(s-bbthqu.o)
                0x000000000800ace0                system__bb__threads__queues__running_thread
 .text.system__bb__threads__queues__wakeup_expired_alarms
                0x000000000800ad00       0x60 /home/hedley/ada/STM32/F/F103/adcgpio_f103/Ada_Drivers_Library/embedded-runtimes/ravenscar-stm32f103bluepill/ssfp/adalib/libgnarl.a(s-bbthqu.o)
                0x000000000800ad00                system__bb__threads__queues__wakeup_expired_alarms
 .text.system__bb__threads__queues__yield
                0x000000000800ad60      0x190 /home/hedley/ada/STM32/F/F103/adcgpio_f103/Ada_Drivers_Library/embedded-runtimes/ravenscar-stm32f103bluepill/ssfp/adalib/libgnarl.a(s-bbthqu.o)
                0x000000000800ad60                system__bb__threads__queues__yield
 .text.system__bb__threads__get_cpu
                0x000000000800aef0       0x54 /home/hedley/ada/STM32/F/F103/adcgpio_f103/Ada_Drivers_Library/embedded-runtimes/ravenscar-stm32f103bluepill/ssfp/adalib/libgnarl.a(s-bbthre.o)
                0x000000000800aef0                system__bb__threads__get_cpu
 .text.system__bb__threads__get_atcb
                0x000000000800af44       0x24 /home/hedley/ada/STM32/F/F103/adcgpio_f103/Ada_Drivers_Library/embedded-runtimes/ravenscar-stm32f103bluepill/ssfp/adalib/libgnarl.a(s-bbthre.o)
                0x000000000800af44                system__bb__threads__get_atcb
 .text.system__bb__threads__get_priority
                0x000000000800af68       0x28 /home/hedley/ada/STM32/F/F103/adcgpio_f103/Ada_Drivers_Library/embedded-runtimes/ravenscar-stm32f103bluepill/ssfp/adalib/libgnarl.a(s-bbthre.o)
                0x000000000800af68                system__bb__threads__get_priority
 .text.system__bb__threads__initialize_thread
                0x000000000800af90      0x164 /home/hedley/ada/STM32/F/F103/adcgpio_f103/Ada_Drivers_Library/embedded-runtimes/ravenscar-stm32f103bluepill/ssfp/adalib/libgnarl.a(s-bbthre.o)
 .text.system__bb__threads__initialize
                0x000000000800b0f4       0x88 /home/hedley/ada/STM32/F/F103/adcgpio_f103/Ada_Drivers_Library/embedded-runtimes/ravenscar-stm32f103bluepill/ssfp/adalib/libgnarl.a(s-bbthre.o)
                0x000000000800b0f4                system__bb__threads__initialize
 .text.system__bb__threads__set_atcb
                0x000000000800b17c       0x2c /home/hedley/ada/STM32/F/F103/adcgpio_f103/Ada_Drivers_Library/embedded-runtimes/ravenscar-stm32f103bluepill/ssfp/adalib/libgnarl.a(s-bbthre.o)
                0x000000000800b17c                system__bb__threads__set_atcb
 .text.system__bb__threads__set_priority
                0x000000000800b1a8       0x24 /home/hedley/ada/STM32/F/F103/adcgpio_f103/Ada_Drivers_Library/embedded-runtimes/ravenscar-stm32f103bluepill/ssfp/adalib/libgnarl.a(s-bbthre.o)
                0x000000000800b1a8                system__bb__threads__set_priority
 .text.system__bb__threads__thread_create
                0x000000000800b1cc       0x50 /home/hedley/ada/STM32/F/F103/adcgpio_f103/Ada_Drivers_Library/embedded-runtimes/ravenscar-stm32f103bluepill/ssfp/adalib/libgnarl.a(s-bbthre.o)
                0x000000000800b1cc                system__bb__threads__thread_create
 .text.system__bb__threads__thread_self
                0x000000000800b21c       0x10 /home/hedley/ada/STM32/F/F103/adcgpio_f103/Ada_Drivers_Library/embedded-runtimes/ravenscar-stm32f103bluepill/ssfp/adalib/libgnarl.a(s-bbthre.o)
                0x000000000800b21c                system__bb__threads__thread_self
 .text.system__bb__time__alarm_handler
                0x000000000800b22c       0x90 /home/hedley/ada/STM32/F/F103/adcgpio_f103/Ada_Drivers_Library/embedded-runtimes/ravenscar-stm32f103bluepill/ssfp/adalib/libgnarl.a(s-bbtime.o)
 .text.system__bb__time__clock
                0x000000000800b2bc       0xac /home/hedley/ada/STM32/F/F103/adcgpio_f103/Ada_Drivers_Library/embedded-runtimes/ravenscar-stm32f103bluepill/ssfp/adalib/libgnarl.a(s-bbtime.o)
                0x000000000800b2bc                system__bb__time__clock
 .text.system__bb__time__delay_until
                0x000000000800b368       0x90 /home/hedley/ada/STM32/F/F103/adcgpio_f103/Ada_Drivers_Library/embedded-runtimes/ravenscar-stm32f103bluepill/ssfp/adalib/libgnarl.a(s-bbtime.o)
                0x000000000800b368                system__bb__time__delay_until
 .text.system__bb__time__get_next_timeout
                0x000000000800b3f8       0x48 /home/hedley/ada/STM32/F/F103/adcgpio_f103/Ada_Drivers_Library/embedded-runtimes/ravenscar-stm32f103bluepill/ssfp/adalib/libgnarl.a(s-bbtime.o)
                0x000000000800b3f8                system__bb__time__get_next_timeout
 .text.system__bb__time__initialize_timers
                0x000000000800b440       0x98 /home/hedley/ada/STM32/F/F103/adcgpio_f103/Ada_Drivers_Library/embedded-runtimes/ravenscar-stm32f103bluepill/ssfp/adalib/libgnarl.a(s-bbtime.o)
                0x000000000800b440                system__bb__time__initialize_timers
 .text.system__bb__time__update_alarm
                0x000000000800b4d8       0xb0 /home/hedley/ada/STM32/F/F103/adcgpio_f103/Ada_Drivers_Library/embedded-runtimes/ravenscar-stm32f103bluepill/ssfp/adalib/libgnarl.a(s-bbtime.o)
                0x000000000800b4d8                system__bb__time__update_alarm
 .text.system__bb__time__update_clock
                0x000000000800b588       0x88 /home/hedley/ada/STM32/F/F103/adcgpio_f103/Ada_Drivers_Library/embedded-runtimes/ravenscar-stm32f103bluepill/ssfp/adalib/libgnarl.a(s-bbtime.o)
 .text.system__bb__time__Oconcat
                0x000000000800b610       0x54 /home/hedley/ada/STM32/F/F103/adcgpio_f103/Ada_Drivers_Library/embedded-runtimes/ravenscar-stm32f103bluepill/ssfp/adalib/libgnarl.a(s-bbtime.o)
                0x000000000800b610                system__bb__time__Oconcat
 .text.system__bb__cpu_primitives__context_switch_trigger__initialize_context_switch
                0x000000000800b664        0xc /home/hedley/ada/STM32/F/F103/adcgpio_f103/Ada_Drivers_Library/embedded-runtimes/ravenscar-stm32f103bluepill/ssfp/adalib/libgnarl.a(s-bcpcst.o)
                0x000000000800b664                system__bb__cpu_primitives__context_switch_trigger__initialize_context_switch
 .text.system__bb__cpu_primitives__context_switch_trigger__trigger_context_switch
                0x000000000800b670       0x18 /home/hedley/ada/STM32/F/F103/adcgpio_f103/Ada_Drivers_Library/embedded-runtimes/ravenscar-stm32f103bluepill/ssfp/adalib/libgnarl.a(s-bcpcst.o)
                0x000000000800b670                system__bb__cpu_primitives__context_switch_trigger__trigger_context_switch
 .text.__gnat_pend_sv_trap
                0x000000000800b688       0x24 /home/hedley/ada/STM32/F/F103/adcgpio_f103/Ada_Drivers_Library/embedded-runtimes/ravenscar-stm32f103bluepill/ssfp/adalib/libgnarl.a(s-bcpcst.o)
                0x000000000800b688                __gnat_pend_sv_trap
 .text.system__bb__protection__enter_kernel
                0x000000000800b6ac        0xc /home/hedley/ada/STM32/F/F103/adcgpio_f103/Ada_Drivers_Library/embedded-runtimes/ravenscar-stm32f103bluepill/ssfp/adalib/libgnarl.a(s-bbprot.o)
                0x000000000800b6ac                system__bb__protection__enter_kernel
 .text.system__bb__protection__leave_kernel
                0x000000000800b6b8       0x54 /home/hedley/ada/STM32/F/F103/adcgpio_f103/Ada_Drivers_Library/embedded-runtimes/ravenscar-stm32f103bluepill/ssfp/adalib/libgnarl.a(s-bbprot.o)
                0x000000000800b6b8                system__bb__protection__leave_kernel
 .text.system__bb__timing_events__execute_expired_timing_events
                0x000000000800b70c       0xd0 /home/hedley/ada/STM32/F/F103/adcgpio_f103/Ada_Drivers_Library/embedded-runtimes/ravenscar-stm32f103bluepill/ssfp/adalib/libgnarl.a(s-bbtiev.o)
                0x000000000800b70c                system__bb__timing_events__execute_expired_timing_events
 .text.system__bb__timing_events__get_next_timeout
                0x000000000800b7dc       0x48 /home/hedley/ada/STM32/F/F103/adcgpio_f103/Ada_Drivers_Library/embedded-runtimes/ravenscar-stm32f103bluepill/ssfp/adalib/libgnarl.a(s-bbtiev.o)
                0x000000000800b7dc                system__bb__timing_events__get_next_timeout
 .text.system__bb__timing_events__extract
                0x000000000800b824       0xb8 /home/hedley/ada/STM32/F/F103/adcgpio_f103/Ada_Drivers_Library/embedded-runtimes/ravenscar-stm32f103bluepill/ssfp/adalib/libgnarl.a(s-bbtiev.o)
 .text.ada__exceptions__last_chance_handler__put.4173
                0x000000000800b8dc       0x5c /home/hedley/ada/STM32/F/F103/adcgpio_f103/Ada_Drivers_Library/embedded-runtimes/ravenscar-stm32f103bluepill/ssfp/adalib/libgnat.a(a-elchha.o)
 .text.__gnat_last_chance_handler
                0x000000000800b938       0x8c /home/hedley/ada/STM32/F/F103/adcgpio_f103/Ada_Drivers_Library/embedded-runtimes/ravenscar-stm32f103bluepill/ssfp/adalib/libgnat.a(a-elchha.o)
                0x000000000800b938                __gnat_last_chance_handler
 .text.gnat__io__put__2
                0x000000000800b9c4       0x60 /home/hedley/ada/STM32/F/F103/adcgpio_f103/Ada_Drivers_Library/embedded-runtimes/ravenscar-stm32f103bluepill/ssfp/adalib/libgnat.a(g-io.o)
                0x000000000800b9c4                gnat__io__put__2
 .text.gnat__io__new_line
                0x000000000800ba24       0x2c /home/hedley/ada/STM32/F/F103/adcgpio_f103/Ada_Drivers_Library/embedded-runtimes/ravenscar-stm32f103bluepill/ssfp/adalib/libgnat.a(g-io.o)
                0x000000000800ba24                gnat__io__new_line
 .text.gnat__io__put
                0x000000000800ba50      0x134 /home/hedley/ada/STM32/F/F103/adcgpio_f103/Ada_Drivers_Library/embedded-runtimes/ravenscar-stm32f103bluepill/ssfp/adalib/libgnat.a(g-io.o)
                0x000000000800ba50                gnat__io__put
 .text.gnat__io__put__3
                0x000000000800bb84       0x48 /home/hedley/ada/STM32/F/F103/adcgpio_f103/Ada_Drivers_Library/embedded-runtimes/ravenscar-stm32f103bluepill/ssfp/adalib/libgnat.a(g-io.o)
                0x000000000800bb84                gnat__io__put__3
 .text.gnat__io__put_line
                0x000000000800bbcc       0x20 /home/hedley/ada/STM32/F/F103/adcgpio_f103/Ada_Drivers_Library/embedded-runtimes/ravenscar-stm32f103bluepill/ssfp/adalib/libgnat.a(g-io.o)
                0x000000000800bbcc                gnat__io__put_line
 *fill*         0x000000000800bbec       0x14 
 .text          0x000000000800bc00      0x148 /home/hedley/ada/STM32/F/F103/adcgpio_f103/Ada_Drivers_Library/embedded-runtimes/ravenscar-stm32f103bluepill/ssfp/adalib/libgnat.a(handler.o)
                0x000000000800bc00                __vectors
 .text.system__assertions__raise_assert_failure
                0x000000000800bd48      0x15c /home/hedley/ada/STM32/F/F103/adcgpio_f103/Ada_Drivers_Library/embedded-runtimes/ravenscar-stm32f103bluepill/ssfp/adalib/libgnat.a(s-assert.o)
                0x000000000800bd48                system__assertions__raise_assert_failure
 .text.system__img_uns__image_unsigned
                0x000000000800bea4       0x58 /home/hedley/ada/STM32/F/F103/adcgpio_f103/Ada_Drivers_Library/embedded-runtimes/ravenscar-stm32f103bluepill/ssfp/adalib/libgnat.a(s-imguns.o)
                0x000000000800bea4                system__img_uns__image_unsigned
 .text.system__img_uns__set_image_unsigned
                0x000000000800befc       0xe0 /home/hedley/ada/STM32/F/F103/adcgpio_f103/Ada_Drivers_Library/embedded-runtimes/ravenscar-stm32f103bluepill/ssfp/adalib/libgnat.a(s-imguns.o)
                0x000000000800befc                system__img_uns__set_image_unsigned
 .text._exit    0x000000000800bfdc       0x20 /home/hedley/ada/STM32/F/F103/adcgpio_f103/Ada_Drivers_Library/embedded-runtimes/ravenscar-stm32f103bluepill/ssfp/adalib/libgnat.a(s-macres.o)
                0x000000000800bfdc                _exit
 .text.system__machine_reset__stop
                0x000000000800bffc        0xc /home/hedley/ada/STM32/F/F103/adcgpio_f103/Ada_Drivers_Library/embedded-runtimes/ravenscar-stm32f103bluepill/ssfp/adalib/libgnat.a(s-macres.o)
                0x000000000800bffc                system__machine_reset__stop
 .text.memcpy   0x000000000800c008       0xb4 /home/hedley/ada/STM32/F/F103/adcgpio_f103/Ada_Drivers_Library/embedded-runtimes/ravenscar-stm32f103bluepill/ssfp/adalib/libgnat.a(s-memcop.o)
                0x000000000800c008                memcpy
 .text.memset   0x000000000800c0bc       0x9c /home/hedley/ada/STM32/F/F103/adcgpio_f103/Ada_Drivers_Library/embedded-runtimes/ravenscar-stm32f103bluepill/ssfp/adalib/libgnat.a(s-memset.o)
                0x000000000800c0bc                memset
 .text.system__parameters__adjust_storage_size
                0x000000000800c158       0x24 /home/hedley/ada/STM32/F/F103/adcgpio_f103/Ada_Drivers_Library/embedded-runtimes/ravenscar-stm32f103bluepill/ssfp/adalib/libgnat.a(s-parame.o)
                0x000000000800c158                system__parameters__adjust_storage_size
 .text.system__secondary_stack__ss_stackIP
                0x000000000800c17c       0x18 /home/hedley/ada/STM32/F/F103/adcgpio_f103/Ada_Drivers_Library/embedded-runtimes/ravenscar-stm32f103bluepill/ssfp/adalib/libgnat.a(s-secsta.o)
                0x000000000800c17c                system__secondary_stack__ss_stackIP
 .text.system__secondary_stack__ss_init
                0x000000000800c194      0x1a0 /home/hedley/ada/STM32/F/F103/adcgpio_f103/Ada_Drivers_Library/embedded-runtimes/ravenscar-stm32f103bluepill/ssfp/adalib/libgnat.a(s-secsta.o)
                0x000000000800c194                system__secondary_stack__ss_init
 .text.system__text_io__initialize
                0x000000000800c334      0x2a0 /home/hedley/ada/STM32/F/F103/adcgpio_f103/Ada_Drivers_Library/embedded-runtimes/ravenscar-stm32f103bluepill/ssfp/adalib/libgnat.a(s-textio.o)
                0x000000000800c334                system__text_io__initialize
 .text.system__text_io__is_tx_ready
                0x000000000800c5d4       0x28 /home/hedley/ada/STM32/F/F103/adcgpio_f103/Ada_Drivers_Library/embedded-runtimes/ravenscar-stm32f103bluepill/ssfp/adalib/libgnat.a(s-textio.o)
                0x000000000800c5d4                system__text_io__is_tx_ready
 .text.system__text_io__put
                0x000000000800c5fc       0x30 /home/hedley/ada/STM32/F/F103/adcgpio_f103/Ada_Drivers_Library/embedded-runtimes/ravenscar-stm32f103bluepill/ssfp/adalib/libgnat.a(s-textio.o)
                0x000000000800c5fc                system__text_io__put
 .text.system__text_io__use_cr_lf_for_new_line
                0x000000000800c62c       0x10 /home/hedley/ada/STM32/F/F103/adcgpio_f103/Ada_Drivers_Library/embedded-runtimes/ravenscar-stm32f103bluepill/ssfp/adalib/libgnat.a(s-textio.o)
                0x000000000800c62c                system__text_io__use_cr_lf_for_new_line
 .text          0x000000000800c63c      0x148 /home/hedley/ada/STM32/F/F103/adcgpio_f103/Ada_Drivers_Library/embedded-runtimes/ravenscar-stm32f103bluepill/ssfp/adalib/libgnat.a(start-rom.o)
                0x000000000800c63c                _start_rom
 .text.system__stm32__system_clocks
                0x000000000800c784       0x3c /home/hedley/ada/STM32/F/F103/adcgpio_f103/Ada_Drivers_Library/embedded-runtimes/ravenscar-stm32f103bluepill/ssfp/adalib/libgnat.a(s-stm32.o)
                0x000000000800c784                system__stm32__system_clocks
 .text.setup_pll__initialize_clocks.4163
                0x000000000800c7c0      0x1e0 /home/hedley/ada/STM32/F/F103/adcgpio_f103/Ada_Drivers_Library/embedded-runtimes/ravenscar-stm32f103bluepill/ssfp/adalib/libgnat.a(setup_pll.o)
 .text._ada_setup_pll
                0x000000000800c9a0       0x38 /home/hedley/ada/STM32/F/F103/adcgpio_f103/Ada_Drivers_Library/embedded-runtimes/ravenscar-stm32f103bluepill/ssfp/adalib/libgnat.a(setup_pll.o)
                0x000000000800c9a0                _ada_setup_pll
 .text.setup_pll__reset_clocks.4165
                0x000000000800c9d8      0x170 /home/hedley/ada/STM32/F/F103/adcgpio_f103/Ada_Drivers_Library/embedded-runtimes/ravenscar-stm32f103bluepill/ssfp/adalib/libgnat.a(setup_pll.o)
 .text.system__bb__mcu_parameters__pwr_initialize
                0x000000000800cb48       0x1c /home/hedley/ada/STM32/F/F103/adcgpio_f103/Ada_Drivers_Library/embedded-runtimes/ravenscar-stm32f103bluepill/ssfp/adalib/libgnat.a(s-bbmcpa.o)
                0x000000000800cb48                system__bb__mcu_parameters__pwr_initialize
 .text          0x000000000800cb64       0xa0 /opt/GNAT/2019-arm-elf/bin/../lib/gcc/arm-eabi/7.4.1/thumb/v7-m/libgcc.a(_aeabi_ldivmod.o)
                0x000000000800cb64                __aeabi_ldivmod
 .text          0x000000000800cc04      0x2dc /opt/GNAT/2019-arm-elf/bin/../lib/gcc/arm-eabi/7.4.1/thumb/v7-m/libgcc.a(_udivmoddi4.o)