Archive member included to satisfy reference by file (symbol)

/media/16T/ada/STM32/F/F103/vl53l1x_f103/Ada_Drivers_Library/boards/lib/stm32f103bluepill/ravenscar-ssfp/Debug/libstm32f103bluepill.a(stm32-board.o)
                              /media/16T/ada/STM32/F/F103/vl53l1x_f103/obj/Debug/last_chance_handler.o (stm32__board__initialize_leds)
/media/16T/ada/STM32/F/F103/vl53l1x_f103/Ada_Drivers_Library/arch/ARM/STM32/lib/stm32f103bluepill/ravenscar-ssfp/Debug/libstm32f103.a(stm32-adc.o)
                              b__vl53l1x_f103.o (stm32__adc___elabs)
/media/16T/ada/STM32/F/F103/vl53l1x_f103/Ada_Drivers_Library/arch/ARM/STM32/lib/stm32f103bluepill/ravenscar-ssfp/Debug/libstm32f103.a(stm32-dac.o)
                              b__vl53l1x_f103.o (stm32__dac_E)
/media/16T/ada/STM32/F/F103/vl53l1x_f103/Ada_Drivers_Library/arch/ARM/STM32/lib/stm32f103bluepill/ravenscar-ssfp/Debug/libstm32f103.a(stm32-device.o)
                              vl53l1x_f103.o (stm32__device__enable_clock__2)
/media/16T/ada/STM32/F/F103/vl53l1x_f103/Ada_Drivers_Library/arch/ARM/STM32/lib/stm32f103bluepill/ravenscar-ssfp/Debug/libstm32f103.a(stm32-exti.o)
                              b__vl53l1x_f103.o (stm32__exti_E)
/media/16T/ada/STM32/F/F103/vl53l1x_f103/Ada_Drivers_Library/arch/ARM/STM32/lib/stm32f103bluepill/ravenscar-ssfp/Debug/libstm32f103.a(stm32-gpio.o)
                              /media/16T/ada/STM32/F/F103/vl53l1x_f103/Ada_Drivers_Library/arch/ARM/STM32/lib/stm32f103bluepill/ravenscar-ssfp/Debug/libstm32f103.a(stm32-device.o) (stm32__gpio__gpio_pointT)
/media/16T/ada/STM32/F/F103/vl53l1x_f103/Ada_Drivers_Library/arch/ARM/STM32/lib/stm32f103bluepill/ravenscar-ssfp/Debug/libstm32f103.a(stm32-i2c.o)
                              /media/16T/ada/STM32/F/F103/vl53l1x_f103/Ada_Drivers_Library/arch/ARM/STM32/lib/stm32f103bluepill/ravenscar-ssfp/Debug/libstm32f103.a(stm32-device.o) (stm32__i2c__i2c_portIP)
/media/16T/ada/STM32/F/F103/vl53l1x_f103/Ada_Drivers_Library/arch/ARM/STM32/lib/stm32f103bluepill/ravenscar-ssfp/Debug/libstm32f103.a(stm32-i2s.o)
                              /media/16T/ada/STM32/F/F103/vl53l1x_f103/Ada_Drivers_Library/arch/ARM/STM32/lib/stm32f103bluepill/ravenscar-ssfp/Debug/libstm32f103.a(stm32-device.o) (stm32__i2s__i2s_portIP)
/media/16T/ada/STM32/F/F103/vl53l1x_f103/Ada_Drivers_Library/arch/ARM/STM32/lib/stm32f103bluepill/ravenscar-ssfp/Debug/libstm32f103.a(stm32-spi.o)
                              /media/16T/ada/STM32/F/F103/vl53l1x_f103/Ada_Drivers_Library/arch/ARM/STM32/lib/stm32f103bluepill/ravenscar-ssfp/Debug/libstm32f103.a(stm32-device.o) (stm32__spi__spi_portIP)
/media/16T/ada/STM32/F/F103/vl53l1x_f103/Ada_Drivers_Library/arch/ARM/STM32/lib/stm32f103bluepill/ravenscar-ssfp/Debug/libstm32f103.a(stm32-usarts.o)
                              /media/16T/ada/STM32/F/F103/vl53l1x_f103/Ada_Drivers_Library/arch/ARM/STM32/lib/stm32f103bluepill/ravenscar-ssfp/Debug/libstm32f103.a(stm32-device.o) (stm32__usarts__usartIP)
/media/16T/ada/STM32/F/F103/vl53l1x_f103/Ada_Drivers_Library/arch/ARM/STM32/lib/stm32f103bluepill/ravenscar-ssfp/Debug/libstm32f103.a(stm32_svd-adc.o)
                              /media/16T/ada/STM32/F/F103/vl53l1x_f103/Ada_Drivers_Library/arch/ARM/STM32/lib/stm32f103bluepill/ravenscar-ssfp/Debug/libstm32f103.a(stm32-adc.o) (stm32_svd__adc__smpr1_registerEQ)
/media/16T/ada/STM32/F/F103/vl53l1x_f103/Ada_Drivers_Library/arch/ARM/STM32/lib/stm32f103bluepill/ravenscar-ssfp/Debug/libstm32f103.a(stm32_svd-dac.o)
                              /media/16T/ada/STM32/F/F103/vl53l1x_f103/Ada_Drivers_Library/arch/ARM/STM32/lib/stm32f103bluepill/ravenscar-ssfp/Debug/libstm32f103.a(stm32-dac.o) (stm32_svd__dac__swtrigr_registerEQ)
/media/16T/ada/STM32/F/F103/vl53l1x_f103/Ada_Drivers_Library/arch/ARM/STM32/lib/stm32f103bluepill/ravenscar-ssfp/Debug/libstm32f103.a(stm32_svd-i2c.o)
                              /media/16T/ada/STM32/F/F103/vl53l1x_f103/Ada_Drivers_Library/arch/ARM/STM32/lib/stm32f103bluepill/ravenscar-ssfp/Debug/libstm32f103.a(stm32-i2c.o) (stm32_svd__i2c__cr1_registerIP)
/media/16T/ada/STM32/F/F103/vl53l1x_f103/Ada_Drivers_Library/arch/ARM/STM32/lib/stm32f103bluepill/ravenscar-ssfp/Debug/libstm32f103.a(stm32_svd-spi.o)
                              /media/16T/ada/STM32/F/F103/vl53l1x_f103/Ada_Drivers_Library/arch/ARM/STM32/lib/stm32f103bluepill/ravenscar-ssfp/Debug/libstm32f103.a(stm32-spi.o) (stm32_svd__spi__sr_registerIP)
/media/16T/ada/Ada_Drivers_Library/hal/lib/stm32f103bluepill/ravenscar-ssfp/Debug/libHAL.a(hal-audio.o)
                              /media/16T/ada/STM32/F/F103/vl53l1x_f103/Ada_Drivers_Library/arch/ARM/STM32/lib/stm32f103bluepill/ravenscar-ssfp/Debug/libstm32f103.a(stm32-i2s.o) (hal__audio__audio_streamT)
/media/16T/ada/Ada_Drivers_Library/hal/lib/stm32f103bluepill/ravenscar-ssfp/Debug/libHAL.a(hal-gpio.o)
[...]
Memory Configuration

Name             Origin             Length             Attributes
flash            0x0000000008000000 0x0000000000020000 xr
sram             0x0000000020000000 0x0000000000005000 xrw
*default*        0x0000000000000000 0xffffffffffffffff

Linker script and memory map

LOAD vl53l1x_f103.o
LOAD b__vl53l1x_f103.o
LOAD /media/16T/ada/STM32/F/F103/vl53l1x_f103/obj/Debug/peripherals.o
LOAD /media/16T/ada/STM32/F/F103/vl53l1x_f103/obj/Debug/last_chance_handler.o
LOAD /media/16T/ada/STM32/F/F103/vl53l1x_f103/obj/Debug/trace.o
LOAD /media/16T/ada/STM32/F/F103/vl53l1x_f103/obj/Debug/vl53l1x.o
LOAD /media/16T/ada/STM32/F/F103/vl53l1x_f103/Ada_Drivers_Library/boards/lib/stm32f103bluepill/ravenscar-ssfp/Debug/libstm32f103bluepill.a
LOAD /media/16T/ada/STM32/F/F103/vl53l1x_f103/Ada_Drivers_Library/components/lib/stm32f103bluepill/ravenscar-ssfp/Debug/libcomponents.a
LOAD /media/16T/ada/STM32/F/F103/vl53l1x_f103/Ada_Drivers_Library/middleware/lib/stm32f103bluepill/ravenscar-ssfp/Debug/libservices.a
LOAD /media/16T/ada/STM32/F/F103/vl53l1x_f103/Ada_Drivers_Library/arch/ARM/STM32/lib/stm32f103bluepill/ravenscar-ssfp/Debug/libstm32f103.a
LOAD /media/16T/ada/STM32/F/F103/vl53l1x_f103/Ada_Drivers_Library/arch/ARM/cortex_m/lib/cortex-m3/stm32f103bluepill/ravenscar-ssfp/Debug/libcortex-m3.a
LOAD /media/16T/ada/Ada_Drivers_Library/hal/lib/stm32f103bluepill/ravenscar-ssfp/Debug/libHAL.a
LOAD /media/16T/ada/STM32/F/F103/vl53l1x_f103/Ada_Drivers_Library/embedded-runtimes/ravenscar-stm32f103bluepill/ssfp/adalib/libgnarl.a
LOAD /media/16T/ada/STM32/F/F103/vl53l1x_f103/Ada_Drivers_Library/embedded-runtimes/ravenscar-stm32f103bluepill/ssfp/adalib/libgnat.a
                0x0000000000001000                __stack_size = 0x1000
LOAD /media/16T/ada/Ada_Drivers_Library/embedded-runtimes/ravenscar-stm32f103bluepill/ssfp/adalib/libgnarl.a
LOAD /media/16T/ada/Ada_Drivers_Library/embedded-runtimes/ravenscar-stm32f103bluepill/ssfp/adalib/libgnat.a
START GROUP
LOAD /media/16T/p4work/GNAT/2019-arm-elf/bin/../lib/gcc/arm-eabi/7.4.1/thumb/v7-m/libgcc.a
END GROUP
                0x0000000000000000                __DYNAMIC = 0x0
                0x0000000000000800                _DEFAULT_STACK_SIZE = 0x800

.text           0x0000000008000000     0xe8c8
 *(.vectors)
 .vectors       0x0000000008000000       0x20 /media/16T/ada/STM32/F/F103/vl53l1x_f103/Ada_Drivers_Library/embedded-runtimes/ravenscar-stm32f103bluepill/ssfp/adalib/libgnat.a(start-rom.o)
                0x000000000800001c                local_id
 *(.text .text.* .gnu.linkonce.t*)
 .text.vl53l1x_f103__initialize_range_sensor.4848
                0x0000000008000020       0xf8 vl53l1x_f103.o
 .text._ada_vl53l1x_f103
                0x0000000008000118      0x234 vl53l1x_f103.o
                0x0000000008000118                _ada_vl53l1x_f103
 .text.vl53l1x_f103__reset.4470
                0x000000000800034c       0x6c vl53l1x_f103.o
 .text.vl53l1x_f103__L_1__B22b___finalizer.5017
                0x00000000080003b8       0x1c vl53l1x_f103.o
 .text.ada_main__Tsec_default_sized_stacksBIP
                0x00000000080003d4       0x44 b__vl53l1x_f103.o
                0x00000000080003d4                ada_main__Tsec_default_sized_stacksBIP
 .text.adainit  0x0000000008000418      0x140 b__vl53l1x_f103.o
                0x0000000008000418                adainit
 .text.main     0x0000000008000558       0x1c b__vl53l1x_f103.o
                0x0000000008000558                main
 .text.ada_main___elabb
                0x0000000008000574       0x1c b__vl53l1x_f103.o
                0x0000000008000574                ada_main___elabb
 .text.__gnat_last_chance_handler
                0x0000000008000590       0x74 /media/16T/ada/STM32/F/F103/vl53l1x_f103/obj/Debug/last_chance_handler.o
                0x0000000008000590                __gnat_last_chance_handler
 .text.trace__configure_tracing
                0x0000000008000604      0x1a4 /media/16T/ada/STM32/F/F103/vl53l1x_f103/obj/Debug/trace.o
                0x0000000008000604                trace__configure_tracing
 .text.trace__configure_watchpoint
                0x00000000080007a8       0x90 /media/16T/ada/STM32/F/F103/vl53l1x_f103/obj/Debug/trace.o
                0x00000000080007a8                trace__configure_watchpoint
 .text.trace___elabs
                0x0000000008000838        0xc /media/16T/ada/STM32/F/F103/vl53l1x_f103/obj/Debug/trace.o
                0x0000000008000838                trace___elabs
 .text.vl53l1x__vl53l1_range_statusRP
                0x0000000008000844       0xa8 /media/16T/ada/STM32/F/F103/vl53l1x_f103/obj/Debug/vl53l1x.o
                0x0000000008000844                vl53l1x__vl53l1_range_statusRP
 .text.vl53l1x__vl53l1x_ranging_sensorIP
                0x00000000080008ec       0x20 /media/16T/ada/STM32/F/F103/vl53l1x_f103/obj/Debug/vl53l1x.o
                0x00000000080008ec                vl53l1x__vl53l1x_ranging_sensorIP
 .text.vl53l1x__i2c_write
                0x000000000800090c       0x48 /media/16T/ada/STM32/F/F103/vl53l1x_f103/obj/Debug/vl53l1x.o
                0x000000000800090c                vl53l1x__i2c_write
 .text.vl53l1x__i2c_read
                0x0000000008000954       0x48 /media/16T/ada/STM32/F/F103/vl53l1x_f103/obj/Debug/vl53l1x.o
                0x0000000008000954                vl53l1x__i2c_read
 .text.vl53l1x__write__2
                0x000000000800099c       0x70 /media/16T/ada/STM32/F/F103/vl53l1x_f103/obj/Debug/vl53l1x.o
                0x000000000800099c                vl53l1x__write__2
 .text.vl53l1x__write__3
                0x0000000008000a0c       0x98 /media/16T/ada/STM32/F/F103/vl53l1x_f103/obj/Debug/vl53l1x.o
                0x0000000008000a0c                vl53l1x__write__3
 .text.vl53l1x__write__4
                0x0000000008000aa4       0xbc /media/16T/ada/STM32/F/F103/vl53l1x_f103/obj/Debug/vl53l1x.o
                0x0000000008000aa4                vl53l1x__write__4
 .text.vl53l1x__read
                0x0000000008000b60       0x80 /media/16T/ada/STM32/F/F103/vl53l1x_f103/obj/Debug/vl53l1x.o
                0x0000000008000b60                vl53l1x__read
 .text.vl53l1x__read__2
                0x0000000008000be0       0x98 /media/16T/ada/STM32/F/F103/vl53l1x_f103/obj/Debug/vl53l1x.o
                0x0000000008000be0                vl53l1x__read__2
 .text.vl53l1x__read__3
                0x0000000008000c78       0xa0 /media/16T/ada/STM32/F/F103/vl53l1x_f103/obj/Debug/vl53l1x.o
                0x0000000008000c78                vl53l1x__read__3
 .text.vl53l1x__calcmacroperiod
                0x0000000008000d18       0x68 /media/16T/ada/STM32/F/F103/vl53l1x_f103/obj/Debug/vl53l1x.o
                0x0000000008000d18                vl53l1x__calcmacroperiod
 .text.vl53l1x__timeoutmclkstomicroseconds
                0x0000000008000d80       0x58 /media/16T/ada/STM32/F/F103/vl53l1x_f103/obj/Debug/vl53l1x.o
                0x0000000008000d80                vl53l1x__timeoutmclkstomicroseconds
 .text.vl53l1x__timeoutmicrosecondstomclks
                0x0000000008000dd8       0x38 /media/16T/ada/STM32/F/F103/vl53l1x_f103/obj/Debug/vl53l1x.o
                0x0000000008000dd8                vl53l1x__timeoutmicrosecondstomclks
 .text.vl53l1x__encodetimeout
                0x0000000008000e10       0x68 /media/16T/ada/STM32/F/F103/vl53l1x_f103/obj/Debug/vl53l1x.o
                0x0000000008000e10                vl53l1x__encodetimeout
 .text.vl53l1x__gettimeout
                0x0000000008000e78       0x18 /media/16T/ada/STM32/F/F103/vl53l1x_f103/obj/Debug/vl53l1x.o
                0x0000000008000e78                vl53l1x__gettimeout
 .text.vl53l1x__setmeasurementtimingbudget
                0x0000000008000e90      0x14c /media/16T/ada/STM32/F/F103/vl53l1x_f103/obj/Debug/vl53l1x.o
                0x0000000008000e90                vl53l1x__setmeasurementtimingbudget
 .text.vl53l1x__decodetimeout
                0x0000000008000fdc       0x40 /media/16T/ada/STM32/F/F103/vl53l1x_f103/obj/Debug/vl53l1x.o
                0x0000000008000fdc                vl53l1x__decodetimeout
 .text.vl53l1x__getmeasurementtimingbudget
                0x000000000800101c       0x64 /media/16T/ada/STM32/F/F103/vl53l1x_f103/obj/Debug/vl53l1x.o
                0x000000000800101c                vl53l1x__getmeasurementtimingbudget
 .text.vl53l1x__setdistancemode
                0x0000000008001080      0x178 /media/16T/ada/STM32/F/F103/vl53l1x_f103/obj/Debug/vl53l1x.o
                0x0000000008001080                vl53l1x__setdistancemode
 .text.vl53l1x__startcontinuous
                0x00000000080011f8       0x48 /media/16T/ada/STM32/F/F103/vl53l1x_f103/obj/Debug/vl53l1x.o
                0x00000000080011f8                vl53l1x__startcontinuous
 .text.vl53l1x__setupmanualcalibration
                0x0000000008001240       0xb0 /media/16T/ada/STM32/F/F103/vl53l1x_f103/obj/Debug/vl53l1x.o
                0x0000000008001240                vl53l1x__setupmanualcalibration
 .text.vl53l1x__to_uint16
                0x00000000080012f0       0x44 /media/16T/ada/STM32/F/F103/vl53l1x_f103/obj/Debug/vl53l1x.o
                0x00000000080012f0                vl53l1x__to_uint16
 .text.vl53l1x__readresults
                0x0000000008001334       0xd0 /media/16T/ada/STM32/F/F103/vl53l1x_f103/obj/Debug/vl53l1x.o
                0x0000000008001334                vl53l1x__readresults
 .text.vl53l1x__updatedss
                0x0000000008001404       0xc8 /media/16T/ada/STM32/F/F103/vl53l1x_f103/obj/Debug/vl53l1x.o
                0x0000000008001404                vl53l1x__updatedss
 .text.vl53l1x__countratefixedtofloat
                0x00000000080014cc       0x2c /media/16T/ada/STM32/F/F103/vl53l1x_f103/obj/Debug/vl53l1x.o
 .text.vl53l1x__getrangingdata
                0x00000000080014f8      0x138 /media/16T/ada/STM32/F/F103/vl53l1x_f103/obj/Debug/vl53l1x.o
                0x00000000080014f8                vl53l1x__getrangingdata
 .text.vl53l1x__read_range
                0x0000000008001630       0xdc /media/16T/ada/STM32/F/F103/vl53l1x_f103/obj/Debug/vl53l1x.o
                0x0000000008001630                vl53l1x__read_range
 .text.vl53l1x__initialize
                0x000000000800170c      0x5f0 /media/16T/ada/STM32/F/F103/vl53l1x_f103/obj/Debug/vl53l1x.o
                0x000000000800170c                vl53l1x__initialize
 .text.vl53l1x__read_id
                0x0000000008001cfc       0x3c /media/16T/ada/STM32/F/F103/vl53l1x_f103/obj/Debug/vl53l1x.o
                0x0000000008001cfc                vl53l1x__read_id
 .text.vl53l1x__range_status_string
                0x0000000008001d38      0x3dc /media/16T/ada/STM32/F/F103/vl53l1x_f103/obj/Debug/vl53l1x.o
                0x0000000008001d38                vl53l1x__range_status_string
 .text.stm32__board__initialize_leds
                0x0000000008002114       0x30 /media/16T/ada/STM32/F/F103/vl53l1x_f103/Ada_Drivers_Library/boards/lib/stm32f103bluepill/ravenscar-ssfp/Debug/libstm32f103bluepill.a(stm32-board.o)
                0x0000000008002114                stm32__board__initialize_leds
 .text.stm32__board__all_leds_off
                0x0000000008002144       0x10 /media/16T/ada/STM32/F/F103/vl53l1x_f103/Ada_Drivers_Library/boards/lib/stm32f103bluepill/ravenscar-ssfp/Debug/libstm32f103bluepill.a(stm32-board.o)
                0x0000000008002144                stm32__board__all_leds_off
 .text.stm32__board__initialize_board
                0x0000000008002154       0x10 /media/16T/ada/STM32/F/F103/vl53l1x_f103/Ada_Drivers_Library/boards/lib/stm32f103bluepill/ravenscar-ssfp/Debug/libstm32f103bluepill.a(stm32-board.o)
                0x0000000008002154                stm32__board__initialize_board
 .text.stm32__adc___elabs
                0x0000000008002164       0x30 /media/16T/ada/STM32/F/F103/vl53l1x_f103/Ada_Drivers_Library/arch/ARM/STM32/lib/stm32f103bluepill/ravenscar-ssfp/Debug/libstm32f103.a(stm32-adc.o)
                0x0000000008002164                stm32__adc___elabs
 .text.stm32__device__enable_clock
                0x0000000008002194      0x268 /media/16T/ada/STM32/F/F103/vl53l1x_f103/Ada_Drivers_Library/arch/ARM/STM32/lib/stm32f103bluepill/ravenscar-ssfp/Debug/libstm32f103.a(stm32-device.o)
                0x0000000008002194                stm32__device__enable_clock
 .text.stm32__device__enable_clock__2
                0x00000000080023fc       0x2c /media/16T/ada/STM32/F/F103/vl53l1x_f103/Ada_Drivers_Library/arch/ARM/STM32/lib/stm32f103bluepill/ravenscar-ssfp/Debug/libstm32f103.a(stm32-device.o)
                0x00000000080023fc                stm32__device__enable_clock__2
 .text.stm32__device__as_port_id
                0x0000000008002428      0x1a0 /media/16T/ada/STM32/F/F103/vl53l1x_f103/Ada_Drivers_Library/arch/ARM/STM32/lib/stm32f103bluepill/ravenscar-ssfp/Debug/libstm32f103.a(stm32-device.o)
                0x0000000008002428                stm32__device__as_port_id
 .text.stm32__device__enable_clock__8
                0x00000000080025c8       0x1c /media/16T/ada/STM32/F/F103/vl53l1x_f103/Ada_Drivers_Library/arch/ARM/STM32/lib/stm32f103bluepill/ravenscar-ssfp/Debug/libstm32f103.a(stm32-device.o)
                0x00000000080025c8                stm32__device__enable_clock__8
 .text.stm32__device__enable_clock__9
                0x00000000080025e4       0x58 /media/16T/ada/STM32/F/F103/vl53l1x_f103/Ada_Drivers_Library/arch/ARM/STM32/lib/stm32f103bluepill/ravenscar-ssfp/Debug/libstm32f103.a(stm32-device.o)
                0x00000000080025e4                stm32__device__enable_clock__9
 .text.stm32__device__reset__7
                0x000000000800263c       0x1c /media/16T/ada/STM32/F/F103/vl53l1x_f103/Ada_Drivers_Library/arch/ARM/STM32/lib/stm32f103bluepill/ravenscar-ssfp/Debug/libstm32f103.a(stm32-device.o)
                0x000000000800263c                stm32__device__reset__7
 .text.stm32__device__reset__8
                0x0000000008002658       0x78 /media/16T/ada/STM32/F/F103/vl53l1x_f103/Ada_Drivers_Library/arch/ARM/STM32/lib/stm32f103bluepill/ravenscar-ssfp/Debug/libstm32f103.a(stm32-device.o)
                0x0000000008002658                stm32__device__reset__8
 .text.stm32__device__system_clock_frequencies
                0x00000000080026d0      0x1e8 /media/16T/ada/STM32/F/F103/vl53l1x_f103/Ada_Drivers_Library/arch/ARM/STM32/lib/stm32f103bluepill/ravenscar-ssfp/Debug/libstm32f103.a(stm32-device.o)
                0x00000000080026d0                stm32__device__system_clock_frequencies
 .text.stm32__device___elabs
                0x00000000080028b8      0xb40 /media/16T/ada/STM32/F/F103/vl53l1x_f103/Ada_Drivers_Library/arch/ARM/STM32/lib/stm32f103bluepill/ravenscar-ssfp/Debug/libstm32f103.a(stm32-device.o)
                0x00000000080028b8                stm32__device___elabs
 .text.stm32__exti__enable_external_interrupt
                0x00000000080033f8      0x130 /media/16T/ada/STM32/F/F103/vl53l1x_f103/Ada_Drivers_Library/arch/ARM/STM32/lib/stm32f103bluepill/ravenscar-ssfp/Debug/libstm32f103.a(stm32-exti.o)
                0x00000000080033f8                stm32__exti__enable_external_interrupt
 .text.stm32__exti__enable_external_event
                0x0000000008003528      0x138 /media/16T/ada/STM32/F/F103/vl53l1x_f103/Ada_Drivers_Library/arch/ARM/STM32/lib/stm32f103bluepill/ravenscar-ssfp/Debug/libstm32f103.a(stm32-exti.o)
                0x0000000008003528                stm32__exti__enable_external_event
 .text.stm32__gpio__gpio_pinRP
                0x0000000008003660       0xd0 /media/16T/ada/STM32/F/F103/vl53l1x_f103/Ada_Drivers_Library/arch/ARM/STM32/lib/stm32f103bluepill/ravenscar-ssfp/Debug/libstm32f103.a(stm32-gpio.o)
                0x0000000008003660                stm32__gpio__gpio_pinRP
 .text.stm32__gpio___size__2
                0x0000000008003730       0x1c /media/16T/ada/STM32/F/F103/vl53l1x_f103/Ada_Drivers_Library/arch/ARM/STM32/lib/stm32f103bluepill/ravenscar-ssfp/Debug/libstm32f103.a(stm32-gpio.o)
                0x0000000008003730                stm32__gpio___size__2
 .text.stm32__gpio__Oeq
                0x000000000800374c       0x34 /media/16T/ada/STM32/F/F103/vl53l1x_f103/Ada_Drivers_Library/arch/ARM/STM32/lib/stm32f103bluepill/ravenscar-ssfp/Debug/libstm32f103.a(stm32-gpio.o)
                0x000000000800374c                stm32__gpio__Oeq
 .text.stm32__gpio___assign
                0x0000000008003780       0x24 /media/16T/ada/STM32/F/F103/vl53l1x_f103/Ada_Drivers_Library/arch/ARM/STM32/lib/stm32f103bluepill/ravenscar-ssfp/Debug/libstm32f103.a(stm32-gpio.o)
                0x0000000008003780                stm32__gpio___assign
 .text.stm32__gpio__mode
                0x00000000080037a4       0xcc /media/16T/ada/STM32/F/F103/vl53l1x_f103/Ada_Drivers_Library/arch/ARM/STM32/lib/stm32f103bluepill/ravenscar-ssfp/Debug/libstm32f103.a(stm32-gpio.o)
                0x00000000080037a4                stm32__gpio__mode
 .text.stm32__gpio__set_mode
                0x0000000008003870      0x118 /media/16T/ada/STM32/F/F103/vl53l1x_f103/Ada_Drivers_Library/arch/ARM/STM32/lib/stm32f103bluepill/ravenscar-ssfp/Debug/libstm32f103.a(stm32-gpio.o)
                0x0000000008003870                stm32__gpio__set_mode
 .text.stm32__gpio__pull_resistor
                0x0000000008003988       0x38 /media/16T/ada/STM32/F/F103/vl53l1x_f103/Ada_Drivers_Library/arch/ARM/STM32/lib/stm32f103bluepill/ravenscar-ssfp/Debug/libstm32f103.a(stm32-gpio.o)
                0x0000000008003988                stm32__gpio__pull_resistor
 .text.stm32__gpio__set_pull_resistor
                0x00000000080039c0       0x3c /media/16T/ada/STM32/F/F103/vl53l1x_f103/Ada_Drivers_Library/arch/ARM/STM32/lib/stm32f103bluepill/ravenscar-ssfp/Debug/libstm32f103.a(stm32-gpio.o)
                0x00000000080039c0                stm32__gpio__set_pull_resistor
 .text.stm32__gpio__set
                0x00000000080039fc       0x48 /media/16T/ada/STM32/F/F103/vl53l1x_f103/Ada_Drivers_Library/arch/ARM/STM32/lib/stm32f103bluepill/ravenscar-ssfp/Debug/libstm32f103.a(stm32-gpio.o)
                0x00000000080039fc                stm32__gpio__set
 .text.stm32__gpio__set__2
                0x0000000008003a44       0x5c /media/16T/ada/STM32/F/F103/vl53l1x_f103/Ada_Drivers_Library/arch/ARM/STM32/lib/stm32f103bluepill/ravenscar-ssfp/Debug/libstm32f103.a(stm32-gpio.o)
                0x0000000008003a44                stm32__gpio__set__2
 .text.stm32__gpio__clear
                0x0000000008003aa0       0x5c /media/16T/ada/STM32/F/F103/vl53l1x_f103/Ada_Drivers_Library/arch/ARM/STM32/lib/stm32f103bluepill/ravenscar-ssfp/Debug/libstm32f103.a(stm32-gpio.o)
                0x0000000008003aa0                stm32__gpio__clear
 .text.stm32__gpio__toggle
                0x0000000008003afc       0x7c /media/16T/ada/STM32/F/F103/vl53l1x_f103/Ada_Drivers_Library/arch/ARM/STM32/lib/stm32f103bluepill/ravenscar-ssfp/Debug/libstm32f103.a(stm32-gpio.o)
                0x0000000008003afc                stm32__gpio__toggle
 .text.stm32__gpio__locked
                0x0000000008003b78       0x1c /media/16T/ada/STM32/F/F103/vl53l1x_f103/Ada_Drivers_Library/arch/ARM/STM32/lib/stm32f103bluepill/ravenscar-ssfp/Debug/libstm32f103.a(stm32-gpio.o)
                0x0000000008003b78                stm32__gpio__locked
 .text.stm32__gpio__lock_the_pin
                0x0000000008003b94       0x30 /media/16T/ada/STM32/F/F103/vl53l1x_f103/Ada_Drivers_Library/arch/ARM/STM32/lib/stm32f103bluepill/ravenscar-ssfp/Debug/libstm32f103.a(stm32-gpio.o)
 .text.stm32__gpio__lock___postconditions.5677
                0x0000000008003bc4       0x3c /media/16T/ada/STM32/F/F103/vl53l1x_f103/Ada_Drivers_Library/arch/ARM/STM32/lib/stm32f103bluepill/ravenscar-ssfp/Debug/libstm32f103.a(stm32-gpio.o)
 .text.stm32__gpio__lock
                0x0000000008003c00       0x6c /media/16T/ada/STM32/F/F103/vl53l1x_f103/Ada_Drivers_Library/arch/ARM/STM32/lib/stm32f103bluepill/ravenscar-ssfp/Debug/libstm32f103.a(stm32-gpio.o)
                0x0000000008003c00                stm32__gpio__lock
 .text.stm32__gpio__configure_io
                0x0000000008003c6c      0x1d4 /media/16T/ada/STM32/F/F103/vl53l1x_f103/Ada_Drivers_Library/arch/ARM/STM32/lib/stm32f103bluepill/ravenscar-ssfp/Debug/libstm32f103.a(stm32-gpio.o)
                0x0000000008003c6c                stm32__gpio__configure_io
 .text.stm32__gpio__configure_alternate_function
                0x0000000008003e40       0x3c /media/16T/ada/STM32/F/F103/vl53l1x_f103/Ada_Drivers_Library/arch/ARM/STM32/lib/stm32f103bluepill/ravenscar-ssfp/Debug/libstm32f103.a(stm32-gpio.o)
                0x0000000008003e40                stm32__gpio__configure_alternate_function
 .text.stm32__gpio__configure_af_swd
                0x0000000008003e7c       0x20 /media/16T/ada/STM32/F/F103/vl53l1x_f103/Ada_Drivers_Library/arch/ARM/STM32/lib/stm32f103bluepill/ravenscar-ssfp/Debug/libstm32f103.a(stm32-gpio.o)
                0x0000000008003e7c                stm32__gpio__configure_af_swd
 .text.stm32__gpio__interrupt_line_number
                0x0000000008003e9c       0x44 /media/16T/ada/STM32/F/F103/vl53l1x_f103/Ada_Drivers_Library/arch/ARM/STM32/lib/stm32f103bluepill/ravenscar-ssfp/Debug/libstm32f103.a(stm32-gpio.o)
                0x0000000008003e9c                stm32__gpio__interrupt_line_number
 .text.stm32__gpio__configure_trigger
                0x0000000008003ee0       0x74 /media/16T/ada/STM32/F/F103/vl53l1x_f103/Ada_Drivers_Library/arch/ARM/STM32/lib/stm32f103bluepill/ravenscar-ssfp/Debug/libstm32f103.a(stm32-gpio.o)
                0x0000000008003ee0                stm32__gpio__configure_trigger
 .text.stm32__i2c__i2c_configurationIP
                0x0000000008003f54       0x28 /media/16T/ada/STM32/F/F103/vl53l1x_f103/Ada_Drivers_Library/arch/ARM/STM32/lib/stm32f103bluepill/ravenscar-ssfp/Debug/libstm32f103.a(stm32-i2c.o)
                0x0000000008003f54                stm32__i2c__i2c_configurationIP
 .text.stm32__i2c__i2c_portIP
                0x0000000008003f7c       0x3c /media/16T/ada/STM32/F/F103/vl53l1x_f103/Ada_Drivers_Library/arch/ARM/STM32/lib/stm32f103bluepill/ravenscar-ssfp/Debug/libstm32f103.a(stm32-i2c.o)
                0x0000000008003f7c                stm32__i2c__i2c_portIP
 .text.stm32__i2c___size__2
                0x0000000008003fb8       0x1c /media/16T/ada/STM32/F/F103/vl53l1x_f103/Ada_Drivers_Library/arch/ARM/STM32/lib/stm32f103bluepill/ravenscar-ssfp/Debug/libstm32f103.a(stm32-i2c.o)
                0x0000000008003fb8                stm32__i2c___size__2
 .text.stm32__i2c__configure___postconditions.5074
                0x0000000008003fd4       0x3c /media/16T/ada/STM32/F/F103/vl53l1x_f103/Ada_Drivers_Library/arch/ARM/STM32/lib/stm32f103bluepill/ravenscar-ssfp/Debug/libstm32f103.a(stm32-i2c.o)
 .text.stm32__i2c__configure
                0x0000000008004010      0x69c /media/16T/ada/STM32/F/F103/vl53l1x_f103/Ada_Drivers_Library/arch/ARM/STM32/lib/stm32f103bluepill/ravenscar-ssfp/Debug/libstm32f103.a(stm32-i2c.o)
                0x0000000008004010                stm32__i2c__configure
 .text.stm32__i2c__flag_status
                0x00000000080046ac      0x1d8 /media/16T/ada/STM32/F/F103/vl53l1x_f103/Ada_Drivers_Library/arch/ARM/STM32/lib/stm32f103bluepill/ravenscar-ssfp/Debug/libstm32f103.a(stm32-i2c.o)
 .text.stm32__i2c__clear_address_sent_status
                0x0000000008004884       0x30 /media/16T/ada/STM32/F/F103/vl53l1x_f103/Ada_Drivers_Library/arch/ARM/STM32/lib/stm32f103bluepill/ravenscar-ssfp/Debug/libstm32f103.a(stm32-i2c.o)
 .text.stm32__i2c__wait_flag
                0x00000000080048b4       0x6c /media/16T/ada/STM32/F/F103/vl53l1x_f103/Ada_Drivers_Library/arch/ARM/STM32/lib/stm32f103bluepill/ravenscar-ssfp/Debug/libstm32f103.a(stm32-i2c.o)
 .text.stm32__i2c__wait_master_flag
                0x0000000008004920       0xb0 /media/16T/ada/STM32/F/F103/vl53l1x_f103/Ada_Drivers_Library/arch/ARM/STM32/lib/stm32f103bluepill/ravenscar-ssfp/Debug/libstm32f103.a(stm32-i2c.o)
 .text.stm32__i2c__master_request_write
                0x00000000080049d0      0x110 /media/16T/ada/STM32/F/F103/vl53l1x_f103/Ada_Drivers_Library/arch/ARM/STM32/lib/stm32f103bluepill/ravenscar-ssfp/Debug/libstm32f103.a(stm32-i2c.o)
 .text.stm32__i2c__master_request_read
                0x0000000008004ae0      0x18c /media/16T/ada/STM32/F/F103/vl53l1x_f103/Ada_Drivers_Library/arch/ARM/STM32/lib/stm32f103bluepill/ravenscar-ssfp/Debug/libstm32f103.a(stm32-i2c.o)
 .text.stm32__i2c__mem_request_write
                0x0000000008004c6c      0x180 /media/16T/ada/STM32/F/F103/vl53l1x_f103/Ada_Drivers_Library/arch/ARM/STM32/lib/stm32f103bluepill/ravenscar-ssfp/Debug/libstm32f103.a(stm32-i2c.o)
 .text.stm32__i2c__mem_request_read
                0x0000000008004dec      0x20c /media/16T/ada/STM32/F/F103/vl53l1x_f103/Ada_Drivers_Library/arch/ARM/STM32/lib/stm32f103bluepill/ravenscar-ssfp/Debug/libstm32f103.a(stm32-i2c.o)
 .text.stm32__i2c__master_transmit
                0x0000000008004ff8      0x1bc /media/16T/ada/STM32/F/F103/vl53l1x_f103/Ada_Drivers_Library/arch/ARM/STM32/lib/stm32f103bluepill/ravenscar-ssfp/Debug/libstm32f103.a(stm32-i2c.o)
                0x0000000008004ff8                stm32__i2c__master_transmit
 .text.stm32__i2c__master_receive
                0x00000000080051b4      0x634 /media/16T/ada/STM32/F/F103/vl53l1x_f103/Ada_Drivers_Library/arch/ARM/STM32/lib/stm32f103bluepill/ravenscar-ssfp/Debug/libstm32f103.a(stm32-i2c.o)
                0x00000000080051b4                stm32__i2c__master_receive
 .text.stm32__i2c__mem_write
                0x00000000080057e8      0x1d4 /media/16T/ada/STM32/F/F103/vl53l1x_f103/Ada_Drivers_Library/arch/ARM/STM32/lib/stm32f103bluepill/ravenscar-ssfp/Debug/libstm32f103.a(stm32-i2c.o)
                0x00000000080057e8                stm32__i2c__mem_write
 .text.stm32__i2c__mem_read
                0x00000000080059bc      0x590 /media/16T/ada/STM32/F/F103/vl53l1x_f103/Ada_Drivers_Library/arch/ARM/STM32/lib/stm32f103bluepill/ravenscar-ssfp/Debug/libstm32f103.a(stm32-i2c.o)
                0x00000000080059bc                stm32__i2c__mem_read
 .text.stm32__i2c__set_state
                0x0000000008005f4c       0x2c /media/16T/ada/STM32/F/F103/vl53l1x_f103/Ada_Drivers_Library/arch/ARM/STM32/lib/stm32f103bluepill/ravenscar-ssfp/Debug/libstm32f103.a(stm32-i2c.o)
                0x0000000008005f4c                stm32__i2c__set_state
 .text.stm32__i2c__port_enabled
                0x0000000008005f78       0x20 /media/16T/ada/STM32/F/F103/vl53l1x_f103/Ada_Drivers_Library/arch/ARM/STM32/lib/stm32f103bluepill/ravenscar-ssfp/Debug/libstm32f103.a(stm32-i2c.o)
                0x0000000008005f78                stm32__i2c__port_enabled
 .text.stm32__i2c__enable_interrupt___postconditions.5333
                0x0000000008005f98       0x40 /media/16T/ada/STM32/F/F103/vl53l1x_f103/Ada_Drivers_Library/arch/ARM/STM32/lib/stm32f103bluepill/ravenscar-ssfp/Debug/libstm32f103.a(stm32-i2c.o)
 .text.stm32__i2c__enable_interrupt
                0x0000000008005fd8       0x98 /media/16T/ada/STM32/F/F103/vl53l1x_f103/Ada_Drivers_Library/arch/ARM/STM32/lib/stm32f103bluepill/ravenscar-ssfp/Debug/libstm32f103.a(stm32-i2c.o)
                0x0000000008005fd8                stm32__i2c__enable_interrupt
 .text.stm32__i2c__disable_interrupt___postconditions.5341
                0x0000000008006070       0x38 /media/16T/ada/STM32/F/F103/vl53l1x_f103/Ada_Drivers_Library/arch/ARM/STM32/lib/stm32f103bluepill/ravenscar-ssfp/Debug/libstm32f103.a(stm32-i2c.o)
 .text.stm32__i2c__disable_interrupt
                0x00000000080060a8       0x8c /media/16T/ada/STM32/F/F103/vl53l1x_f103/Ada_Drivers_Library/arch/ARM/STM32/lib/stm32f103bluepill/ravenscar-ssfp/Debug/libstm32f103.a(stm32-i2c.o)
                0x00000000080060a8                stm32__i2c__disable_interrupt
 .text.stm32__i2c__enabled
                0x0000000008006134       0x68 /media/16T/ada/STM32/F/F103/vl53l1x_f103/Ada_Drivers_Library/arch/ARM/STM32/lib/stm32f103bluepill/ravenscar-ssfp/Debug/libstm32f103.a(stm32-i2c.o)
                0x0000000008006134                stm32__i2c__enabled
 .text.stm32__i2s__i2s_portIP
                0x000000000800619c       0x2c /media/16T/ada/STM32/F/F103/vl53l1x_f103/Ada_Drivers_Library/arch/ARM/STM32/lib/stm32f103bluepill/ravenscar-ssfp/Debug/libstm32f103.a(stm32-i2s.o)
                0x000000000800619c                stm32__i2s__i2s_portIP
 .text.stm32__i2s___size__2
                0x00000000080061c8       0x1c /media/16T/ada/STM32/F/F103/vl53l1x_f103/Ada_Drivers_Library/arch/ARM/STM32/lib/stm32f103bluepill/ravenscar-ssfp/Debug/libstm32f103.a(stm32-i2s.o)
                0x00000000080061c8                stm32__i2s___size__2
 .text.stm32__i2s__configure___postconditions.4886
                0x00000000080061e4       0x34 /media/16T/ada/STM32/F/F103/vl53l1x_f103/Ada_Drivers_Library/arch/ARM/STM32/lib/stm32f103bluepill/ravenscar-ssfp/Debug/libstm32f103.a(stm32-i2s.o)
 .text.stm32__i2s__configure
                0x0000000008006218      0x1f8 /media/16T/ada/STM32/F/F103/vl53l1x_f103/Ada_Drivers_Library/arch/ARM/STM32/lib/stm32f103bluepill/ravenscar-ssfp/Debug/libstm32f103.a(stm32-i2s.o)
                0x0000000008006218                stm32__i2s__configure
 .text.stm32__i2s__in_i2s_mode
                0x0000000008006410       0x24 /media/16T/ada/STM32/F/F103/vl53l1x_f103/Ada_Drivers_Library/arch/ARM/STM32/lib/stm32f103bluepill/ravenscar-ssfp/Debug/libstm32f103.a(stm32-i2s.o)
                0x0000000008006410                stm32__i2s__in_i2s_mode
 .text.stm32__i2s__enable___postconditions.4909
                0x0000000008006434       0x58 /media/16T/ada/STM32/F/F103/vl53l1x_f103/Ada_Drivers_Library/arch/ARM/STM32/lib/stm32f103bluepill/ravenscar-ssfp/Debug/libstm32f103.a(stm32-i2s.o)
 .text.stm32__i2s__enable
                0x000000000800648c      0x1d0 /media/16T/ada/STM32/F/F103/vl53l1x_f103/Ada_Drivers_Library/arch/ARM/STM32/lib/stm32f103bluepill/ravenscar-ssfp/Debug/libstm32f103.a(stm32-i2s.o)
                0x000000000800648c                stm32__i2s__enable
 .text.stm32__i2s__disable
                0x000000000800665c       0x48 /media/16T/ada/STM32/F/F103/vl53l1x_f103/Ada_Drivers_Library/arch/ARM/STM32/lib/stm32f103bluepill/ravenscar-ssfp/Debug/libstm32f103.a(stm32-i2s.o)
                0x000000000800665c                stm32__i2s__disable
 .text.stm32__i2s__enabled
                0x00000000080066a4       0x24 /media/16T/ada/STM32/F/F103/vl53l1x_f103/Ada_Drivers_Library/arch/ARM/STM32/lib/stm32f103bluepill/ravenscar-ssfp/Debug/libstm32f103.a(stm32-i2s.o)
                0x00000000080066a4                stm32__i2s__enabled
 .text.stm32__i2s__data_register_address
                0x00000000080066c8       0x1c /media/16T/ada/STM32/F/F103/vl53l1x_f103/Ada_Drivers_Library/arch/ARM/STM32/lib/stm32f103bluepill/ravenscar-ssfp/Debug/libstm32f103.a(stm32-i2s.o)
                0x00000000080066c8                stm32__i2s__data_register_address
 .text.stm32__i2s__set_frequency
                0x00000000080066e4      0x154 /media/16T/ada/STM32/F/F103/vl53l1x_f103/Ada_Drivers_Library/arch/ARM/STM32/lib/stm32f103bluepill/ravenscar-ssfp/Debug/libstm32f103.a(stm32-i2s.o)
                0x00000000080066e4                stm32__i2s__set_frequency
 .text.stm32__i2s__receive
                0x0000000008006838       0xac /media/16T/ada/STM32/F/F103/vl53l1x_f103/Ada_Drivers_Library/arch/ARM/STM32/lib/stm32f103bluepill/ravenscar-ssfp/Debug/libstm32f103.a(stm32-i2s.o)
                0x0000000008006838                stm32__i2s(long double,...)(char,...)(int, void,...)
 .text.stm32__i2s__transmit
                0x00000000080068e4       0xac /media/16T/ada/STM32/F/F103/vl53l1x_f103/Ada_Drivers_Library/arch/ARM/STM32/lib/stm32f103bluepill/ravenscar-ssfp/Debug/libstm32f103.a(stm32-i2s.o)
                0x00000000080068e4                stm32__i2s__transmit
 .text.stm32__spi__spi_portIP
                0x0000000008006990       0x2c /media/16T/ada/STM32/F/F103/vl53l1x_f103/Ada_Drivers_Library/arch/ARM/STM32/lib/stm32f103bluepill/ravenscar-ssfp/Debug/libstm32f103.a(stm32-spi.o)
                0x0000000008006990                stm32__spi__spi_portIP
 .text.stm32__spi___size__2
                0x00000000080069bc       0x1c /media/16T/ada/STM32/F/F103/vl53l1x_f103/Ada_Drivers_Library/arch/ARM/STM32/lib/stm32f103bluepill/ravenscar-ssfp/Debug/libstm32f103.a(stm32-spi.o)
                0x00000000080069bc                stm32__spi___size__2
 .text.stm32__spi__configure
                0x00000000080069d8      0x274 /media/16T/ada/STM32/F/F103/vl53l1x_f103/Ada_Drivers_Library/arch/ARM/STM32/lib/stm32f103bluepill/ravenscar-ssfp/Debug/libstm32f103.a(stm32-spi.o)
                0x00000000080069d8                stm32__spi__configure
 .text.stm32__spi__enable
                0x0000000008006c4c       0x24 /media/16T/ada/STM32/F/F103/vl53l1x_f103/Ada_Drivers_Library/arch/ARM/STM32/lib/stm32f103bluepill/ravenscar-ssfp/Debug/libstm32f103.a(stm32-spi.o)
                0x0000000008006c4c                stm32__spi__enable
 .text.stm32__spi__disable
                0x0000000008006c70       0x20 /media/16T/ada/STM32/F/F103/vl53l1x_f103/Ada_Drivers_Library/arch/ARM/STM32/lib/stm32f103bluepill/ravenscar-ssfp/Debug/libstm32f103.a(stm32-spi.o)
                0x0000000008006c70                stm32__spi__disable
 .text.stm32__spi__enabled
                0x0000000008006c90       0x20 /media/16T/ada/STM32/F/F103/vl53l1x_f103/Ada_Drivers_Library/arch/ARM/STM32/lib/stm32f103bluepill/ravenscar-ssfp/Debug/libstm32f103.a(stm32-spi.o)
                0x0000000008006c90                stm32__spi__enabled
 .text.stm32__spi__send
                0x0000000008006cb0       0x2c /media/16T/ada/STM32/F/F103/vl53l1x_f103/Ada_Drivers_Library/arch/ARM/STM32/lib/stm32f103bluepill/ravenscar-ssfp/Debug/libstm32f103.a(stm32-spi.o)
                0x0000000008006cb0                stm32__spi__send
 .text.stm32__spi__data
                0x0000000008006cdc       0x20 /media/16T/ada/STM32/F/F103/vl53l1x_f103/Ada_Drivers_Library/arch/ARM/STM32/lib/stm32f103bluepill/ravenscar-ssfp/Debug/libstm32f103.a(stm32-spi.o)
                0x0000000008006cdc                stm32__spi__data
 .text.stm32__spi__send__2
                0x0000000008006cfc       0x20 /media/16T/ada/STM32/F/F103/vl53l1x_f103/Ada_Drivers_Library/arch/ARM/STM32/lib/stm32f103bluepill/ravenscar-ssfp/Debug/libstm32f103.a(stm32-spi.o)
                0x0000000008006cfc                stm32__spi__send__2
 .text.stm32__spi__data__2
                0x0000000008006d1c       0x2c /media/16T/ada/STM32/F/F103/vl53l1x_f103/Ada_Drivers_Library/arch/ARM/STM32/lib/stm32f103bluepill/ravenscar-ssfp/Debug/libstm32f103.a(stm32-spi.o)
                0x0000000008006d1c                stm32__spi__data__2
 .text.stm32__spi__is_busy
                0x0000000008006d48       0x44 /media/16T/ada/STM32/F/F103/vl53l1x_f103/Ada_Drivers_Library/arch/ARM/STM32/lib/stm32f103bluepill/ravenscar-ssfp/Debug/libstm32f103.a(stm32-spi.o)
                0x0000000008006d48                stm32__spi__is_busy
 .text.stm32__spi__tx_is_empty
                0x0000000008006d8c       0x24 /media/16T/ada/STM32/F/F103/vl53l1x_f103/Ada_Drivers_Library/arch/ARM/STM32/lib/stm32f103bluepill/ravenscar-ssfp/Debug/libstm32f103.a(stm32-spi.o)
                0x0000000008006d8c                stm32__spi__tx_is_empty
 .text.stm32__spi__rx_is_empty
                0x0000000008006db0       0x30 /media/16T/ada/STM32/F/F103/vl53l1x_f103/Ada_Drivers_Library/arch/ARM/STM32/lib/stm32f103bluepill/ravenscar-ssfp/Debug/libstm32f103.a(stm32-spi.o)
                0x0000000008006db0                stm32__spi__rx_is_empty
 .text.stm32__spi__busy
                0x0000000008006de0       0x24 /media/16T/ada/STM32/F/F103/vl53l1x_f103/Ada_Drivers_Library/arch/ARM/STM32/lib/stm32f103bluepill/ravenscar-ssfp/Debug/libstm32f103.a(stm32-spi.o)
                0x0000000008006de0                stm32__spi__busy
 .text.stm32__spi__current_mode
                0x0000000008006e04       0x58 /media/16T/ada/STM32/F/F103/vl53l1x_f103/Ada_Drivers_Library/arch/ARM/STM32/lib/stm32f103bluepill/ravenscar-ssfp/Debug/libstm32f103.a(stm32-spi.o)
                0x0000000008006e04                stm32__spi__current_mode
 .text.stm32__spi__current_data_direction
                0x0000000008006e5c       0x60 /media/16T/ada/STM32/F/F103/vl53l1x_f103/Ada_Drivers_Library/arch/ARM/STM32/lib/stm32f103bluepill/ravenscar-ssfp/Debug/libstm32f103.a(stm32-spi.o)
                0x0000000008006e5c                stm32__spi__current_data_direction
 .text.stm32__spi__crc_enabled
                0x0000000008006ebc       0x20 /media/16T/ada/STM32/F/F103/vl53l1x_f103/Ada_Drivers_Library/arch/ARM/STM32/lib/stm32f103bluepill/ravenscar-ssfp/Debug/libstm32f103.a(stm32-spi.o)
                0x0000000008006ebc                stm32__spi__crc_enabled
 .text.stm32__spi__channel_side_indicated
                0x0000000008006edc       0x24 /media/16T/ada/STM32/F/F103/vl53l1x_f103/Ada_Drivers_Library/arch/ARM/STM32/lib/stm32f103bluepill/ravenscar-ssfp/Debug/libstm32f103.a(stm32-spi.o)
                0x0000000008006edc                stm32__spi__channel_side_indicated
 .text.stm32__spi__underrun_indicated
                0x0000000008006f00       0x24 /media/16T/ada/STM32/F/F103/vl53l1x_f103/Ada_Drivers_Library/arch/ARM/STM32/lib/stm32f103bluepill/ravenscar-ssfp/Debug/libstm32f103.a(stm32-spi.o)
                0x0000000008006f00                stm32__spi__underrun_indicated
 .text.stm32__spi__crc_error_indicated
                0x0000000008006f24       0x24 /media/16T/ada/STM32/F/F103/vl53l1x_f103/Ada_Drivers_Library/arch/ARM/STM32/lib/stm32f103bluepill/ravenscar-ssfp/Debug/libstm32f103.a(stm32-spi.o)
                0x0000000008006f24                stm32__spi__crc_error_indicated
 .text.stm32__spi__mode_fault_indicated
                0x0000000008006f48       0x24 /media/16T/ada/STM32/F/F103/vl53l1x_f103/Ada_Drivers_Library/arch/ARM/STM32/lib/stm32f103bluepill/ravenscar-ssfp/Debug/libstm32f103.a(stm32-spi.o)
                0x0000000008006f48                stm32__spi__mode_fault_indicated
 .text.stm32__spi__overrun_indicated
                0x0000000008006f6c       0x24 /media/16T/ada/STM32/F/F103/vl53l1x_f103/Ada_Drivers_Library/arch/ARM/STM32/lib/stm32f103bluepill/ravenscar-ssfp/Debug/libstm32f103.a(stm32-spi.o)
                0x0000000008006f6c                stm32__spi__overrun_indicated
 .text.stm32__spi__frame_fmt_error_indicated
                0x0000000008006f90       0x18 /media/16T/ada/STM32/F/F103/vl53l1x_f103/Ada_Drivers_Library/arch/ARM/STM32/lib/stm32f103bluepill/ravenscar-ssfp/Debug/libstm32f103.a(stm32-spi.o)
                0x0000000008006f90                stm32__spi__frame_fmt_error_indicated
 .text.stm32__spi__clear_overrun
                0x0000000008006fa8       0x2c /media/16T/ada/STM32/F/F103/vl53l1x_f103/Ada_Drivers_Library/arch/ARM/STM32/lib/stm32f103bluepill/ravenscar-ssfp/Debug/libstm32f103.a(stm32-spi.o)
                0x0000000008006fa8                stm32__spi__clear_overrun
 .text.stm32__spi__reset_crc
                0x0000000008006fd4       0x34 /media/16T/ada/STM32/F/F103/vl53l1x_f103/Ada_Drivers_Library/arch/ARM/STM32/lib/stm32f103bluepill/ravenscar-ssfp/Debug/libstm32f103.a(stm32-spi.o)
                0x0000000008006fd4                stm32__spi__reset_crc
 .text.stm32__spi__is_data_frame_16bit
                0x0000000008007008       0x20 /media/16T/ada/STM32/F/F103/vl53l1x_f103/Ada_Drivers_Library/arch/ARM/STM32/lib/stm32f103bluepill/ravenscar-ssfp/Debug/libstm32f103.a(stm32-spi.o)
                0x0000000008007008                stm32__spi__is_data_frame_16bit
 .text.stm32__spi__data_size
                0x0000000008007028       0x30 /media/16T/ada/STM32/F/F103/vl53l1x_f103/Ada_Drivers_Library/arch/ARM/STM32/lib/stm32f103bluepill/ravenscar-ssfp/Debug/libstm32f103.a(stm32-spi.o)
                0x0000000008007028                stm32__spi__data_size
 .text.stm32__spi__transmit
                0x0000000008007058       0xd4 /media/16T/ada/STM32/F/F103/vl53l1x_f103/Ada_Drivers_Library/arch/ARM/STM32/lib/stm32f103bluepill/ravenscar-ssfp/Debug/libstm32f103.a(stm32-spi.o)
                0x0000000008007058                stm32__spi__transmit
 .text.stm32__spi__transmit__2
                0x000000000800712c       0xd8 /media/16T/ada/STM32/F/F103/vl53l1x_f103/Ada_Drivers_Library/arch/ARM/STM32/lib/stm32f103bluepill/ravenscar-ssfp/Debug/libstm32f103.a(stm32-spi.o)
                0x000000000800712c                stm32__spi__transmit__2
 .text.stm32__spi__transmit__3
                0x0000000008007204       0xb0 /media/16T/ada/STM32/F/F103/vl53l1x_f103/Ada_Drivers_Library/arch/ARM/STM32/lib/stm32f103bluepill/ravenscar-ssfp/Debug/libstm32f103.a(stm32-spi.o)
                0x0000000008007204                stm32__spi__transmit__3
 .text.stm32__spi__receive
                0x00000000080072b4       0xac /media/16T/ada/STM32/F/F103/vl53l1x_f103/Ada_Drivers_Library/arch/ARM/STM32/lib/stm32f103bluepill/ravenscar-ssfp/Debug/libstm32f103.a(stm32-spi.o)
                0x00000000080072b4                stm32__spi(long double,...)(char,...)(int, void,...)
 .text.stm32__spi__receive__2
                0x0000000008007360       0xac /media/16T/ada/STM32/F/F103/vl53l1x_f103/Ada_Drivers_Library/arch/ARM/STM32/lib/stm32f103bluepill/ravenscar-ssfp/Debug/libstm32f103.a(stm32-spi.o)
                0x0000000008007360                stm32__spi__receive__2
 .text.stm32__spi__receive__3
                0x000000000800740c       0xec /media/16T/ada/STM32/F/F103/vl53l1x_f103/Ada_Drivers_Library/arch/ARM/STM32/lib/stm32f103bluepill/ravenscar-ssfp/Debug/libstm32f103.a(stm32-spi.o)
                0x000000000800740c                stm32__spi__receive__3
 .text.stm32__spi__transmit_receive__2
                0x00000000080074f8      0x124 /media/16T/ada/STM32/F/F103/vl53l1x_f103/Ada_Drivers_Library/arch/ARM/STM32/lib/stm32f103bluepill/ravenscar-ssfp/Debug/libstm32f103.a(stm32-spi.o)
                0x00000000080074f8                stm32__spi__transmit_receive__2
 .text.stm32__spi__transmit_receive__3
                0x000000000800761c      0x128 /media/16T/ada/STM32/F/F103/vl53l1x_f103/Ada_Drivers_Library/arch/ARM/STM32/lib/stm32f103bluepill/ravenscar-ssfp/Debug/libstm32f103.a(stm32-spi.o)
                0x000000000800761c                stm32__spi__transmit_receive__3
 .text.stm32__spi__send_receive_16bit_mode
                0x0000000008007744      0x378 /media/16T/ada/STM32/F/F103/vl53l1x_f103/Ada_Drivers_Library/arch/ARM/STM32/lib/stm32f103bluepill/ravenscar-ssfp/Debug/libstm32f103.a(stm32-spi.o)
                0x0000000008007744                stm32__spi__send_receive_16bit_mode
 .text.stm32__spi__send_receive_8bit_mode
                0x0000000008007abc      0x33c /media/16T/ada/STM32/F/F103/vl53l1x_f103/Ada_Drivers_Library/arch/ARM/STM32/lib/stm32f103bluepill/ravenscar-ssfp/Debug/libstm32f103.a(stm32-spi.o)
                0x0000000008007abc                stm32__spi__send_receive_8bit_mode
 .text.stm32__spi__send_16bit_mode
                0x0000000008007df8      0x1e8 /media/16T/ada/STM32/F/F103/vl53l1x_f103/Ada_Drivers_Library/arch/ARM/STM32/lib/stm32f103bluepill/ravenscar-ssfp/Debug/libstm32f103.a(stm32-spi.o)
                0x0000000008007df8                stm32__spi__send_16bit_mode
 .text.stm32__spi__send_8bit_mode
                0x0000000008007fe0      0x1b0 /media/16T/ada/STM32/F/F103/vl53l1x_f103/Ada_Drivers_Library/arch/ARM/STM32/lib/stm32f103bluepill/ravenscar-ssfp/Debug/libstm32f103.a(stm32-spi.o)
                0x0000000008007fe0                stm32__spi__send_8bit_mode
 .text.stm32__spi__receive_16bit_mode
                0x0000000008008190       0x94 /media/16T/ada/STM32/F/F103/vl53l1x_f103/Ada_Drivers_Library/arch/ARM/STM32/lib/stm32f103bluepill/ravenscar-ssfp/Debug/libstm32f103.a(stm32-spi.o)
                0x0000000008008190                stm32__spi__receive_16bit_mode
 .text.stm32__spi__receive_8bit_mode
                0x0000000008008224       0xa4 /media/16T/ada/STM32/F/F103/vl53l1x_f103/Ada_Drivers_Library/arch/ARM/STM32/lib/stm32f103bluepill/ravenscar-ssfp/Debug/libstm32f103.a(stm32-spi.o)
                0x0000000008008224                stm32__spi__receive_8bit_mode
 .text.stm32__spi__transmit_receive
                0x00000000080082c8      0x214 /media/16T/ada/STM32/F/F103/vl53l1x_f103/Ada_Drivers_Library/arch/ARM/STM32/lib/stm32f103bluepill/ravenscar-ssfp/Debug/libstm32f103.a(stm32-spi.o)
                0x00000000080082c8                stm32__spi__transmit_receive
 .text.stm32__usarts__usartIP
                0x00000000080084dc       0x2c /media/16T/ada/STM32/F/F103/vl53l1x_f103/Ada_Drivers_Library/arch/ARM/STM32/lib/stm32f103bluepill/ravenscar-ssfp/Debug/libstm32f103.a(stm32-usarts.o)
                0x00000000080084dc                stm32__usarts__usartIP
 .text.stm32__usarts___size__2
                0x0000000008008508       0x1c /media/16T/ada/STM32/F/F103/vl53l1x_f103/Ada_Drivers_Library/arch/ARM/STM32/lib/stm32f103bluepill/ravenscar-ssfp/Debug/libstm32f103.a(stm32-usarts.o)
                0x0000000008008508                stm32__usarts___size__2
 .text.stm32__usarts__apb_clock
                0x0000000008008524       0x30 /media/16T/ada/STM32/F/F103/vl53l1x_f103/Ada_Drivers_Library/arch/ARM/STM32/lib/stm32f103bluepill/ravenscar-ssfp/Debug/libstm32f103.a(stm32-usarts.o)
                0x0000000008008524                stm32__usarts__apb_clock
 .text.stm32__usarts__enable___postconditions.5159
                0x0000000008008554       0x3c /media/16T/ada/STM32/F/F103/vl53l1x_f103/Ada_Drivers_Library/arch/ARM/STM32/lib/stm32f103bluepill/ravenscar-ssfp/Debug/libstm32f103.a(stm32-usarts.o)
 .text.stm32__usarts__enable
                0x0000000008008590       0x3c /media/16T/ada/STM32/F/F103/vl53l1x_f103/Ada_Drivers_Library/arch/ARM/STM32/lib/stm32f103bluepill/ravenscar-ssfp/Debug/libstm32f103.a(stm32-usarts.o)
                0x0000000008008590                stm32__usarts__enable
 .text.stm32__usarts__disable___postconditions.5166
                0x00000000080085cc       0x34 /media/16T/ada/STM32/F/F103/vl53l1x_f103/Ada_Drivers_Library/arch/ARM/STM32/lib/stm32f103bluepill/ravenscar-ssfp/Debug/libstm32f103.a(stm32-usarts.o)
 .text.stm32__usarts__disable
                0x0000000008008600       0x38 /media/16T/ada/STM32/F/F103/vl53l1x_f103/Ada_Drivers_Library/arch/ARM/STM32/lib/stm32f103bluepill/ravenscar-ssfp/Debug/libstm32f103.a(stm32-usarts.o)
                0x0000000008008600                stm32__usarts__disable
 .text.stm32__usarts__enabled
                0x0000000008008638       0x24 /media/16T/ada/STM32/F/F103/vl53l1x_f103/Ada_Drivers_Library/arch/ARM/STM32/lib/stm32f103bluepill/ravenscar-ssfp/Debug/libstm32f103.a(stm32-usarts.o)
                0x0000000008008638                stm32__usarts__enabled
 .text.stm32__usarts__set_stop_bits
                0x000000000800865c       0x30 /media/16T/ada/STM32/F/F103/vl53l1x_f103/Ada_Drivers_Library/arch/ARM/STM32/lib/stm32f103bluepill/ravenscar-ssfp/Debug/libstm32f103.a(stm32-usarts.o)
                0x000000000800865c                stm32__usarts__set_stop_bits
 .text.stm32__usarts__set_word_length
                0x000000000800868c       0x3c /media/16T/ada/STM32/F/F103/vl53l1x_f103/Ada_Drivers_Library/arch/ARM/STM32/lib/stm32f103bluepill/ravenscar-ssfp/Debug/libstm32f103.a(stm32-usarts.o)
                0x000000000800868c                stm32__usarts__set_word_length
 .text.stm32__usarts__set_parity
                0x00000000080086c8       0xbc /media/16T/ada/STM32/F/F103/vl53l1x_f103/Ada_Drivers_Library/arch/ARM/STM32/lib/stm32f103bluepill/ravenscar-ssfp/Debug/libstm32f103.a(stm32-usarts.o)
                0x00000000080086c8                stm32__usarts__set_parity
 .text.stm32__usarts__set_baud_rate
                0x0000000008008784       0xec /media/16T/ada/STM32/F/F103/vl53l1x_f103/Ada_Drivers_Library/arch/ARM/STM32/lib/stm32f103bluepill/ravenscar-ssfp/Debug/libstm32f103.a(stm32-usarts.o)
                0x0000000008008784                stm32__usarts__set_baud_rate
 .text.stm32__usarts__set_oversampling_mode
                0x0000000008008870       0x18 /media/16T/ada/STM32/F/F103/vl53l1x_f103/Ada_Drivers_Library/arch/ARM/STM32/lib/stm32f103bluepill/ravenscar-ssfp/Debug/libstm32f103.a(stm32-usarts.o)
                0x0000000008008870                stm32__usarts__set_oversampling_mode
 .text.stm32__usarts__set_mode
                0x0000000008008888       0x60 /media/16T/ada/STM32/F/F103/vl53l1x_f103/Ada_Drivers_Library/arch/ARM/STM32/lib/stm32f103bluepill/ravenscar-ssfp/Debug/libstm32f103.a(stm32-usarts.o)
                0x0000000008008888                stm32__usarts__set_mode
 .text.stm32__usarts__set_flow_control
                0x00000000080088e8       0xec /media/16T/ada/STM32/F/F103/vl53l1x_f103/Ada_Drivers_Library/arch/ARM/STM32/lib/stm32f103bluepill/ravenscar-ssfp/Debug/libstm32f103.a(stm32-usarts.o)
                0x00000000080088e8                stm32__usarts__set_flow_control
 .text.stm32__usarts__transmit
                0x00000000080089d4       0x30 /media/16T/ada/STM32/F/F103/vl53l1x_f103/Ada_Drivers_Library/arch/ARM/STM32/lib/stm32f103bluepill/ravenscar-ssfp/Debug/libstm32f103.a(stm32-usarts.o)
                0x00000000080089d4                stm32__usarts__transmit
 .text.stm32__usarts__receive
                0x0000000008008a04       0x20 /media/16T/ada/STM32/F/F103/vl53l1x_f103/Ada_Drivers_Library/arch/ARM/STM32/lib/stm32f103bluepill/ravenscar-ssfp/Debug/libstm32f103.a(stm32-usarts.o)
                0x0000000008008a04                stm32__usarts(long double,...)(char,...)(int, void,...)
 .text.stm32__usarts__current_input
                0x0000000008008a24       0x24 /media/16T/ada/STM32/F/F103/vl53l1x_f103/Ada_Drivers_Library/arch/ARM/STM32/lib/stm32f103bluepill/ravenscar-ssfp/Debug/libstm32f103.a(stm32-usarts.o)
                0x0000000008008a24                stm32__usarts__current_input
 .text.stm32__usarts__tx_ready
                0x0000000008008a48       0x20 /media/16T/ada/STM32/F/F103/vl53l1x_f103/Ada_Drivers_Library/arch/ARM/STM32/lib/stm32f103bluepill/ravenscar-ssfp/Debug/libstm32f103.a(stm32-usarts.o)
                0x0000000008008a48                stm32__usarts__tx_ready
 .text.stm32__usarts__rx_ready
                0x0000000008008a68       0x20 /media/16T/ada/STM32/F/F103/vl53l1x_f103/Ada_Drivers_Library/arch/ARM/STM32/lib/stm32f103bluepill/ravenscar-ssfp/Debug/libstm32f103.a(stm32-usarts.o)
                0x0000000008008a68                stm32__usarts__rx_ready
 .text.stm32__usarts__status
                0x0000000008008a88       0xd4 /media/16T/ada/STM32/F/F103/vl53l1x_f103/Ada_Drivers_Library/arch/ARM/STM32/lib/stm32f103bluepill/ravenscar-ssfp/Debug/libstm32f103.a(stm32-usarts.o)
                0x0000000008008a88                stm32__usarts__status
 .text.stm32__usarts__clear_status
                0x0000000008008b5c       0xf4 /media/16T/ada/STM32/F/F103/vl53l1x_f103/Ada_Drivers_Library/arch/ARM/STM32/lib/stm32f103bluepill/ravenscar-ssfp/Debug/libstm32f103.a(stm32-usarts.o)
                0x0000000008008b5c                stm32__usarts__clear_status
 .text.stm32__usarts__enable_interrupts___postconditions.5241
                0x0000000008008c50       0x40 /media/16T/ada/STM32/F/F103/vl53l1x_f103/Ada_Drivers_Library/arch/ARM/STM32/lib/stm32f103bluepill/ravenscar-ssfp/Debug/libstm32f103.a(stm32-usarts.o)
 .text.stm32__usarts__enable_interrupts
                0x0000000008008c90      0x138 /media/16T/ada/STM32/F/F103/vl53l1x_f103/Ada_Drivers_Library/arch/ARM/STM32/lib/stm32f103bluepill/ravenscar-ssfp/Debug/libstm32f103.a(stm32-usarts.o)
                0x0000000008008c90                stm32__usarts__enable_interrupts
 .text.stm32__usarts__disable_interrupts___postconditions.5254
                0x0000000008008dc8       0x38 /media/16T/ada/STM32/F/F103/vl53l1x_f103/Ada_Drivers_Library/arch/ARM/STM32/lib/stm32f103bluepill/ravenscar-ssfp/Debug/libstm32f103.a(stm32-usarts.o)
 .text.stm32__usarts__disable_interrupts
                0x0000000008008e00      0x118 /media/16T/ada/STM32/F/F103/vl53l1x_f103/Ada_Drivers_Library/arch/ARM/STM32/lib/stm32f103bluepill/ravenscar-ssfp/Debug/libstm32f103.a(stm32-usarts.o)
                0x0000000008008e00                stm32__usarts__disable_interrupts
 .text.stm32__usarts__interrupt_enabled
                0x0000000008008f18       0xd4 /media/16T/ada/STM32/F/F103/vl53l1x_f103/Ada_Drivers_Library/arch/ARM/STM32/lib/stm32f103bluepill/ravenscar-ssfp/Debug/libstm32f103.a(stm32-usarts.o)
                0x0000000008008f18                stm32__usarts__interrupt_enabled
 .text.stm32__usarts__enable_dma_transmit_requests___postconditions.5289
                0x0000000008008fec       0x3c /media/16T/ada/STM32/F/F103/vl53l1x_f103/Ada_Drivers_Library/arch/ARM/STM32/lib/stm32f103bluepill/ravenscar-ssfp/Debug/libstm32f103.a(stm32-usarts.o)
 .text.stm32__usarts__enable_dma_transmit_requests
                0x0000000008009028       0x3c /media/16T/ada/STM32/F/F103/vl53l1x_f103/Ada_Drivers_Library/arch/ARM/STM32/lib/stm32f103bluepill/ravenscar-ssfp/Debug/libstm32f103.a(stm32-usarts.o)
                0x0000000008009028                stm32__usarts__enable_dma_transmit_requests
 .text.stm32__usarts__enable_dma_receive_requests___postconditions.5293
                0x0000000008009064       0x3c /media/16T/ada/STM32/F/F103/vl53l1x_f103/Ada_Drivers_Library/arch/ARM/STM32/lib/stm32f103bluepill/ravenscar-ssfp/Debug/libstm32f103.a(stm32-usarts.o)
 .text.stm32__usarts__enable_dma_receive_requests
                0x00000000080090a0       0x3c /media/16T/ada/STM32/F/F103/vl53l1x_f103/Ada_Drivers_Library/arch/ARM/STM32/lib/stm32f103bluepill/ravenscar-ssfp/Debug/libstm32f103.a(stm32-usarts.o)
                0x00000000080090a0                stm32__usarts__enable_dma_receive_requests
 .text.stm32__usarts__disable_dma_transmit_requests___postconditions.5297
                0x00000000080090dc       0x34 /media/16T/ada/STM32/F/F103/vl53l1x_f103/Ada_Drivers_Library/arch/ARM/STM32/lib/stm32f103bluepill/ravenscar-ssfp/Debug/libstm32f103.a(stm32-usarts.o)
 .text.stm32__usarts__disable_dma_transmit_requests
                0x0000000008009110       0x38 /media/16T/ada/STM32/F/F103/vl53l1x_f103/Ada_Drivers_Library/arch/ARM/STM32/lib/stm32f103bluepill/ravenscar-ssfp/Debug/libstm32f103.a(stm32-usarts.o)
                0x0000000008009110                stm32__usarts__disable_dma_transmit_requests
 .text.stm32__usarts__disable_dma_receive_requests___postconditions.5301
                0x0000000008009148       0x34 /media/16T/ada/STM32/F/F103/vl53l1x_f103/Ada_Drivers_Library/arch/ARM/STM32/lib/stm32f103bluepill/ravenscar-ssfp/Debug/libstm32f103.a(stm32-usarts.o)
 .text.stm32__usarts__disable_dma_receive_requests
                0x000000000800917c       0x38 /media/16T/ada/STM32/F/F103/vl53l1x_f103/Ada_Drivers_Library/arch/ARM/STM32/lib/stm32f103bluepill/ravenscar-ssfp/Debug/libstm32f103.a(stm32-usarts.o)
                0x000000000800917c                stm32__usarts__disable_dma_receive_requests
 .text.stm32__usarts__dma_transmit_requests_enabled
                0x00000000080091b4       0x24 /media/16T/ada/STM32/F/F103/vl53l1x_f103/Ada_Drivers_Library/arch/ARM/STM32/lib/stm32f103bluepill/ravenscar-ssfp/Debug/libstm32f103.a(stm32-usarts.o)
                0x00000000080091b4                stm32__usarts__dma_transmit_requests_enabled
 .text.stm32__usarts__dma_receive_requests_enabled
                0x00000000080091d8       0x24 /media/16T/ada/STM32/F/F103/vl53l1x_f103/Ada_Drivers_Library/arch/ARM/STM32/lib/stm32f103bluepill/ravenscar-ssfp/Debug/libstm32f103.a(stm32-usarts.o)
                0x00000000080091d8                stm32__usarts__dma_receive_requests_enabled
 .text.stm32__usarts__resume_dma_transmission___postconditions.5307
                0x00000000080091fc       0x58 /media/16T/ada/STM32/F/F103/vl53l1x_f103/Ada_Drivers_Library/arch/ARM/STM32/lib/stm32f103bluepill/ravenscar-ssfp/Debug/libstm32f103.a(stm32-usarts.o)
 .text.stm32__usarts__resume_dma_transmission
                0x0000000008009254       0x48 /media/16T/ada/STM32/F/F103/vl53l1x_f103/Ada_Drivers_Library/arch/ARM/STM32/lib/stm32f103bluepill/ravenscar-ssfp/Debug/libstm32f103.a(stm32-usarts.o)
                0x0000000008009254                stm32__usarts__resume_dma_transmission
 .text.stm32__usarts__resume_dma_reception___postconditions.5311
                0x000000000800929c       0x58 /media/16T/ada/STM32/F/F103/vl53l1x_f103/Ada_Drivers_Library/arch/ARM/STM32/lib/stm32f103bluepill/ravenscar-ssfp/Debug/libstm32f103.a(stm32-usarts.o)
 .text.stm32__usarts__resume_dma_reception
                0x00000000080092f4       0x48 /media/16T/ada/STM32/F/F103/vl53l1x_f103/Ada_Drivers_Library/arch/ARM/STM32/lib/stm32f103bluepill/ravenscar-ssfp/Debug/libstm32f103.a(stm32-usarts.o)
                0x00000000080092f4                stm32__usarts__resume_dma_reception
 .text.stm32__usarts__data_register_address
                0x000000000800933c       0x1c /media/16T/ada/STM32/F/F103/vl53l1x_f103/Ada_Drivers_Library/arch/ARM/STM32/lib/stm32f103bluepill/ravenscar-ssfp/Debug/libstm32f103.a(stm32-usarts.o)
                0x000000000800933c                stm32__usarts__data_register_address
 .text.stm32__usarts__data_size
                0x0000000008009358       0x34 /media/16T/ada/STM32/F/F103/vl53l1x_f103/Ada_Drivers_Library/arch/ARM/STM32/lib/stm32f103bluepill/ravenscar-ssfp/Debug/libstm32f103.a(stm32-usarts.o)
                0x0000000008009358                stm32__usarts__data_size
 .text.stm32__usarts__transmitCL
                0x000000000800938c       0x64 /media/16T/ada/STM32/F/F103/vl53l1x_f103/Ada_Drivers_Library/arch/ARM/STM32/lib/stm32f103bluepill/ravenscar-ssfp/Debug/libstm32f103.a(stm32-usarts.o)
                0x000000000800938c                stm32__usarts__transmitCL
 .text.stm32__usarts__transmit__2
                0x00000000080093f0       0x6c /media/16T/ada/STM32/F/F103/vl53l1x_f103/Ada_Drivers_Library/arch/ARM/STM32/lib/stm32f103bluepill/ravenscar-ssfp/Debug/libstm32f103.a(stm32-usarts.o)
                0x00000000080093f0                stm32__usarts__transmit__2
 .text.stm32__usarts__transmitCL__2
                0x000000000800945c       0x64 /media/16T/ada/STM32/F/F103/vl53l1x_f103/Ada_Drivers_Library/arch/ARM/STM32/lib/stm32f103bluepill/ravenscar-ssfp/Debug/libstm32f103.a(stm32-usarts.o)
                0x000000000800945c                stm32__usarts__transmitCL__2
 .text.stm32__usarts__transmit__3
                0x00000000080094c0       0x6c /media/16T/ada/STM32/F/F103/vl53l1x_f103/Ada_Drivers_Library/arch/ARM/STM32/lib/stm32f103bluepill/ravenscar-ssfp/Debug/libstm32f103.a(stm32-usarts.o)
                0x00000000080094c0                stm32__usarts__transmit__3
 .text.stm32__usarts__receiveCL
                0x000000000800952c       0xa4 /media/16T/ada/STM32/F/F103/vl53l1x_f103/Ada_Drivers_Library/arch/ARM/STM32/lib/stm32f103bluepill/ravenscar-ssfp/Debug/libstm32f103.a(stm32-usarts.o)
                0x000000000800952c                stm32__usarts__receiveCL
 .text.stm32__usarts__receive__2
                0x00000000080095d0       0x6c /media/16T/ada/STM32/F/F103/vl53l1x_f103/Ada_Drivers_Library/arch/ARM/STM32/lib/stm32f103bluepill/ravenscar-ssfp/Debug/libstm32f103.a(stm32-usarts.o)
                0x00000000080095d0                stm32__usarts__receive__2
 .text.stm32__usarts__receiveCL__2
                0x000000000800963c       0x6c /media/16T/ada/STM32/F/F103/vl53l1x_f103/Ada_Drivers_Library/arch/ARM/STM32/lib/stm32f103bluepill/ravenscar-ssfp/Debug/libstm32f103.a(stm32-usarts.o)
                0x000000000800963c                stm32__usarts__receiveCL__2
 .text.stm32__usarts__receive__3
                0x00000000080096a8       0x6c /media/16T/ada/STM32/F/F103/vl53l1x_f103/Ada_Drivers_Library/arch/ARM/STM32/lib/stm32f103bluepill/ravenscar-ssfp/Debug/libstm32f103.a(stm32-usarts.o)
                0x00000000080096a8                stm32__usarts__receive__3
 .text.stm32_svd__i2c__cr1_registerIP
                0x0000000008009714      0x100 /media/16T/ada/STM32/F/F103/vl53l1x_f103/Ada_Drivers_Library/arch/ARM/STM32/lib/stm32f103bluepill/ravenscar-ssfp/Debug/libstm32f103.a(stm32_svd-i2c.o)
                0x0000000008009714                stm32_svd__i2c__cr1_registerIP
 .text.stm32_svd__i2c__oar1_registerIP
                0x0000000008009814       0x64 /media/16T/ada/STM32/F/F103/vl53l1x_f103/Ada_Drivers_Library/arch/ARM/STM32/lib/stm32f103bluepill/ravenscar-ssfp/Debug/libstm32f103.a(stm32_svd-i2c.o)
                0x0000000008009814                stm32_svd__i2c__oar1_registerIP
 .text.stm32_svd__i2c__ccr_registerIP
                0x0000000008009878       0x58 /media/16T/ada/STM32/F/F103/vl53l1x_f103/Ada_Drivers_Library/arch/ARM/STM32/lib/stm32f103bluepill/ravenscar-ssfp/Debug/libstm32f103.a(stm32_svd-i2c.o)
                0x0000000008009878                stm32_svd__i2c__ccr_registerIP
 .text.stm32_svd__spi__sr_registerIP
                0x00000000080098d0       0x90 /media/16T/ada/STM32/F/F103/vl53l1x_f103/Ada_Drivers_Library/arch/ARM/STM32/lib/stm32f103bluepill/ravenscar-ssfp/Debug/libstm32f103.a(stm32_svd-spi.o)
                0x00000000080098d0                stm32_svd__spi__sr_registerIP
 .text.ada__real_time__Oadd
                0x0000000008009960       0xec /media/16T/ada/STM32/F/F103/vl53l1x_f103/Ada_Drivers_Library/embedded-runtimes/ravenscar-stm32f103bluepill/ssfp/adalib/libgnarl.a(a-reatim.o)
                0x0000000008009960                ada__real_time__Oadd
 .text.ada__real_time__Osubtract__2
                0x0000000008009a4c      0x104 /media/16T/ada/STM32/F/F103/vl53l1x_f103/Ada_Drivers_Library/embedded-runtimes/ravenscar-stm32f103bluepill/ssfp/adalib/libgnarl.a(a-reatim.o)
                0x0000000008009a4c                ada__real_time__Osubtract__2
 .text.ada__real_time__Osubtract__3
                0x0000000008009b50       0x60 /media/16T/ada/STM32/F/F103/vl53l1x_f103/Ada_Drivers_Library/embedded-runtimes/ravenscar-stm32f103bluepill/ssfp/adalib/libgnarl.a(a-reatim.o)
                0x0000000008009b50                ada__real_time__Osubtract__3
 .text.ada__real_time__Osubtract__4
                0x0000000008009bb0       0x3c /media/16T/ada/STM32/F/F103/vl53l1x_f103/Ada_Drivers_Library/embedded-runtimes/ravenscar-stm32f103bluepill/ssfp/adalib/libgnarl.a(a-reatim.o)
                0x0000000008009bb0                ada__real_time__Osubtract__4
 .text.ada__real_time__clock
                0x0000000008009bec       0x14 /media/16T/ada/STM32/F/F103/vl53l1x_f103/Ada_Drivers_Library/embedded-runtimes/ravenscar-stm32f103bluepill/ssfp/adalib/libgnarl.a(a-reatim.o)
                0x0000000008009bec                ada__real_time__clock
 .text.ada__real_time__microseconds
                0x0000000008009c00       0x48 /media/16T/ada/STM32/F/F103/vl53l1x_f103/Ada_Drivers_Library/embedded-runtimes/ravenscar-stm32f103bluepill/ssfp/adalib/libgnarl.a(a-reatim.o)
                0x0000000008009c00                ada__real_time__microseconds
 .text.ada__real_time__milliseconds
                0x0000000008009c48       0x48 /media/16T/ada/STM32/F/F103/vl53l1x_f103/Ada_Drivers_Library/embedded-runtimes/ravenscar-stm32f103bluepill/ssfp/adalib/libgnarl.a(a-reatim.o)
                0x0000000008009c48                ada__real_time__milliseconds
 .text.ada__real_time__rounded_div
                0x0000000008009c90       0xb8 /media/16T/ada/STM32/F/F103/vl53l1x_f103/Ada_Drivers_Library/embedded-runtimes/ravenscar-stm32f103bluepill/ssfp/adalib/libgnarl.a(a-reatim.o)
                0x0000000008009c90                ada__real_time__rounded_div
 .text.ada__real_time___elabb
                0x0000000008009d48        0xc /media/16T/ada/STM32/F/F103/vl53l1x_f103/Ada_Drivers_Library/embedded-runtimes/ravenscar-stm32f103bluepill/ssfp/adalib/libgnarl.a(a-reatim.o)
                0x0000000008009d48                ada__real_time___elabb
 .text.ada__real_time__delays__delay_until
                0x0000000008009d54       0x40 /media/16T/ada/STM32/F/F103/vl53l1x_f103/Ada_Drivers_Library/embedded-runtimes/ravenscar-stm32f103bluepill/ssfp/adalib/libgnarl.a(a-retide.o)
                0x0000000008009d54                ada__real_time__delays__delay_until
 .text.system__task_primitives__operations__self
                0x0000000008009d94       0x10 /media/16T/ada/STM32/F/F103/vl53l1x_f103/Ada_Drivers_Library/embedded-runtimes/ravenscar-stm32f103bluepill/ssfp/adalib/libgnarl.a(s-taprop.o)
                0x0000000008009d94                system__task_primitives__operations(short,...)(long, float)
 .text.system__task_primitives__operations__delay_until
                0x0000000008009da4       0x40 /media/16T/ada/STM32/F/F103/vl53l1x_f103/Ada_Drivers_Library/embedded-runtimes/ravenscar-stm32f103bluepill/ssfp/adalib/libgnarl.a(s-taprop.o)
                0x0000000008009da4                system__task_primitives__operations__delay_until
 .text.system__task_primitives__operations__monotonic_clock
                0x0000000008009de4       0x14 /media/16T/ada/STM32/F/F103/vl53l1x_f103/Ada_Drivers_Library/embedded-runtimes/ravenscar-stm32f103bluepill/ssfp/adalib/libgnarl.a(s-taprop.o)
                0x0000000008009de4                system__task_primitives__operations__monotonic_clock
 .text.system__task_primitives__operations__enter_task
                0x0000000008009df8       0x48 /media/16T/ada/STM32/F/F103/vl53l1x_f103/Ada_Drivers_Library/embedded-runtimes/ravenscar-stm32f103bluepill/ssfp/adalib/libgnarl.a(s-taprop.o)
                0x0000000008009df8                system__task_primitives__operations__enter_task
 .text.system__task_primitives__operations__idle
                0x0000000008009e40       0x1c /media/16T/ada/STM32/F/F103/vl53l1x_f103/Ada_Drivers_Library/embedded-runtimes/ravenscar-stm32f103bluepill/ssfp/adalib/libgnarl.a(s-taprop.o)
                0x0000000008009e40                system__task_primitives__operations(int, double, long,...)
 .text.system__task_primitives__operations__initialize_tcb
                0x0000000008009e5c       0x1c /media/16T/ada/STM32/F/F103/vl53l1x_f103/Ada_Drivers_Library/embedded-runtimes/ravenscar-stm32f103bluepill/ssfp/adalib/libgnarl.a(s-taprop.o)
                0x0000000008009e5c                system__task_primitives__operations__initialize_tcb
 .text.system__task_primitives__operations__create_task
                0x0000000008009e78       0x98 /media/16T/ada/STM32/F/F103/vl53l1x_f103/Ada_Drivers_Library/embedded-runtimes/ravenscar-stm32f103bluepill/ssfp/adalib/libgnarl.a(s-taprop.o)
                0x0000000008009e78                system__task_primitives__operations__create_task
 .text.system__task_primitives__operations__initialize
                0x0000000008009f10      0x134 /media/16T/ada/STM32/F/F103/vl53l1x_f103/Ada_Drivers_Library/embedded-runtimes/ravenscar-stm32f103bluepill/ssfp/adalib/libgnarl.a(s-taprop.o)
                0x0000000008009f10                system__task_primitives__operations__initialize
 .text.system__task_primitives__operations__initialize_idle
                0x000000000800a044       0xd0 /media/16T/ada/STM32/F/F103/vl53l1x_f103/Ada_Drivers_Library/embedded-runtimes/ravenscar-stm32f103bluepill/ssfp/adalib/libgnarl.a(s-taprop.o)
                0x000000000800a044                system__task_primitives__operations__initialize_idle
 .text.system__tasking__debug__add_task_id
                0x000000000800a114       0x4c /media/16T/ada/STM32/F/F103/vl53l1x_f103/Ada_Drivers_Library/embedded-runtimes/ravenscar-stm32f103bluepill/ssfp/adalib/libgnarl.a(s-tasdeb.o)
                0x000000000800a114                system__tasking__debug__add_task_id
 .text.__gnat_get_secondary_stack
                0x000000000800a160       0x24 /media/16T/ada/STM32/F/F103/vl53l1x_f103/Ada_Drivers_Library/embedded-runtimes/ravenscar-stm32f103bluepill/ssfp/adalib/libgnarl.a(s-taskin.o)
                0x000000000800a160                __gnat_get_secondary_stack
 .text.system__tasking__initialize_atcb
                0x000000000800a184      0x104 /media/16T/ada/STM32/F/F103/vl53l1x_f103/Ada_Drivers_Library/embedded-runtimes/ravenscar-stm32f103bluepill/ssfp/adalib/libgnarl.a(s-taskin.o)
                0x000000000800a184                system__tasking__initialize_atcb
 .text.system__tasking__initialize
                0x000000000800a288      0x234 /media/16T/ada/STM32/F/F103/vl53l1x_f103/Ada_Drivers_Library/embedded-runtimes/ravenscar-stm32f103bluepill/ssfp/adalib/libgnarl.a(s-taskin.o)
                0x000000000800a288                system__tasking__initialize
 .text.system__tasking__self
                0x000000000800a4bc       0x10 /media/16T/ada/STM32/F/F103/vl53l1x_f103/Ada_Drivers_Library/embedded-runtimes/ravenscar-stm32f103bluepill/ssfp/adalib/libgnarl.a(s-taskin.o)
                0x000000000800a4bc                system__tasking(short,...)(long, float)
 .text.system__bb__board_support__time__max_timer_interval
                0x000000000800a4cc       0x14 /media/16T/ada/STM32/F/F103/vl53l1x_f103/Ada_Drivers_Library/embedded-runtimes/ravenscar-stm32f103bluepill/ssfp/adalib/libgnarl.a(s-bbbosu.o)
                0x000000000800a4cc                system__bb__board_support__time__max_timer_interval
 .text.system__bb__board_support__time__read_clock
                0x000000000800a4e0       0x74 /media/16T/ada/STM32/F/F103/vl53l1x_f103/Ada_Drivers_Library/embedded-runtimes/ravenscar-stm32f103bluepill/ssfp/adalib/libgnarl.a(s-bbbosu.o)
                0x000000000800a4e0                system__bb__board_support__time__read_clock
 .text.system__bb__board_support__time__clear_alarm_interrupt
                0x000000000800a554       0x18 /media/16T/ada/STM32/F/F103/vl53l1x_f103/Ada_Drivers_Library/embedded-runtimes/ravenscar-stm32f103bluepill/ssfp/adalib/libgnarl.a(s-bbbosu.o)
                0x000000000800a554                system__bb__board_support__time__clear_alarm_interrupt
 .text.system__bb__board_support__time__set_alarm
                0x000000000800a56c       0x58 /media/16T/ada/STM32/F/F103/vl53l1x_f103/Ada_Drivers_Library/embedded-runtimes/ravenscar-stm32f103bluepill/ssfp/adalib/libgnarl.a(s-bbbosu.o)
                0x000000000800a56c                system__bb__board_support__time__set_alarm
 .text.system__bb__board_support__time__install_alarm_handler
                0x000000000800a5c4       0x30 /media/16T/ada/STM32/F/F103/vl53l1x_f103/Ada_Drivers_Library/embedded-runtimes/ravenscar-stm32f103bluepill/ssfp/adalib/libgnarl.a(s-bbbosu.o)
                0x000000000800a5c4                system__bb__board_support__time__install_alarm_handler
 .text.system__bb__board_support__multiprocessors__current_cpu
                0x000000000800a5f4       0x10 /media/16T/ada/STM32/F/F103/vl53l1x_f103/Ada_Drivers_Library/embedded-runtimes/ravenscar-stm32f103bluepill/ssfp/adalib/libgnarl.a(s-bbbosu.o)
                0x000000000800a5f4                system__bb__board_support__multiprocessors__current_cpu
 .text.system__bb__board_support__interrupts__install_interrupt_handler
                0x000000000800a604       0x64 /media/16T/ada/STM32/F/F103/vl53l1x_f103/Ada_Drivers_Library/embedded-runtimes/ravenscar-stm32f103bluepill/ssfp/adalib/libgnarl.a(s-bbbosu.o)
                0x000000000800a604                system__bb__board_support__interrupts__install_interrupt_handler
 .text.system__bb__board_support__interrupts__priority_of_interrupt
                0x000000000800a668       0x4c /media/16T/ada/STM32/F/F103/vl53l1x_f103/Ada_Drivers_Library/embedded-runtimes/ravenscar-stm32f103bluepill/ssfp/adalib/libgnarl.a(s-bbbosu.o)
                0x000000000800a668                system__bb__board_support__interrupts__priority_of_interrupt
 .text.system__bb__board_support__interrupts__power_down
                0x000000000800a6b4        0xc /media/16T/ada/STM32/F/F103/vl53l1x_f103/Ada_Drivers_Library/embedded-runtimes/ravenscar-stm32f103bluepill/ssfp/adalib/libgnarl.a(s-bbbosu.o)
                0x000000000800a6b4                system__bb__board_support__interrupts__power_down
 .text.system__bb__board_support__interrupts__set_current_priority
                0x000000000800a6c0       0x1c /media/16T/ada/STM32/F/F103/vl53l1x_f103/Ada_Drivers_Library/embedded-runtimes/ravenscar-stm32f103bluepill/ssfp/adalib/libgnarl.a(s-bbbosu.o)
                0x000000000800a6c0                system__bb__board_support__interrupts__set_current_priority
 .text.system__bb__board_support__initialize_board
                0x000000000800a6dc       0x6c /media/16T/ada/STM32/F/F103/vl53l1x_f103/Ada_Drivers_Library/embedded-runtimes/ravenscar-stm32f103bluepill/ssfp/adalib/libgnarl.a(s-bbbosu.o)
                0x000000000800a6dc                system__bb__board_support__initialize_board
 .text.system__bb__board_support__timer_interrupt_handler
                0x000000000800a748       0x10 /media/16T/ada/STM32/F/F103/vl53l1x_f103/Ada_Drivers_Library/embedded-runtimes/ravenscar-stm32f103bluepill/ssfp/adalib/libgnarl.a(s-bbbosu.o)
                0x000000000800a748                system__bb__board_support__timer_interrupt_handler
 .text.system__bb__board_support__interrupt_handler
                0x000000000800a758       0x4c /media/16T/ada/STM32/F/F103/vl53l1x_f103/Ada_Drivers_Library/embedded-runtimes/ravenscar-stm32f103bluepill/ssfp/adalib/libgnarl.a(s-bbbosu.o)
                0x000000000800a758                system__bb__board_support__interrupt_handler
 .text.system__bb__board_support__enable_interrupt_request
                0x000000000800a7a4       0xa4 /media/16T/ada/STM32/F/F103/vl53l1x_f103/Ada_Drivers_Library/embedded-runtimes/ravenscar-stm32f103bluepill/ssfp/adalib/libgnarl.a(s-bbbosu.o)
                0x000000000800a7a4                system__bb__board_support__enable_interrupt_request
 .text.system__bb__board_support__to_pri
                0x000000000800a848       0x44 /media/16T/ada/STM32/F/F103/vl53l1x_f103/Ada_Drivers_Library/embedded-runtimes/ravenscar-stm32f103bluepill/ssfp/adalib/libgnarl.a(s-bbbosu.o)
                0x000000000800a848                system__bb__board_support__to_pri
 .text.system__bb__board_support__to_priority
                0x000000000800a88c       0x38 /media/16T/ada/STM32/F/F103/vl53l1x_f103/Ada_Drivers_Library/embedded-runtimes/ravenscar-stm32f103bluepill/ssfp/adalib/libgnarl.a(s-bbbosu.o)
                0x000000000800a88c                system__bb__board_support__to_priority
 .text.system__bb__cpu_primitives__initialize_cpu
                0x000000000800a8c4       0x94 /media/16T/ada/STM32/F/F103/vl53l1x_f103/Ada_Drivers_Library/embedded-runtimes/ravenscar-stm32f103bluepill/ssfp/adalib/libgnarl.a(s-bbcppr.o)
                0x000000000800a8c4                system__bb__cpu_primitives__initialize_cpu
 .text.system__bb__cpu_primitives__context_switch
                0x000000000800a958        0xc /media/16T/ada/STM32/F/F103/vl53l1x_f103/Ada_Drivers_Library/embedded-runtimes/ravenscar-stm32f103bluepill/ssfp/adalib/libgnarl.a(s-bbcppr.o)
                0x000000000800a958                system__bb__cpu_primitives__context_switch
 .text.system__bb__cpu_primitives__gnat_error_handler
                0x000000000800a964      0xc2c /media/16T/ada/STM32/F/F103/vl53l1x_f103/Ada_Drivers_Library/embedded-runtimes/ravenscar-stm32f103bluepill/ssfp/adalib/libgnarl.a(s-bbcppr.o)
                0x000000000800a964                system__bb__cpu_primitives__gnat_error_handler
 .text.__gnat_irq_trap
                0x000000000800b590       0x54 /media/16T/ada/STM32/F/F103/vl53l1x_f103/Ada_Drivers_Library/embedded-runtimes/ravenscar-stm32f103bluepill/ssfp/adalib/libgnarl.a(s-bbcppr.o)
                0x000000000800b590                __gnat_irq_trap
 .text.__gnat_sv_call_trap
                0x000000000800b5e4        0xc /media/16T/ada/STM32/F/F103/vl53l1x_f103/Ada_Drivers_Library/embedded-runtimes/ravenscar-stm32f103bluepill/ssfp/adalib/libgnarl.a(s-bbcppr.o)
                0x000000000800b5e4                __gnat_sv_call_trap
 .text.__gnat_sys_tick_trap
                0x000000000800b5f0       0x9c /media/16T/ada/STM32/F/F103/vl53l1x_f103/Ada_Drivers_Library/embedded-runtimes/ravenscar-stm32f103bluepill/ssfp/adalib/libgnarl.a(s-bbcppr.o)
                0x000000000800b5f0                __gnat_sys_tick_trap
 .text.system__bb__cpu_primitives__initialize_context
                0x000000000800b68c       0x7c /media/16T/ada/STM32/F/F103/vl53l1x_f103/Ada_Drivers_Library/embedded-runtimes/ravenscar-stm32f103bluepill/ssfp/adalib/libgnarl.a(s-bbcppr.o)
                0x000000000800b68c                system__bb__cpu_primitives__initialize_context
 .text.system__bb__cpu_primitives__install_trap_handler
                0x000000000800b708       0x3c /media/16T/ada/STM32/F/F103/vl53l1x_f103/Ada_Drivers_Library/embedded-runtimes/ravenscar-stm32f103bluepill/ssfp/adalib/libgnarl.a(s-bbcppr.o)
                0x000000000800b708                system__bb__cpu_primitives__install_trap_handler
 .text.system__bb__cpu_primitives__disable_interrupts
                0x000000000800b744        0xc /media/16T/ada/STM32/F/F103/vl53l1x_f103/Ada_Drivers_Library/embedded-runtimes/ravenscar-stm32f103bluepill/ssfp/adalib/libgnarl.a(s-bbcppr.o)
                0x000000000800b744                system__bb__cpu_primitives__disable_interrupts
 .text.system__bb__cpu_primitives__enable_interrupts
                0x000000000800b750       0x20 /media/16T/ada/STM32/F/F103/vl53l1x_f103/Ada_Drivers_Library/embedded-runtimes/ravenscar-stm32f103bluepill/ssfp/adalib/libgnarl.a(s-bbcppr.o)
                0x000000000800b750                system__bb__cpu_primitives__enable_interrupts
 .text.system__bb__interrupts__attach_handler
                0x000000000800b770       0x44 /media/16T/ada/STM32/F/F103/vl53l1x_f103/Ada_Drivers_Library/embedded-runtimes/ravenscar-stm32f103bluepill/ssfp/adalib/libgnarl.a(s-bbinte.o)
                0x000000000800b770                system__bb__interrupts__attach_handler
 .text.system__bb__interrupts__interrupt_wrapper
                0x000000000800b7b4      0x13c /media/16T/ada/STM32/F/F103/vl53l1x_f103/Ada_Drivers_Library/embedded-runtimes/ravenscar-stm32f103bluepill/ssfp/adalib/libgnarl.a(s-bbinte.o)
                0x000000000800b7b4                system__bb__interrupts__interrupt_wrapper
 .text.system__bb__interrupts__initialize_interrupts
                0x000000000800b8f0       0x54 /media/16T/ada/STM32/F/F103/vl53l1x_f103/Ada_Drivers_Library/embedded-runtimes/ravenscar-stm32f103bluepill/ssfp/adalib/libgnarl.a(s-bbinte.o)
                0x000000000800b8f0                system__bb__interrupts__initialize_interrupts
 .text.system__bb__threads__queues__change_priority
                0x000000000800b944      0x244 /media/16T/ada/STM32/F/F103/vl53l1x_f103/Ada_Drivers_Library/embedded-runtimes/ravenscar-stm32f103bluepill/ssfp/adalib/libgnarl.a(s-bbthqu.o)
                0x000000000800b944                system__bb__threads__queues__change_priority
 .text.__gnat_context_switch_needed
                0x000000000800bb88       0x20 /media/16T/ada/STM32/F/F103/vl53l1x_f103/Ada_Drivers_Library/embedded-runtimes/ravenscar-stm32f103bluepill/ssfp/adalib/libgnarl.a(s-bbthqu.o)
                0x000000000800bb88                __gnat_context_switch_needed
 .text.system__bb__threads__queues__extract
                0x000000000800bba8       0x68 /media/16T/ada/STM32/F/F103/vl53l1x_f103/Ada_Drivers_Library/embedded-runtimes/ravenscar-stm32f103bluepill/ssfp/adalib/libgnarl.a(s-bbthqu.o)
                0x000000000800bba8                system__bb__threads__queues__extract
 .text.system__bb__threads__queues__extract_first_alarm
                0x000000000800bc10       0x7c /media/16T/ada/STM32/F/F103/vl53l1x_f103/Ada_Drivers_Library/embedded-runtimes/ravenscar-stm32f103bluepill/ssfp/adalib/libgnarl.a(s-bbthqu.o)
                0x000000000800bc10                system__bb__threads__queues__extract_first_alarm
 .text.system__bb__threads__queues__first_thread
                0x000000000800bc8c       0x20 /media/16T/ada/STM32/F/F103/vl53l1x_f103/Ada_Drivers_Library/embedded-runtimes/ravenscar-stm32f103bluepill/ssfp/adalib/libgnarl.a(s-bbthqu.o)
                0x000000000800bc8c                system__bb__threads__queues__first_thread
 .text.system__bb__threads__queues__get_next_alarm_time
                0x000000000800bcac       0x4c /media/16T/ada/STM32/F/F103/vl53l1x_f103/Ada_Drivers_Library/embedded-runtimes/ravenscar-stm32f103bluepill/ssfp/adalib/libgnarl.a(s-bbthqu.o)
                0x000000000800bcac                system__bb__threads__queues__get_next_alarm_time
 .text.system__bb__threads__queues__insert
                0x000000000800bcf8      0x2a0 /media/16T/ada/STM32/F/F103/vl53l1x_f103/Ada_Drivers_Library/embedded-runtimes/ravenscar-stm32f103bluepill/ssfp/adalib/libgnarl.a(s-bbthqu.o)
                0x000000000800bcf8                system__bb__threads__queues__insert
 .text.system__bb__threads__queues__insert_alarm
                0x000000000800bf98      0x1b4 /media/16T/ada/STM32/F/F103/vl53l1x_f103/Ada_Drivers_Library/embedded-runtimes/ravenscar-stm32f103bluepill/ssfp/adalib/libgnarl.a(s-bbthqu.o)
                0x000000000800bf98                system__bb__threads__queues__insert_alarm
 .text.system__bb__threads__queues__running_thread
                0x000000000800c14c       0x20 /media/16T/ada/STM32/F/F103/vl53l1x_f103/Ada_Drivers_Library/embedded-runtimes/ravenscar-stm32f103bluepill/ssfp/adalib/libgnarl.a(s-bbthqu.o)
                0x000000000800c14c                system__bb__threads__queues__running_thread
 .text.system__bb__threads__queues__wakeup_expired_alarms
                0x000000000800c16c       0x60 /media/16T/ada/STM32/F/F103/vl53l1x_f103/Ada_Drivers_Library/embedded-runtimes/ravenscar-stm32f103bluepill/ssfp/adalib/libgnarl.a(s-bbthqu.o)
                0x000000000800c16c                system__bb__threads__queues__wakeup_expired_alarms
 .text.system__bb__threads__queues__yield
                0x000000000800c1cc      0x190 /media/16T/ada/STM32/F/F103/vl53l1x_f103/Ada_Drivers_Library/embedded-runtimes/ravenscar-stm32f103bluepill/ssfp/adalib/libgnarl.a(s-bbthqu.o)
                0x000000000800c1cc                system__bb__threads__queues__yield
 .text.system__bb__threads__get_cpu
                0x000000000800c35c       0x54 /media/16T/ada/STM32/F/F103/vl53l1x_f103/Ada_Drivers_Library/embedded-runtimes/ravenscar-stm32f103bluepill/ssfp/adalib/libgnarl.a(s-bbthre.o)
                0x000000000800c35c                system__bb__threads__get_cpu
 .text.system__bb__threads__get_atcb
                0x000000000800c3b0       0x24 /media/16T/ada/STM32/F/F103/vl53l1x_f103/Ada_Drivers_Library/embedded-runtimes/ravenscar-stm32f103bluepill/ssfp/adalib/libgnarl.a(s-bbthre.o)
                0x000000000800c3b0                system__bb__threads__get_atcb
 .text.system__bb__threads__get_priority
                0x000000000800c3d4       0x28 /media/16T/ada/STM32/F/F103/vl53l1x_f103/Ada_Drivers_Library/embedded-runtimes/ravenscar-stm32f103bluepill/ssfp/adalib/libgnarl.a(s-bbthre.o)
                0x000000000800c3d4                system__bb__threads__get_priority
 .text.system__bb__threads__initialize_thread
                0x000000000800c3fc      0x164 /media/16T/ada/STM32/F/F103/vl53l1x_f103/Ada_Drivers_Library/embedded-runtimes/ravenscar-stm32f103bluepill/ssfp/adalib/libgnarl.a(s-bbthre.o)
 .text.system__bb__threads__initialize
                0x000000000800c560       0x88 /media/16T/ada/STM32/F/F103/vl53l1x_f103/Ada_Drivers_Library/embedded-runtimes/ravenscar-stm32f103bluepill/ssfp/adalib/libgnarl.a(s-bbthre.o)
                0x000000000800c560                system__bb__threads__initialize
 .text.system__bb__threads__set_atcb
                0x000000000800c5e8       0x2c /media/16T/ada/STM32/F/F103/vl53l1x_f103/Ada_Drivers_Library/embedded-runtimes/ravenscar-stm32f103bluepill/ssfp/adalib/libgnarl.a(s-bbthre.o)
                0x000000000800c5e8                system__bb__threads__set_atcb
 .text.system__bb__threads__set_priority
                0x000000000800c614       0x24 /media/16T/ada/STM32/F/F103/vl53l1x_f103/Ada_Drivers_Library/embedded-runtimes/ravenscar-stm32f103bluepill/ssfp/adalib/libgnarl.a(s-bbthre.o)
                0x000000000800c614                system__bb__threads__set_priority
 .text.system__bb__threads__thread_create
                0x000000000800c638       0x50 /media/16T/ada/STM32/F/F103/vl53l1x_f103/Ada_Drivers_Library/embedded-runtimes/ravenscar-stm32f103bluepill/ssfp/adalib/libgnarl.a(s-bbthre.o)
                0x000000000800c638                system__bb__threads__thread_create
 .text.system__bb__threads__thread_self
                0x000000000800c688       0x10 /media/16T/ada/STM32/F/F103/vl53l1x_f103/Ada_Drivers_Library/embedded-runtimes/ravenscar-stm32f103bluepill/ssfp/adalib/libgnarl.a(s-bbthre.o)
                0x000000000800c688                system__bb__threads__thread_self
 .text.system__bb__time__alarm_handler
                0x000000000800c698       0x90 /media/16T/ada/STM32/F/F103/vl53l1x_f103/Ada_Drivers_Library/embedded-runtimes/ravenscar-stm32f103bluepill/ssfp/adalib/libgnarl.a(s-bbtime.o)
 .text.system__bb__time__clock
                0x000000000800c728       0xac /media/16T/ada/STM32/F/F103/vl53l1x_f103/Ada_Drivers_Library/embedded-runtimes/ravenscar-stm32f103bluepill/ssfp/adalib/libgnarl.a(s-bbtime.o)
                0x000000000800c728                system__bb__time__clock
 .text.system__bb__time__delay_until
                0x000000000800c7d4       0x90 /media/16T/ada/STM32/F/F103/vl53l1x_f103/Ada_Drivers_Library/embedded-runtimes/ravenscar-stm32f103bluepill/ssfp/adalib/libgnarl.a(s-bbtime.o)
                0x000000000800c7d4                system__bb__time__delay_until
 .text.system__bb__time__get_next_timeout
                0x000000000800c864       0x48 /media/16T/ada/STM32/F/F103/vl53l1x_f103/Ada_Drivers_Library/embedded-runtimes/ravenscar-stm32f103bluepill/ssfp/adalib/libgnarl.a(s-bbtime.o)
                0x000000000800c864                system__bb__time__get_next_timeout
 .text.system__bb__time__initialize_timers
                0x000000000800c8ac       0x98 /media/16T/ada/STM32/F/F103/vl53l1x_f103/Ada_Drivers_Library/embedded-runtimes/ravenscar-stm32f103bluepill/ssfp/adalib/libgnarl.a(s-bbtime.o)
                0x000000000800c8ac                system__bb__time__initialize_timers
 .text.system__bb__time__update_alarm
                0x000000000800c944       0xb0 /media/16T/ada/STM32/F/F103/vl53l1x_f103/Ada_Drivers_Library/embedded-runtimes/ravenscar-stm32f103bluepill/ssfp/adalib/libgnarl.a(s-bbtime.o)
                0x000000000800c944                system__bb__time__update_alarm
 .text.system__bb__time__update_clock
                0x000000000800c9f4       0x88 /media/16T/ada/STM32/F/F103/vl53l1x_f103/Ada_Drivers_Library/embedded-runtimes/ravenscar-stm32f103bluepill/ssfp/adalib/libgnarl.a(s-bbtime.o)
 .text.system__bb__time__Oconcat
                0x000000000800ca7c       0x54 /media/16T/ada/STM32/F/F103/vl53l1x_f103/Ada_Drivers_Library/embedded-runtimes/ravenscar-stm32f103bluepill/ssfp/adalib/libgnarl.a(s-bbtime.o)
                0x000000000800ca7c                system__bb__time__Oconcat
 .text.system__bb__cpu_primitives__context_switch_trigger__initialize_context_switch
                0x000000000800cad0        0xc /media/16T/ada/STM32/F/F103/vl53l1x_f103/Ada_Drivers_Library/embedded-runtimes/ravenscar-stm32f103bluepill/ssfp/adalib/libgnarl.a(s-bcpcst.o)
                0x000000000800cad0                system__bb__cpu_primitives__context_switch_trigger__initialize_context_switch
 .text.system__bb__cpu_primitives__context_switch_trigger__trigger_context_switch
                0x000000000800cadc       0x18 /media/16T/ada/STM32/F/F103/vl53l1x_f103/Ada_Drivers_Library/embedded-runtimes/ravenscar-stm32f103bluepill/ssfp/adalib/libgnarl.a(s-bcpcst.o)
                0x000000000800cadc                system__bb__cpu_primitives__context_switch_trigger__trigger_context_switch
 .text.__gnat_pend_sv_trap
                0x000000000800caf4       0x24 /media/16T/ada/STM32/F/F103/vl53l1x_f103/Ada_Drivers_Library/embedded-runtimes/ravenscar-stm32f103bluepill/ssfp/adalib/libgnarl.a(s-bcpcst.o)
                0x000000000800caf4                __gnat_pend_sv_trap
 .text.system__bb__protection__enter_kernel
                0x000000000800cb18        0xc /media/16T/ada/STM32/F/F103/vl53l1x_f103/Ada_Drivers_Library/embedded-runtimes/ravenscar-stm32f103bluepill/ssfp/adalib/libgnarl.a(s-bbprot.o)
                0x000000000800cb18                system__bb__protection__enter_kernel
 .text.system__bb__protection__leave_kernel
                0x000000000800cb24       0x54 /media/16T/ada/STM32/F/F103/vl53l1x_f103/Ada_Drivers_Library/embedded-runtimes/ravenscar-stm32f103bluepill/ssfp/adalib/libgnarl.a(s-bbprot.o)
                0x000000000800cb24                system__bb__protection__leave_kernel
 .text.system__bb__timing_events__execute_expired_timing_events
                0x000000000800cb78       0xd0 /media/16T/ada/STM32/F/F103/vl53l1x_f103/Ada_Drivers_Library/embedded-runtimes/ravenscar-stm32f103bluepill/ssfp/adalib/libgnarl.a(s-bbtiev.o)
                0x000000000800cb78                system__bb__timing_events__execute_expired_timing_events
 .text.system__bb__timing_events__get_next_timeout
                0x000000000800cc48       0x48 /media/16T/ada/STM32/F/F103/vl53l1x_f103/Ada_Drivers_Library/embedded-runtimes/ravenscar-stm32f103bluepill/ssfp/adalib/libgnarl.a(s-bbtiev.o)
                0x000000000800cc48                system__bb__timing_events__get_next_timeout
 .text.system__bb__timing_events__extract
                0x000000000800cc90       0xb8 /media/16T/ada/STM32/F/F103/vl53l1x_f103/Ada_Drivers_Library/embedded-runtimes/ravenscar-stm32f103bluepill/ssfp/adalib/libgnarl.a(s-bbtiev.o)
 .text.ada__text_io__new_line
                0x000000000800cd48       0x1c /media/16T/ada/STM32/F/F103/vl53l1x_f103/Ada_Drivers_Library/embedded-runtimes/ravenscar-stm32f103bluepill/ssfp/adalib/libgnat.a(a-textio.o)
                0x000000000800cd48                ada__text_io__new_line
 .text.ada__text_io__put
                0x000000000800cd64       0x28 /media/16T/ada/STM32/F/F103/vl53l1x_f103/Ada_Drivers_Library/embedded-runtimes/ravenscar-stm32f103bluepill/ssfp/adalib/libgnat.a(a-textio.o)
                0x000000000800cd64                ada__text_io__put
 .text.ada__text_io__put__2
                0x000000000800cd8c       0x48 /media/16T/ada/STM32/F/F103/vl53l1x_f103/Ada_Drivers_Library/embedded-runtimes/ravenscar-stm32f103bluepill/ssfp/adalib/libgnat.a(a-textio.o)
                0x000000000800cd8c                ada__text_io__put__2
 .text.ada__text_io__put_line
                0x000000000800cdd4       0x1c /media/16T/ada/STM32/F/F103/vl53l1x_f103/Ada_Drivers_Library/embedded-runtimes/ravenscar-stm32f103bluepill/ssfp/adalib/libgnat.a(a-textio.o)
                0x000000000800cdd4                ada__text_io__put_line
 .text.ada__text_io___elabb
                0x000000000800cdf0       0x1c /media/16T/ada/STM32/F/F103/vl53l1x_f103/Ada_Drivers_Library/embedded-runtimes/ravenscar-stm32f103bluepill/ssfp/adalib/libgnat.a(a-textio.o)
                0x000000000800cdf0                ada__text_io___elabb
 *fill*         0x000000000800ce0c      0x1f4 
 .text          0x000000000800d000      0x148 /media/16T/ada/STM32/F/F103/vl53l1x_f103/Ada_Drivers_Library/embedded-runtimes/ravenscar-stm32f103bluepill/ssfp/adalib/libgnat.a(handler.o)
                0x000000000800d000                __vectors
 .text.system__assertions__raise_assert_failure
                0x000000000800d148      0x15c /media/16T/ada/STM32/F/F103/vl53l1x_f103/Ada_Drivers_Library/embedded-runtimes/ravenscar-stm32f103bluepill/ssfp/adalib/libgnat.a(s-assert.o)
                0x000000000800d148                system__assertions__raise_assert_failure
 .text.system__img_uns__image_unsigned
                0x000000000800d2a4       0x58 /media/16T/ada/STM32/F/F103/vl53l1x_f103/Ada_Drivers_Library/embedded-runtimes/ravenscar-stm32f103bluepill/ssfp/adalib/libgnat.a(s-imguns.o)
                0x000000000800d2a4                system__img_uns__image_unsigned
 .text.system__img_uns__set_image_unsigned
                0x000000000800d2fc       0xe0 /media/16T/ada/STM32/F/F103/vl53l1x_f103/Ada_Drivers_Library/embedded-runtimes/ravenscar-stm32f103bluepill/ssfp/adalib/libgnat.a(s-imguns.o)
                0x000000000800d2fc                system__img_uns__set_image_unsigned
 .text.memcpy   0x000000000800d3dc       0xb4 /media/16T/ada/STM32/F/F103/vl53l1x_f103/Ada_Drivers_Library/embedded-runtimes/ravenscar-stm32f103bluepill/ssfp/adalib/libgnat.a(s-memcop.o)
                0x000000000800d3dc                memcpy
 .text.memset   0x000000000800d490       0x9c /media/16T/ada/STM32/F/F103/vl53l1x_f103/Ada_Drivers_Library/embedded-runtimes/ravenscar-stm32f103bluepill/ssfp/adalib/libgnat.a(s-memset.o)
                0x000000000800d490                memset
 .text.system__parameters__adjust_storage_size
                0x000000000800d52c       0x24 /media/16T/ada/STM32/F/F103/vl53l1x_f103/Ada_Drivers_Library/embedded-runtimes/ravenscar-stm32f103bluepill/ssfp/adalib/libgnat.a(s-parame.o)
                0x000000000800d52c                system__parameters__adjust_storage_size
 .text.system__secondary_stack__ss_stackIP
                0x000000000800d550       0x18 /media/16T/ada/STM32/F/F103/vl53l1x_f103/Ada_Drivers_Library/embedded-runtimes/ravenscar-stm32f103bluepill/ssfp/adalib/libgnat.a(s-secsta.o)
                0x000000000800d550                system__secondary_stack__ss_stackIP
 .text.system__secondary_stack__ss_allocate
                0x000000000800d568       0xe4 /media/16T/ada/STM32/F/F103/vl53l1x_f103/Ada_Drivers_Library/embedded-runtimes/ravenscar-stm32f103bluepill/ssfp/adalib/libgnat.a(s-secsta.o)
                0x000000000800d568                system__secondary_stack__ss_allocate
 .text.system__secondary_stack__ss_init
                0x000000000800d64c      0x1a0 /media/16T/ada/STM32/F/F103/vl53l1x_f103/Ada_Drivers_Library/embedded-runtimes/ravenscar-stm32f103bluepill/ssfp/adalib/libgnat.a(s-secsta.o)
                0x000000000800d64c                system__secondary_stack__ss_init
 .text.system__secondary_stack__ss_mark
                0x000000000800d7ec       0x24 /media/16T/ada/STM32/F/F103/vl53l1x_f103/Ada_Drivers_Library/embedded-runtimes/ravenscar-stm32f103bluepill/ssfp/adalib/libgnat.a(s-secsta.o)
                0x000000000800d7ec                system__secondary_stack__ss_mark
 .text.system__secondary_stack__ss_release
                0x000000000800d810       0x2c /media/16T/ada/STM32/F/F103/vl53l1x_f103/Ada_Drivers_Library/embedded-runtimes/ravenscar-stm32f103bluepill/ssfp/adalib/libgnat.a(s-secsta.o)
                0x000000000800d810                system__secondary_stack__ss_release
 .text.system__text_io__initialize